ARM Linker, 5.03 [Build 76] [MDK-ARM Professional]

==============================================================================

Section Cross References

    main.o(.text) refers to app_error.o(.text) for app_error_handler
    main.o(.text) refers to pstorage_raw.o(.text) for pstorage_sys_event_handler
    main.o(.text) refers to softdevice_handler.o(.text) for softdevice_handler_init
    main.o(.text) refers to app_timer.o(.text) for app_timer_init
    main.o(.text) refers to bootloader.o(.text) for bootloader_init
    main.o(.text) refers to app_scheduler.o(.text) for app_sched_init
    main.o(.text) refers to main.o(.constdata) for .constdata
    main.o(.text) refers to softdevice_handler_appsh.o(.text) for softdevice_evt_schedule
    main.o(.text) refers to main.o(.bss) for .bss
    main.o(.text) refers to app_timer_appsh.o(.text) for app_timer_evt_schedule
    arm_startup_nrf51.o(RESET) refers to arm_startup_nrf51.o(STACK) for __initial_sp
    arm_startup_nrf51.o(RESET) refers to arm_startup_nrf51.o(.text) for Reset_Handler
    arm_startup_nrf51.o(RESET) refers to app_uart.o(.text) for UART0_IRQHandler
    arm_startup_nrf51.o(RESET) refers to nrf_drv_gpiote.o(.text) for GPIOTE_IRQHandler
    arm_startup_nrf51.o(RESET) refers to app_timer.o(.text) for RTC1_IRQHandler
    arm_startup_nrf51.o(RESET) refers to softdevice_handler.o(.text) for SWI2_IRQHandler
    arm_startup_nrf51.o(.text) refers to system_nrf51.o(.text) for SystemInit
    arm_startup_nrf51.o(.text) refers to entry.o(.ARM.Collect$$$$00000000) for __main
    system_nrf51.o(.text) refers to system_nrf51.o(.data) for .data
    ble_advdata.o(.text) refers to ble_advdata.o(.text) for uuid_list_sized_encode
    ble_advdata.o(.text) refers to ble_advdata.o(.text) for name_encode
    ble_advdata.o(.text) refers to ble_advdata.o(.text) for uint16_encode
    ble_advdata.o(.text) refers to ble_advdata.o(.text) for uuid_list_encode
    ble_advdata.o(.text) refers to ble_advdata.o(.text) for conn_int_encode
    ble_advdata.o(.text) refers to ble_advdata.o(.text) for manuf_specific_data_encode
    ble_advdata.o(.text) refers to ble_advdata.o(.text) for service_data_encode
    ble_advdata.o(.text) refers to ble_advdata.o(.text) for adv_data_encode
    ble_advdata.o(.text) refers to ble_advdata.o(.text) for uint16_encode
    ble_advdata.o(.text) refers to ble_advdata.o(.text) for uint16_encode
    ble_advdata.o(.text) refers to memcpya.o(.text) for __aeabi_memcpy
    ble_advdata.o(.text) refers to ble_advdata.o(.text) for uint16_encode
    ble_advdata.o(.text) refers to memcpya.o(.text) for __aeabi_memcpy
    ble_conn_params.o(.text) refers to ble_conn_params.o(.data) for .data
    ble_conn_params.o(.text) refers to ble_conn_params.o(.bss) for .bss
    ble_conn_params.o(.text) refers to memcpya.o(.text) for __aeabi_memcpy4
    ble_conn_params.o(.text) refers to app_timer.o(.text) for app_timer_create
    ble_conn_params.o(.text) refers to ble_conn_params.o(.bss) for .bss
    ble_conn_params.o(.text) refers to ble_conn_params.o(.data) for .data
    ble_conn_params.o(.text) refers to ble_conn_params.o(.text) for update_timeout_handler
    ble_conn_params.o(.text) refers to app_timer.o(.text) for app_timer_stop
    ble_conn_params.o(.text) refers to ble_conn_params.o(.data) for .data
    ble_conn_params.o(.text) refers to ble_conn_params.o(.text) for is_conn_params_ok
    ble_conn_params.o(.text) refers to app_timer.o(.text) for app_timer_start
    ble_conn_params.o(.text) refers to ble_conn_params.o(.data) for .data
    ble_conn_params.o(.text) refers to ble_conn_params.o(.bss) for .bss
    ble_conn_params.o(.text) refers to memcpya.o(.text) for __aeabi_memcpy
    ble_conn_params.o(.text) refers to ble_conn_params.o(.text) for conn_params_negotiation
    ble_conn_params.o(.text) refers to app_timer.o(.text) for app_timer_stop
    ble_conn_params.o(.text) refers to ble_conn_params.o(.data) for .data
    ble_conn_params.o(.text) refers to ble_conn_params.o(.bss) for .bss
    ble_conn_params.o(.text) refers to memcpya.o(.text) for __aeabi_memcpy
    ble_conn_params.o(.text) refers to ble_conn_params.o(.text) for is_conn_params_ok
    ble_conn_params.o(.text) refers to ble_conn_params.o(.data) for .data
    ble_conn_params.o(.text) refers to ble_conn_params.o(.bss) for .bss
    ble_conn_params.o(.text) refers to ble_conn_params.o(.data) for .data
    ble_srv_common.o(.text) refers to strlen.o(.text) for strlen
    ble_srv_common.o(.text) refers to ble_srv_common.o(i.__ARM_common_switch8) for __ARM_common_switch8
    ble_srv_common.o(.text) refers to ble_srv_common.o(.text) for set_security_req
    ble_srv_common.o(.text) refers to memseta.o(.text) for __aeabi_memclr4
    app_uart.o(.text) refers to ble_srv_common.o(i.__ARM_common_switch8) for __ARM_common_switch8
    app_uart.o(.text) refers to nrf_drv_gpiote.o(.text) for nrf_drv_gpiote_in_is_set
    app_uart.o(.text) refers to app_uart.o(.data) for .data
    app_uart.o(.text) refers to app_uart.o(.constdata) for .constdata
    app_uart.o(.text) refers to app_uart.o(.data) for .data
    app_uart.o(.text) refers to app_uart.o(.data) for .data
    nrf_delay.o(.text) refers to nrf_delay.o(.emb_text) for __asm___11_nrf_delay_c_532987f3__nrf_delay_us
    nrf_drv_gpiote.o(.text) refers to nrf_drv_common.o(.text) for nrf_drv_common_irq_enable
    nrf_drv_gpiote.o(.text) refers to nrf_drv_gpiote.o(.bss) for .bss
    nrf_drv_gpiote.o(.text) refers to nrf_drv_gpiote.o(.text) for pin_in_use_by_te
    nrf_drv_gpiote.o(.text) refers to nrf_drv_gpiote.o(.bss) for .bss
    nrf_drv_gpiote.o(.text) refers to nrf_drv_gpiote.o(.text) for nrf_drv_gpiote_in_uninit
    nrf_drv_gpiote.o(.text) refers to nrf_drv_gpiote.o(.text) for nrf_drv_gpiote_out_uninit
    nrf_drv_gpiote.o(.text) refers to nrf_drv_gpiote.o(.bss) for .bss
    nrf_drv_gpiote.o(.text) refers to nrf_drv_gpiote.o(.bss) for .bss
    nrf_drv_gpiote.o(.text) refers to nrf_drv_gpiote.o(.bss) for .bss
    nrf_drv_gpiote.o(.text) refers to nrf_drv_gpiote.o(.text) for channel_port_get
    nrf_drv_gpiote.o(.text) refers to nrf_drv_gpiote.o(.bss) for .bss
    nrf_drv_gpiote.o(.text) refers to nrf_drv_gpiote.o(.text) for channel_port_get
    nrf_drv_gpiote.o(.text) refers to nrf_drv_gpiote.o(.text) for channel_port_get
    pstorage_raw.o(.text) refers to uidiv.o(.text) for __aeabi_uidivmod
    pstorage_raw.o(.text) refers to pstorage_raw.o(.bss) for .bss
    pstorage_raw.o(.text) refers to pstorage_raw.o(.data) for .data
    app_scheduler.o(.text) refers to app_error.o(.text) for app_error_handler
    app_scheduler.o(.text) refers to memcpya.o(.text) for __aeabi_memcpy
    app_scheduler.o(.text) refers to app_scheduler.o(.data) for .data
    app_timer.o(.text) refers to app_timer.o(.emb_text) for __asm___11_app_timer_c_cd27f9c3__nrf_delay_us
    app_timer.o(.text) refers to app_error.o(.text) for app_error_handler
    app_timer.o(.text) refers to app_timer.o(.data) for .data
    app_timer.o(.text) refers to app_timer.o(.text) for user_id_get
    app_timer.o(.text) refers to app_timer.o(.data) for .data
    app_timer_appsh.o(.text) refers to app_error.o(.text) for app_error_handler
    app_timer_appsh.o(.text) refers to app_scheduler.o(.text) for app_sched_event_put
    bootloader.o(.text) refers to app_error.o(.text) for app_error_handler
    bootloader.o(.text) refers to app_scheduler.o(.text) for app_sched_execute
    bootloader.o(.text) refers to bootloader_settings.o(.text) for bootloader_util_settings_get
    bootloader.o(.text) refers to crc16.o(.text) for crc16_compute
    bootloader.o(.text) refers to pstorage_raw.o(.text) for pstorage_clear
    bootloader.o(.text) refers to dfu_transport_serial.o(.text) for dfu_transport_close
    bootloader.o(.text) refers to dfu_dual_bank.o(.text) for dfu_init
    bootloader.o(.text) refers to bootloader_util.o(.text) for bootloader_util_app_start
    bootloader.o(.text) refers to nrf_delay.o(.text) for nrf_delay_ms
    bootloader.o(.text) refers to memcpya.o(.text) for __aeabi_memcpy4
    bootloader.o(.text) refers to bootloader.o(.data) for .data
    bootloader.o(.text) refers to bootloader.o(.bss) for .bss
    bootloader.o(.text) refers to bootloader.o(.constdata) for .constdata
    bootloader.o(.constdata) refers to bootloader.o(.text) for pstorage_callback_handler
    bootloader_settings.o(.text) refers to uread4.o(.text) for __aeabi_uread4
    bootloader_settings.o(.text) refers to bootloader_settings.o(.ARM.__AT_0x0003FC00) for .ARM.__AT_0x0003FC00
    bootloader_settings.o(.text) refers to bootloader_settings.o(.bss) for .bss
    bootloader_util.o(.text) refers to bootloader_util.o(.emb_text) for __asm___17_bootloader_util_c_c13d365c__bootloader_util_reset
    dfu_dual_bank.o(.text) refers to app_error.o(.text) for app_error_handler
    dfu_dual_bank.o(.text) refers to bootloader.o(.text) for bootloader_dfu_update_process
    dfu_dual_bank.o(.text) refers to app_timer.o(.text) for app_timer_stop
    dfu_dual_bank.o(.text) refers to pstorage_raw.o(.text) for pstorage_clear
    dfu_dual_bank.o(.text) refers to memcpya.o(.text) for __aeabi_memcpy4
    dfu_dual_bank.o(.text) refers to memseta.o(.text) for __aeabi_memclr4
    dfu_dual_bank.o(.text) refers to dfu_init_template.o(.text) for dfu_init_prevalidate
    dfu_dual_bank.o(.text) refers to dfu_dual_bank.o(.data) for .data
    dfu_dual_bank.o(.text) refers to dfu_dual_bank.o(.bss) for .bss
    dfu_dual_bank.o(.text) refers to dfu_dual_bank.o(.constdata) for .constdata
    dfu_dual_bank.o(.text) refers to dfu_dual_bank.o(.bss) for .bss
    dfu_dual_bank.o(.text) refers to bootloader.o(.text) for bootloader_dfu_update_process
    dfu_dual_bank.o(.constdata) refers to dfu_dual_bank.o(.text) for pstorage_callback_handler
    dfu_init_template.o(.text) refers to memcpya.o(.text) for __aeabi_memcpy
    dfu_init_template.o(.text) refers to crc16.o(.text) for crc16_compute
    dfu_init_template.o(.text) refers to dfu_init_template.o(.data) for .data
    dfu_init_template.o(.text) refers to dfu_init_template.o(.bss) for .bss
    dfu_transport_serial.o(.text) refers to hci_transport.o(.text) for hci_transport_rx_pkt_consume
    dfu_transport_serial.o(.text) refers to app_error.o(.text) for app_error_handler
    dfu_transport_serial.o(.text) refers to dfu_dual_bank.o(.text) for dfu_data_pkt_handle
    dfu_transport_serial.o(.text) refers to app_scheduler.o(.text) for app_sched_event_put
    dfu_transport_serial.o(.text) refers to dfu_transport_serial.o(.bss) for .bss
    hci_mem_pool.o(.text) refers to hci_mem_pool.o(.data) for .data
    hci_mem_pool.o(.text) refers to hci_mem_pool.o(.bss) for .bss
    hci_mem_pool.o(.text) refers to hci_mem_pool.o(.data) for .data
    hci_mem_pool.o(.text) refers to hci_mem_pool.o(.bss) for .bss
    hci_mem_pool.o(.text) refers to hci_mem_pool.o(.data) for .data
    hci_slip.o(.text) refers to app_uart.o(.text) for app_uart_put
    hci_slip.o(.text) refers to hci_slip.o(.data) for .data
    hci_slip.o(.text) refers to hci_slip.o(.constdata) for .constdata
    hci_slip.o(.data) refers to hci_slip.o(.text) for handle_rx_byte_wait_start
    hci_transport.o(.text) refers to hci_slip.o(.text) for hci_slip_write
    hci_transport.o(.text) refers to crc16.o(.text) for crc16_compute
    hci_transport.o(.text) refers to hci_mem_pool.o(.text) for hci_mem_pool_rx_data_size_set
    hci_transport.o(.text) refers to app_error.o(.text) for app_error_handler
    hci_transport.o(.text) refers to app_timer.o(.text) for app_timer_stop
    hci_transport.o(.text) refers to hci_transport.o(.data) for .data
    hci_transport.o(.text) refers to hci_slip.o(.text) for hci_slip_evt_handler_register
    hci_transport.o(.text) refers to app_error.o(.text) for app_error_handler
    hci_transport.o(.text) refers to hci_transport.o(.data) for .data
    hci_transport.o(.text) refers to hci_transport.o(.text) for slip_event_handle
    hci_transport.o(.text) refers to hci_mem_pool.o(.text) for hci_mem_pool_tx_alloc
    hci_transport.o(.text) refers to hci_mem_pool.o(.text) for hci_mem_pool_tx_free
    hci_transport.o(.text) refers to hci_transport.o(.text) for header_checksum_calculate
    hci_transport.o(.text) refers to crc16.o(.text) for crc16_compute
    hci_transport.o(.text) refers to hci_slip.o(.text) for hci_slip_write
    hci_transport.o(.text) refers to hci_transport.o(.data) for .data
    hci_transport.o(.text) refers to hci_transport.o(.text) for pkt_write_handle
    hci_transport.o(.text) refers to hci_transport.o(.data) for .data
    softdevice_handler.o(.text) refers (Weak) to main.o(.text) for assert_nrf_callback
    softdevice_handler.o(.text) refers to app_error.o(.text) for app_error_handler
    softdevice_handler.o(.text) refers to softdevice_handler.o(.data) for .data
    softdevice_handler.o(.text) refers to softdevice_handler.o(.data) for .data
    softdevice_handler.o(.text) refers to softdevice_handler.o(.data) for .data
    softdevice_handler_appsh.o(.text) refers to app_error.o(.text) for app_error_handler
    softdevice_handler_appsh.o(.text) refers to softdevice_handler.o(.text) for intern_softdevice_events_execute
    softdevice_handler_appsh.o(.text) refers to app_scheduler.o(.text) for app_sched_event_put
    entry.o(.ARM.Collect$$$$00000000) refers (Special) to entry10a.o(.ARM.Collect$$$$0000000D) for __rt_final_cpp
    entry.o(.ARM.Collect$$$$00000000) refers (Special) to entry11a.o(.ARM.Collect$$$$0000000F) for __rt_final_exit
    entry.o(.ARM.Collect$$$$00000000) refers (Special) to entry7b.o(.ARM.Collect$$$$00000008) for _main_clock
    entry.o(.ARM.Collect$$$$00000000) refers (Special) to entry8b.o(.ARM.Collect$$$$0000000A) for _main_cpp_init
    entry.o(.ARM.Collect$$$$00000000) refers (Special) to entry9a.o(.ARM.Collect$$$$0000000B) for _main_init
    entry.o(.ARM.Collect$$$$00000000) refers (Special) to entry5.o(.ARM.Collect$$$$00000004) for _main_scatterload
    entry.o(.ARM.Collect$$$$00000000) refers (Special) to entry2.o(.ARM.Collect$$$$00000001) for _main_stk
    entry2.o(.ARM.Collect$$$$00000001) refers to entry2.o(.ARM.Collect$$$$00002712) for __lit__00000000
    entry2.o(.ARM.Collect$$$$00002712) refers to arm_startup_nrf51.o(STACK) for __initial_sp
    entry2.o(__vectab_stack_and_reset_area) refers to arm_startup_nrf51.o(STACK) for __initial_sp
    entry2.o(__vectab_stack_and_reset_area) refers to entry.o(.ARM.Collect$$$$00000000) for __main
    entry5.o(.ARM.Collect$$$$00000004) refers to init.o(.text) for __scatterload
    entry9a.o(.ARM.Collect$$$$0000000B) refers to main.o(.text) for main
    entry9b.o(.ARM.Collect$$$$0000000C) refers to main.o(.text) for main
    init.o(.text) refers to entry5.o(.ARM.Collect$$$$00000004) for __main_after_scatterload


==============================================================================

Removing Unused input sections from the image.

    Removing main.o(.rev16_text), (4 bytes).
    Removing main.o(.revsh_text), (4 bytes).
    Removing arm_startup_nrf51.o(HEAP), (0 bytes).
    Removing system_nrf51.o(.rev16_text), (4 bytes).
    Removing system_nrf51.o(.revsh_text), (4 bytes).
    Removing system_nrf51.o(.text), (16 bytes).
    Removing ble_advdata.o(.text), (162 bytes).
    Removing ble_advdata.o(.text), (38 bytes).
    Removing ble_advdata.o(.text), (330 bytes).
    Removing ble_advdata.o(.text), (90 bytes).
    Removing ble_advdata.o(.text), (10 bytes).
    Removing ble_advdata.o(.text), (106 bytes).
    Removing ble_advdata.o(.text), (132 bytes).
    Removing ble_advdata.o(.text), (100 bytes).
    Removing ble_advdata.o(.text), (124 bytes).
    Removing ble_conn_params.o(.text), (100 bytes).
    Removing ble_conn_params.o(.text), (84 bytes).
    Removing ble_conn_params.o(.text), (16 bytes).
    Removing ble_conn_params.o(.text), (100 bytes).
    Removing ble_conn_params.o(.text), (144 bytes).
    Removing ble_conn_params.o(.text), (80 bytes).
    Removing ble_conn_params.o(.text), (28 bytes).
    Removing ble_conn_params.o(.bss), (28 bytes).
    Removing ble_conn_params.o(.data), (24 bytes).
    Removing ble_srv_common.o(.text), (12 bytes).
    Removing ble_srv_common.o(.text), (18 bytes).
    Removing ble_srv_common.o(.text), (58 bytes).
    Removing ble_srv_common.o(.text), (266 bytes).
    Removing app_uart.o(.rev16_text), (4 bytes).
    Removing app_uart.o(.revsh_text), (4 bytes).
    Removing app_uart.o(.text), (36 bytes).
    Removing app_uart.o(.text), (4 bytes).
    Removing app_uart.o(.text), (20 bytes).
    Removing nrf_delay.o(.rev16_text), (4 bytes).
    Removing nrf_delay.o(.revsh_text), (4 bytes).
    Removing nrf_drv_common.o(.rev16_text), (4 bytes).
    Removing nrf_drv_common.o(.revsh_text), (4 bytes).
    Removing nrf_drv_gpiote.o(.rev16_text), (4 bytes).
    Removing nrf_drv_gpiote.o(.revsh_text), (4 bytes).
    Removing nrf_drv_gpiote.o(.text), (48 bytes).
    Removing nrf_drv_gpiote.o(.text), (56 bytes).
    Removing nrf_drv_gpiote.o(.text), (16 bytes).
    Removing nrf_drv_gpiote.o(.text), (16 bytes).
    Removing nrf_drv_gpiote.o(.text), (28 bytes).
    Removing nrf_drv_gpiote.o(.text), (48 bytes).
    Removing nrf_drv_gpiote.o(.text), (32 bytes).
    Removing nrf_drv_gpiote.o(.text), (20 bytes).
    Removing nrf_drv_gpiote.o(.text), (48 bytes).
    Removing nrf_drv_gpiote.o(.text), (24 bytes).
    Removing nrf_drv_gpiote.o(.text), (24 bytes).
    Removing pstorage_raw.o(.rev16_text), (4 bytes).
    Removing pstorage_raw.o(.revsh_text), (4 bytes).
    Removing pstorage_raw.o(.text), (4 bytes).
    Removing app_error.o(.rev16_text), (4 bytes).
    Removing app_error.o(.revsh_text), (4 bytes).
    Removing app_scheduler.o(.rev16_text), (4 bytes).
    Removing app_scheduler.o(.revsh_text), (4 bytes).
    Removing app_timer.o(.rev16_text), (4 bytes).
    Removing app_timer.o(.revsh_text), (4 bytes).
    Removing app_timer.o(.text), (68 bytes).
    Removing app_timer.o(.text), (16 bytes).
    Removing app_timer.o(.text), (12 bytes).
    Removing bootloader.o(.rev16_text), (4 bytes).
    Removing bootloader.o(.revsh_text), (4 bytes).
    Removing bootloader.o(.emb_text), (30 bytes).
    Removing bootloader_settings.o(.rev16_text), (4 bytes).
    Removing bootloader_settings.o(.revsh_text), (4 bytes).
    Removing dfu_dual_bank.o(.rev16_text), (4 bytes).
    Removing dfu_dual_bank.o(.revsh_text), (4 bytes).
    Removing dfu_dual_bank.o(.text), (40 bytes).
    Removing dfu_dual_bank.o(.text), (26 bytes).
    Removing dfu_init_template.o(.rev16_text), (4 bytes).
    Removing dfu_init_template.o(.revsh_text), (4 bytes).
    Removing dfu_transport_serial.o(.rev16_text), (4 bytes).
    Removing dfu_transport_serial.o(.revsh_text), (4 bytes).
    Removing hci_mem_pool.o(.text), (40 bytes).
    Removing hci_mem_pool.o(.text), (12 bytes).
    Removing hci_slip.o(.rev16_text), (4 bytes).
    Removing hci_slip.o(.revsh_text), (4 bytes).
    Removing hci_transport.o(.rev16_text), (4 bytes).
    Removing hci_transport.o(.revsh_text), (4 bytes).
    Removing hci_transport.o(.text), (48 bytes).
    Removing hci_transport.o(.text), (20 bytes).
    Removing hci_transport.o(.text), (8 bytes).
    Removing hci_transport.o(.text), (112 bytes).
    Removing hci_transport.o(.text), (36 bytes).
    Removing softdevice_handler.o(.rev16_text), (4 bytes).
    Removing softdevice_handler.o(.revsh_text), (4 bytes).
    Removing softdevice_handler.o(.text), (24 bytes).
    Removing softdevice_handler.o(.text), (20 bytes).
    Removing softdevice_handler_appsh.o(.rev16_text), (4 bytes).
    Removing softdevice_handler_appsh.o(.revsh_text), (4 bytes).

92 unused section(s) (total 3154 bytes) removed from the image.

==============================================================================

Image Symbol Table

    Local Symbols

    Symbol Name                              Value     Ov Type        Size  Object(Section)

    ../clib/microlib/division.c              0x00000000   Number         0  uidiv.o ABSOLUTE
    ../clib/microlib/init/entry.s            0x00000000   Number         0  entry10b.o ABSOLUTE
    ../clib/microlib/init/entry.s            0x00000000   Number         0  entry11a.o ABSOLUTE
    ../clib/microlib/init/entry.s            0x00000000   Number         0  entry11b.o ABSOLUTE
    ../clib/microlib/init/entry.s            0x00000000   Number         0  entry8b.o ABSOLUTE
    ../clib/microlib/init/entry.s            0x00000000   Number         0  entry2.o ABSOLUTE
    ../clib/microlib/init/entry.s            0x00000000   Number         0  entry5.o ABSOLUTE
    ../clib/microlib/init/entry.s            0x00000000   Number         0  entry7a.o ABSOLUTE
    ../clib/microlib/init/entry.s            0x00000000   Number         0  entry7b.o ABSOLUTE
    ../clib/microlib/init/entry.s            0x00000000   Number         0  entry.o ABSOLUTE
    ../clib/microlib/init/entry.s            0x00000000   Number         0  entry8a.o ABSOLUTE
    ../clib/microlib/init/entry.s            0x00000000   Number         0  entry9a.o ABSOLUTE
    ../clib/microlib/init/entry.s            0x00000000   Number         0  entry9b.o ABSOLUTE
    ../clib/microlib/init/entry.s            0x00000000   Number         0  entry10a.o ABSOLUTE
    ../clib/microlib/string/memcpy.c         0x00000000   Number         0  memcpyb.o ABSOLUTE
    ../clib/microlib/string/memcpy.c         0x00000000   Number         0  memcpya.o ABSOLUTE
    ../clib/microlib/string/memset.c         0x00000000   Number         0  memseta.o ABSOLUTE
    ../clib/microlib/string/strlen.c         0x00000000   Number         0  strlen.o ABSOLUTE
    ../clib/microlib/unhosted.c              0x00000000   Number         0  uread4.o ABSOLUTE
    ..\..\..\..\..\..\components\ble\common\ble_advdata.c 0x00000000   Number         0  ble_advdata.o ABSOLUTE
    ..\..\..\..\..\..\components\ble\common\ble_conn_params.c 0x00000000   Number         0  ble_conn_params.o ABSOLUTE
    ..\..\..\..\..\..\components\ble\common\ble_srv_common.c 0x00000000   Number         0  ble_srv_common.o ABSOLUTE
    ..\..\..\..\..\..\components\drivers_nrf\common\nrf_drv_common.c 0x00000000   Number         0  nrf_drv_common.o ABSOLUTE
    ..\..\..\..\..\..\components\drivers_nrf\gpiote\nrf_drv_gpiote.c 0x00000000   Number         0  nrf_drv_gpiote.o ABSOLUTE
    ..\..\..\..\..\..\components\drivers_nrf\hal\nrf_delay.c 0x00000000   Number         0  nrf_delay.o ABSOLUTE
    ..\..\..\..\..\..\components\drivers_nrf\pstorage\pstorage_raw.c 0x00000000   Number         0  pstorage_raw.o ABSOLUTE
    ..\..\..\..\..\..\components\drivers_nrf\uart\app_uart.c 0x00000000   Number         0  app_uart.o ABSOLUTE
    ..\..\..\..\..\..\components\libraries\bootloader_dfu\bootloader.c 0x00000000   Number         0  bootloader.o ABSOLUTE
    ..\..\..\..\..\..\components\libraries\bootloader_dfu\bootloader_settings.c 0x00000000   Number         0  bootloader_settings.o ABSOLUTE
    ..\..\..\..\..\..\components\libraries\bootloader_dfu\bootloader_util.c 0x00000000   Number         0  bootloader_util.o ABSOLUTE
    ..\..\..\..\..\..\components\libraries\bootloader_dfu\dfu_dual_bank.c 0x00000000   Number         0  dfu_dual_bank.o ABSOLUTE
    ..\..\..\..\..\..\components\libraries\bootloader_dfu\dfu_init_template.c 0x00000000   Number         0  dfu_init_template.o ABSOLUTE
    ..\..\..\..\..\..\components\libraries\bootloader_dfu\dfu_transport_serial.c 0x00000000   Number         0  dfu_transport_serial.o ABSOLUTE
    ..\..\..\..\..\..\components\libraries\crc16\crc16.c 0x00000000   Number         0  crc16.o ABSOLUTE
    ..\..\..\..\..\..\components\libraries\hci\hci_mem_pool.c 0x00000000   Number         0  hci_mem_pool.o ABSOLUTE
    ..\..\..\..\..\..\components\libraries\hci\hci_slip.c 0x00000000   Number         0  hci_slip.o ABSOLUTE
    ..\..\..\..\..\..\components\libraries\hci\hci_transport.c 0x00000000   Number         0  hci_transport.o ABSOLUTE
    ..\..\..\..\..\..\components\libraries\scheduler\app_scheduler.c 0x00000000   Number         0  app_scheduler.o ABSOLUTE
    ..\..\..\..\..\..\components\libraries\timer\app_timer.c 0x00000000   Number         0  app_timer.o ABSOLUTE
    ..\..\..\..\..\..\components\libraries\timer\app_timer_appsh.c 0x00000000   Number         0  app_timer_appsh.o ABSOLUTE
    ..\..\..\..\..\..\components\libraries\util\app_error.c 0x00000000   Number         0  app_error.o ABSOLUTE
    ..\..\..\..\..\..\components\libraries\util\nrf_assert.c 0x00000000   Number         0  nrf_assert.o ABSOLUTE
    ..\..\..\..\..\..\components\softdevice\common\softdevice_handler\softdevice_handler.c 0x00000000   Number         0  softdevice_handler.o ABSOLUTE
    ..\..\..\..\..\..\components\softdevice\common\softdevice_handler\softdevice_handler_appsh.c 0x00000000   Number         0  softdevice_handler_appsh.o ABSOLUTE
    ..\..\..\..\..\..\components\toolchain\arm\arm_startup_nrf51.s 0x00000000   Number         0  arm_startup_nrf51.o ABSOLUTE
    ..\..\..\..\..\..\components\toolchain\system_nrf51.c 0x00000000   Number         0  system_nrf51.o ABSOLUTE
    ..\..\..\main.c                          0x00000000   Number         0  main.o ABSOLUTE
    ..\\..\\..\\..\\..\\..\\components\\drivers_nrf\\common\\nrf_drv_common.c 0x00000000   Number         0  nrf_drv_common.o ABSOLUTE
    ..\\..\\..\\..\\..\\..\\components\\drivers_nrf\\gpiote\\nrf_drv_gpiote.c 0x00000000   Number         0  nrf_drv_gpiote.o ABSOLUTE
    ..\\..\\..\\..\\..\\..\\components\\drivers_nrf\\hal\\nrf_delay.c 0x00000000   Number         0  nrf_delay.o ABSOLUTE
    ..\\..\\..\\..\\..\\..\\components\\drivers_nrf\\pstorage\\pstorage_raw.c 0x00000000   Number         0  pstorage_raw.o ABSOLUTE
    ..\\..\\..\\..\\..\\..\\components\\drivers_nrf\\uart\\app_uart.c 0x00000000   Number         0  app_uart.o ABSOLUTE
    ..\\..\\..\\..\\..\\..\\components\\libraries\\bootloader_dfu\\bootloader.c 0x00000000   Number         0  bootloader.o ABSOLUTE
    ..\\..\\..\\..\\..\\..\\components\\libraries\\bootloader_dfu\\bootloader_settings.c 0x00000000   Number         0  bootloader_settings.o ABSOLUTE
    ..\\..\\..\\..\\..\\..\\components\\libraries\\bootloader_dfu\\bootloader_util.c 0x00000000   Number         0  bootloader_util.o ABSOLUTE
    ..\\..\\..\\..\\..\\..\\components\\libraries\\bootloader_dfu\\dfu_dual_bank.c 0x00000000   Number         0  dfu_dual_bank.o ABSOLUTE
    ..\\..\\..\\..\\..\\..\\components\\libraries\\bootloader_dfu\\dfu_init_template.c 0x00000000   Number         0  dfu_init_template.o ABSOLUTE
    ..\\..\\..\\..\\..\\..\\components\\libraries\\bootloader_dfu\\dfu_transport_serial.c 0x00000000   Number         0  dfu_transport_serial.o ABSOLUTE
    ..\\..\\..\\..\\..\\..\\components\\libraries\\hci\\hci_slip.c 0x00000000   Number         0  hci_slip.o ABSOLUTE
    ..\\..\\..\\..\\..\\..\\components\\libraries\\hci\\hci_transport.c 0x00000000   Number         0  hci_transport.o ABSOLUTE
    ..\\..\\..\\..\\..\\..\\components\\libraries\\scheduler\\app_scheduler.c 0x00000000   Number         0  app_scheduler.o ABSOLUTE
    ..\\..\\..\\..\\..\\..\\components\\libraries\\timer\\app_timer.c 0x00000000   Number         0  app_timer.o ABSOLUTE
    ..\\..\\..\\..\\..\\..\\components\\libraries\\util\\app_error.c 0x00000000   Number         0  app_error.o ABSOLUTE
    ..\\..\\..\\..\\..\\..\\components\\softdevice\\common\\softdevice_handler\\softdevice_handler.c 0x00000000   Number         0  softdevice_handler.o ABSOLUTE
    ..\\..\\..\\..\\..\\..\\components\\softdevice\\common\\softdevice_handler\\softdevice_handler_appsh.c 0x00000000   Number         0  softdevice_handler_appsh.o ABSOLUTE
    ..\\..\\..\\..\\..\\..\\components\\toolchain\\system_nrf51.c 0x00000000   Number         0  system_nrf51.o ABSOLUTE
    ..\\..\\..\\main.c                       0x00000000   Number         0  main.o ABSOLUTE
    dc.s                                     0x00000000   Number         0  dc.o ABSOLUTE
    handlers.s                               0x00000000   Number         0  handlers.o ABSOLUTE
    init.s                                   0x00000000   Number         0  init.o ABSOLUTE
    RESET                                    0x0003c000   Section      192  arm_startup_nrf51.o(RESET)
    .ARM.Collect$$$$00000000                 0x0003c0c0   Section        0  entry.o(.ARM.Collect$$$$00000000)
    .ARM.Collect$$$$00000001                 0x0003c0c0   Section        4  entry2.o(.ARM.Collect$$$$00000001)
    .ARM.Collect$$$$00000004                 0x0003c0c4   Section        4  entry5.o(.ARM.Collect$$$$00000004)
    .ARM.Collect$$$$00000008                 0x0003c0c8   Section        0  entry7b.o(.ARM.Collect$$$$00000008)
    .ARM.Collect$$$$0000000A                 0x0003c0c8   Section        0  entry8b.o(.ARM.Collect$$$$0000000A)
    .ARM.Collect$$$$0000000B                 0x0003c0c8   Section        8  entry9a.o(.ARM.Collect$$$$0000000B)
    .ARM.Collect$$$$0000000D                 0x0003c0d0   Section        0  entry10a.o(.ARM.Collect$$$$0000000D)
    .ARM.Collect$$$$0000000F                 0x0003c0d0   Section        0  entry11a.o(.ARM.Collect$$$$0000000F)
    .ARM.Collect$$$$00002712                 0x0003c0d0   Section        4  entry2.o(.ARM.Collect$$$$00002712)
    __lit__00000000                          0x0003c0d0   Data           4  entry2.o(.ARM.Collect$$$$00002712)
    .emb_text                                0x0003c0d4   Section       30  nrf_delay.o(.emb_text)
    .emb_text                                0x0003c0f4   Section       30  app_timer.o(.emb_text)
    .emb_text                                0x0003c114   Section       52  bootloader_util.o(.emb_text)
    .text                                    0x0003c148   Section        0  main.o(.text)
    sys_evt_dispatch                         0x0003c157   Thumb Code     8  main.o(.text)
    ble_stack_init                           0x0003c15f   Thumb Code   126  main.o(.text)
    scheduler_init                           0x0003c2f7   Thumb Code    28  main.o(.text)
    .text                                    0x0003c350   Section       56  arm_startup_nrf51.o(.text)
    .text                                    0x0003c388   Section        0  system_nrf51.o(.text)
    is_manual_peripheral_setup_needed        0x0003c3c9   Thumb Code    66  system_nrf51.o(.text)
    .text                                    0x0003c420   Section        0  app_uart.o(.text)
    on_uart_event                            0x0003c43b   Thumb Code   114  app_uart.o(.text)
    gpiote_uart_event_handler                0x0003c4ad   Thumb Code    22  app_uart.o(.text)
    action_uart_deactivate                   0x0003c6ad   Thumb Code    20  app_uart.o(.text)
    .text                                    0x0003c6f0   Section        0  nrf_delay.o(.text)
    .text                                    0x0003c70c   Section        0  nrf_drv_common.o(.text)
    .text                                    0x0003c76c   Section        0  nrf_drv_gpiote.o(.text)
    nrf_gpio_cfg_sense_set                   0x0003c76d   Thumb Code    26  nrf_drv_gpiote.o(.text)
    channel_port_alloc                       0x0003c787   Thumb Code    64  nrf_drv_gpiote.o(.text)
    nrf_gpiote_event_is_set                  0x0003cb27   Thumb Code    14  nrf_drv_gpiote.o(.text)
    pin_in_use_by_te                         0x0003cb35   Thumb Code    56  nrf_drv_gpiote.o(.text)
    pin_in_use_by_port                       0x0003cb6d   Thumb Code    20  nrf_drv_gpiote.o(.text)
    channel_port_get                         0x0003cb81   Thumb Code    10  nrf_drv_gpiote.o(.text)
    channel_free                             0x0003cb8b   Thumb Code    22  nrf_drv_gpiote.o(.text)
    .text                                    0x0003cba4   Section        0  pstorage_raw.o(.text)
    cmd_queue_element_init                   0x0003cba5   Thumb Code    26  pstorage_raw.o(.text)
    cmd_process                              0x0003cbbf   Thumb Code    98  pstorage_raw.o(.text)
    cmd_queue_enqueue                        0x0003cc21   Thumb Code    76  pstorage_raw.o(.text)
    is_word_aligned                          0x0003cd97   Thumb Code    12  pstorage_raw.o(.text)
    app_notify                               0x0003cda3   Thumb Code    32  pstorage_raw.o(.text)
    .text                                    0x0003cdcc   Section        0  app_error.o(.text)
    .text                                    0x0003cde4   Section        0  app_scheduler.o(.text)
    app_sched_event_get                      0x0003cf1b   Thumb Code    62  app_scheduler.o(.text)
    .text                                    0x0003cf68   Section        0  app_timer.o(.text)
    NVIC_SetPriority                         0x0003cf69   Thumb Code    60  app_timer.o(.text)
    rtc1_stop                                0x0003cfa5   Thumb Code    50  app_timer.o(.text)
    timer_list_insert                        0x0003cfd7   Thumb Code    94  app_timer.o(.text)
    timer_list_remove                        0x0003d035   Thumb Code   104  app_timer.o(.text)
    timer_timeouts_check                     0x0003d09d   Thumb Code   120  app_timer.o(.text)
    list_insertions_handler                  0x0003d115   Thumb Code   230  app_timer.o(.text)
    user_id_get                              0x0003d34d   Thumb Code   116  app_timer.o(.text)
    timer_list_handler_sched                 0x0003d48d   Thumb Code    10  app_timer.o(.text)
    elapsed_ticks_acquire                    0x0003d497   Thumb Code    58  app_timer.o(.text)
    list_deletions_handler                   0x0003d4d1   Thumb Code   144  app_timer.o(.text)
    expired_timers_handler                   0x0003d561   Thumb Code    82  app_timer.o(.text)
    compare_reg_update                       0x0003d5b3   Thumb Code   140  app_timer.o(.text)
    user_op_alloc                            0x0003d63f   Thumb Code    36  app_timer.o(.text)
    .text                                    0x0003d680   Section        0  app_timer_appsh.o(.text)
    app_timer_evt_get                        0x0003d681   Thumb Code    26  app_timer_appsh.o(.text)
    .text                                    0x0003d6b0   Section        0  bootloader.o(.text)
    pstorage_callback_handler                0x0003d6b1   Thumb Code    32  bootloader.o(.text)
    wait_for_events                          0x0003d6d1   Thumb Code    38  bootloader.o(.text)
    bootloader_settings_save                 0x0003d735   Thumb Code    54  bootloader.o(.text)
    .text                                    0x0003d9a4   Section        0  bootloader_settings.o(.text)
    uint32_decode                            0x0003da01   Thumb Code    20  bootloader_settings.o(.text)
    .text                                    0x0003da1c   Section        0  bootloader_util.o(.text)
    .text                                    0x0003da24   Section        0  crc16.o(.text)
    .text                                    0x0003da60   Section        0  dfu_dual_bank.o(.text)
    pstorage_callback_handler                0x0003da61   Thumb Code    78  dfu_dual_bank.o(.text)
    dfu_timeout_handler                      0x0003daaf   Thumb Code    32  dfu_dual_bank.o(.text)
    dfu_timer_restart                        0x0003dacf   Thumb Code    60  dfu_dual_bank.o(.text)
    dfu_prepare_func_app_erase               0x0003db0b   Thumb Code    36  dfu_dual_bank.o(.text)
    dfu_prepare_func_swap_erase              0x0003db2f   Thumb Code    50  dfu_dual_bank.o(.text)
    dfu_cleared_func_swap                    0x0003db61   Thumb Code     2  dfu_dual_bank.o(.text)
    dfu_cleared_func_app                     0x0003db63   Thumb Code    28  dfu_dual_bank.o(.text)
    dfu_activate_sd                          0x0003db7f   Thumb Code    62  dfu_dual_bank.o(.text)
    dfu_activate_app                         0x0003dbbd   Thumb Code    94  dfu_dual_bank.o(.text)
    dfu_activate_bl                          0x0003dc1b   Thumb Code    54  dfu_dual_bank.o(.text)
    dfu_sd_img_block_swap                    0x0003def5   Thumb Code    68  dfu_dual_bank.o(.text)
    dfu_compare_block                        0x0003e085   Thumb Code    22  dfu_dual_bank.o(.text)
    dfu_copy_sd                              0x0003e09b   Thumb Code    20  dfu_dual_bank.o(.text)
    .text                                    0x0003e0b8   Section        0  dfu_init_template.o(.text)
    .text                                    0x0003e15c   Section        0  dfu_transport_serial.o(.text)
    data_queue_element_init                  0x0003e15d   Thumb Code    18  dfu_transport_serial.o(.text)
    data_queue_element_free                  0x0003e16f   Thumb Code    62  dfu_transport_serial.o(.text)
    dfu_cb_handler                           0x0003e1ad   Thumb Code    16  dfu_transport_serial.o(.text)
    process_dfu_packet                       0x0003e1bd   Thumb Code   124  dfu_transport_serial.o(.text)
    .text                                    0x0003e324   Section        0  hci_mem_pool.o(.text)
    .text                                    0x0003e470   Section        0  hci_slip.o(.text)
    send_tx_byte_default                     0x0003e471   Thumb Code    26  hci_slip.o(.text)
    send_tx_byte_end                         0x0003e48b   Thumb Code    26  hci_slip.o(.text)
    send_tx_byte_encoded                     0x0003e4a5   Thumb Code    48  hci_slip.o(.text)
    send_tx_byte_esc                         0x0003e4d5   Thumb Code    20  hci_slip.o(.text)
    transmit_buffer                          0x0003e4e9   Thumb Code    86  hci_slip.o(.text)
    handle_slip_end                          0x0003e53f   Thumb Code    34  hci_slip.o(.text)
    handle_rx_byte_default                   0x0003e561   Thumb Code    30  hci_slip.o(.text)
    handle_rx_byte_esc                       0x0003e57f   Thumb Code    48  hci_slip.o(.text)
    handle_rx_byte_wait_start                0x0003e5af   Thumb Code    12  hci_slip.o(.text)
    slip_uart_eventhandler                   0x0003e5bb   Thumb Code    66  hci_slip.o(.text)
    .text                                    0x0003e6bc   Section        0  hci_transport.o(.text)
    ack_transmit                             0x0003e6bd   Thumb Code    38  hci_transport.o(.text)
    rx_vendor_specific_pkt_type_handle       0x0003e6e3   Thumb Code   244  hci_transport.o(.text)
    tx_sm_event_handle                       0x0003e7d7   Thumb Code   174  hci_transport.o(.text)
    header_checksum_calculate                0x0003ea49   Thumb Code    18  hci_transport.o(.text)
    tx_sm_state_change                       0x0003ea5b   Thumb Code     8  hci_transport.o(.text)
    .text                                    0x0003ea74   Section        0  softdevice_handler.o(.text)
    .text                                    0x0003eb5c   Section        0  softdevice_handler_appsh.o(.text)
    .text                                    0x0003eb84   Section        0  uidiv.o(.text)
    .text                                    0x0003ebb0   Section        0  memcpya.o(.text)
    .text                                    0x0003ebd4   Section        0  memseta.o(.text)
    .text                                    0x0003ebf8   Section        0  uread4.o(.text)
    .text                                    0x0003ec0c   Section       36  init.o(.text)
    i.__ARM_common_switch8                   0x0003ec30   Section        0  ble_srv_common.o(i.__ARM_common_switch8)
    i.__scatterload_copy                     0x0003ec4a   Section       14  handlers.o(i.__scatterload_copy)
    i.__scatterload_null                     0x0003ec58   Section        2  handlers.o(i.__scatterload_null)
    i.__scatterload_zeroinit                 0x0003ec5a   Section       14  handlers.o(i.__scatterload_zeroinit)
    .constdata                               0x0003ec68   Section       16  main.o(.constdata)
    .constdata                               0x0003ec78   Section        8  app_uart.o(.constdata)
    .constdata                               0x0003ec80   Section       32  bootloader.o(.constdata)
    .constdata                               0x0003eca0   Section       32  dfu_dual_bank.o(.constdata)
    .constdata                               0x0003ecc0   Section       36  hci_slip.o(.constdata)
    .ARM.__AT_0x0003FC00                     0x0003fc00   Section     1024  bootloader_settings.o(.ARM.__AT_0x0003FC00)
    __tagsym$$used                           0x0003fc00   Number         0  bootloader_settings.o(.ARM.__AT_0x0003FC00)
    .ARM.__AT_0x10001014                     0x10001014   Section        4  bootloader_settings.o(.ARM.__AT_0x10001014)
    .data                                    0x20002000   Section        4  system_nrf51.o(.data)
    __tagsym$$used                           0x20002000   Number         0  system_nrf51.o(.data)
    .data                                    0x20002004   Section       12  app_uart.o(.data)
    m_instance_counter                       0x20002004   Data           1  app_uart.o(.data)
    m_current_state                          0x20002005   Data           1  app_uart.o(.data)
    m_tx_byte                                0x20002006   Data           1  app_uart.o(.data)
    m_rx_byte                                0x20002008   Data           2  app_uart.o(.data)
    m_event_handler                          0x2000200c   Data           4  app_uart.o(.data)
    .data                                    0x20002010   Section       16  pstorage_raw.o(.data)
    m_next_app_instance                      0x20002010   Data           4  pstorage_raw.o(.data)
    m_round_val                              0x20002014   Data           4  pstorage_raw.o(.data)
    m_app_table                              0x20002018   Data           8  pstorage_raw.o(.data)
    .data                                    0x20002020   Section       16  app_scheduler.o(.data)
    m_queue_start_index                      0x20002020   Data           1  app_scheduler.o(.data)
    m_queue_end_index                        0x20002021   Data           1  app_scheduler.o(.data)
    m_queue_event_size                       0x20002022   Data           2  app_scheduler.o(.data)
    m_queue_size                             0x20002024   Data           2  app_scheduler.o(.data)
    m_queue_event_headers                    0x20002028   Data           4  app_scheduler.o(.data)
    m_queue_event_data                       0x2000202c   Data           4  app_scheduler.o(.data)
    .data                                    0x20002030   Section       36  app_timer.o(.data)
    m_node_array_size                        0x20002030   Data           1  app_timer.o(.data)
    m_user_array_size                        0x20002031   Data           1  app_timer.o(.data)
    m_ticks_elapsed_q_read_ind               0x20002032   Data           1  app_timer.o(.data)
    m_ticks_elapsed_q_write_ind              0x20002033   Data           1  app_timer.o(.data)
    m_rtc1_running                           0x20002034   Data           1  app_timer.o(.data)
    m_rtc1_reset                             0x20002035   Data           1  app_timer.o(.data)
    mp_nodes                                 0x20002038   Data           4  app_timer.o(.data)
    mp_users                                 0x2000203c   Data           4  app_timer.o(.data)
    m_timer_id_head                          0x20002040   Data           4  app_timer.o(.data)
    m_ticks_latest                           0x20002044   Data           4  app_timer.o(.data)
    m_evt_schedule_func                      0x20002048   Data           4  app_timer.o(.data)
    m_ticks_elapsed                          0x2000204c   Data           8  app_timer.o(.data)
    .data                                    0x20002054   Section       12  bootloader.o(.data)
    m_update_status                          0x20002054   Data           1  bootloader.o(.data)
    m_bootsettings_handle                    0x20002058   Data           8  bootloader.o(.data)
    .data                                    0x20002060   Section       44  dfu_dual_bank.o(.data)
    m_dfu_timed_out                          0x20002060   Data           1  dfu_dual_bank.o(.data)
    m_dfu_state                              0x20002061   Data           1  dfu_dual_bank.o(.data)
    m_init_packet_length                     0x20002062   Data           1  dfu_dual_bank.o(.data)
    m_image_crc                              0x20002064   Data           2  dfu_dual_bank.o(.data)
    m_data_received                          0x20002068   Data           4  dfu_dual_bank.o(.data)
    m_image_size                             0x2000206c   Data           4  dfu_dual_bank.o(.data)
    m_dfu_timer_id                           0x20002070   Data           4  dfu_dual_bank.o(.data)
    mp_storage_handle_active                 0x20002074   Data           4  dfu_dual_bank.o(.data)
    m_data_pkt_cb                            0x20002078   Data           4  dfu_dual_bank.o(.data)
    m_storage_handle_swap                    0x2000207c   Data           8  dfu_dual_bank.o(.data)
    m_storage_handle_app                     0x20002084   Data           8  dfu_dual_bank.o(.data)
    .data                                    0x2000208c   Section        1  dfu_init_template.o(.data)
    m_extended_packet_length                 0x2000208c   Data           1  dfu_init_template.o(.data)
    .data                                    0x2000208d   Section        1  hci_mem_pool.o(.data)
    m_is_tx_allocated                        0x2000208d   Data           1  hci_mem_pool.o(.data)
    .data                                    0x20002090   Section       40  hci_slip.o(.data)
    m_current_state                          0x20002090   Data           1  hci_slip.o(.data)
    m_uart_id                                0x20002092   Data           2  hci_slip.o(.data)
    handle_rx_byte                           0x20002094   Data           4  hci_slip.o(.data)
    m_slip_event_handler                     0x2000209c   Data           4  hci_slip.o(.data)
    mp_tx_buffer                             0x200020a0   Data           4  hci_slip.o(.data)
    m_tx_buffer_length                       0x200020a4   Data           4  hci_slip.o(.data)
    m_tx_buffer_index                        0x200020a8   Data           4  hci_slip.o(.data)
    mp_rx_buffer                             0x200020ac   Data           4  hci_slip.o(.data)
    m_rx_buffer_length                       0x200020b0   Data           4  hci_slip.o(.data)
    m_rx_received_count                      0x200020b4   Data           4  hci_slip.o(.data)
    .data                                    0x200020b8   Section       49  hci_transport.o(.data)
    m_tx_state                               0x200020b8   Data           1  hci_transport.o(.data)
    m_is_slip_decode_ready                   0x200020b9   Data           1  hci_transport.o(.data)
    m_tx_done_result_code                    0x200020ba   Data           1  hci_transport.o(.data)
    ack_packet                               0x200020bb   Data           4  hci_transport.o(.data)
    m_transport_tx_done_handle               0x200020c0   Data           4  hci_transport.o(.data)
    m_transport_event_handle                 0x200020c4   Data           4  hci_transport.o(.data)
    mp_slip_used_rx_buffer                   0x200020c8   Data           4  hci_transport.o(.data)
    m_packet_expected_seq_number             0x200020cc   Data           4  hci_transport.o(.data)
    m_packet_transmit_seq_number             0x200020d0   Data           4  hci_transport.o(.data)
    mp_tx_buffer                             0x200020d4   Data           4  hci_transport.o(.data)
    m_tx_buffer_length                       0x200020d8   Data           4  hci_transport.o(.data)
    m_app_timer_id                           0x200020dc   Data           4  hci_transport.o(.data)
    m_tx_retry_counter                       0x200020e0   Data           4  hci_transport.o(.data)
    m_rx_ack_buffer                          0x200020e4   Data           5  hci_transport.o(.data)
    .data                                    0x200020ec   Section       20  softdevice_handler.o(.data)
    m_softdevice_enabled                     0x200020ec   Data           1  softdevice_handler.o(.data)
    m_ble_evt_buffer_size                    0x200020ee   Data           2  softdevice_handler.o(.data)
    m_evt_schedule_func                      0x200020f0   Data           4  softdevice_handler.o(.data)
    mp_ble_evt_buffer                        0x200020f4   Data           4  softdevice_handler.o(.data)
    m_ble_evt_handler                        0x200020f8   Data           4  softdevice_handler.o(.data)
    m_sys_evt_handler                        0x200020fc   Data           4  softdevice_handler.o(.data)
    .bss                                     0x20002100   Section      984  main.o(.bss)
    APP_TIMER_BUF                            0x20002100   Data         576  main.o(.bss)
    BLE_EVT_BUFFER                           0x20002340   Data          72  main.o(.bss)
    APP_SCHED_BUF                            0x20002388   Data         336  main.o(.bss)
    .bss                                     0x200024d8   Section       56  nrf_drv_gpiote.o(.bss)
    m_cb                                     0x200024d8   Data          56  nrf_drv_gpiote.o(.bss)
    .bss                                     0x20002510   Section      244  pstorage_raw.o(.bss)
    m_cmd_queue                              0x20002510   Data         244  pstorage_raw.o(.bss)
    .bss                                     0x20002604   Section       28  bootloader.o(.bss)
    settings                                 0x20002604   Data          28  bootloader.o(.bss)
    .bss                                     0x20002620   Section       28  bootloader_settings.o(.bss)
    s_converted_boot_settings                0x20002620   Data          28  bootloader_settings.o(.bss)
    .bss                                     0x2000263c   Section      156  dfu_dual_bank.o(.bss)
    m_start_packet                           0x2000263c   Data          16  dfu_dual_bank.o(.bss)
    m_init_packet                            0x2000264c   Data         128  dfu_dual_bank.o(.bss)
    m_functions                              0x200026cc   Data          12  dfu_dual_bank.o(.bss)
    .bss                                     0x200026d8   Section       10  dfu_init_template.o(.bss)
    m_extended_packet                        0x200026d8   Data          10  dfu_init_template.o(.bss)
    .bss                                     0x200026e4   Section       52  dfu_transport_serial.o(.bss)
    m_data_queue                             0x200026e4   Data          52  dfu_transport_serial.o(.bss)
    .bss                                     0x20002718   Section     1268  hci_mem_pool.o(.bss)
    tx_buffer                                0x20002718   Data          32  hci_mem_pool.o(.bss)
    m_rx_buffer_elem_queue                   0x20002738   Data        1208  hci_mem_pool.o(.bss)
    m_rx_buffer_queue                        0x20002bf0   Data          28  hci_mem_pool.o(.bss)
    STACK                                    0x20002c10   Section     2048  arm_startup_nrf51.o(STACK)

    Global Symbols

    Symbol Name                              Value     Ov Type        Size  Object(Section)

    BuildAttributes$$THM_ISAv3M$S$PE$A:L22$X:L11$S22$IEEE1$IW$USESV6$~STKCKD$USESV7$~SHL$OSPACE$EBA8$MICROLIB$REQ8$PRES8$EABIv2 0x00000000   Number         0  anon$$obj.o ABSOLUTE
    __ARM_use_no_argv                        0x00000000   Number         0  main.o ABSOLUTE
    __cpp_initialize__aeabi_                  - Undefined Weak Reference
    __cxa_finalize                            - Undefined Weak Reference
    __decompress                              - Undefined Weak Reference
    _clock_init                               - Undefined Weak Reference
    _microlib_exit                            - Undefined Weak Reference
    __Vectors_Size                           0x000000c0   Number         0  arm_startup_nrf51.o ABSOLUTE
    __Vectors                                0x0003c000   Data           4  arm_startup_nrf51.o(RESET)
    __Vectors_End                            0x0003c0c0   Data           0  arm_startup_nrf51.o(RESET)
    __main                                   0x0003c0c1   Thumb Code     0  entry.o(.ARM.Collect$$$$00000000)
    _main_stk                                0x0003c0c1   Thumb Code     0  entry2.o(.ARM.Collect$$$$00000001)
    _main_scatterload                        0x0003c0c5   Thumb Code     0  entry5.o(.ARM.Collect$$$$00000004)
    __main_after_scatterload                 0x0003c0c9   Thumb Code     0  entry5.o(.ARM.Collect$$$$00000004)
    _main_clock                              0x0003c0c9   Thumb Code     0  entry7b.o(.ARM.Collect$$$$00000008)
    _main_cpp_init                           0x0003c0c9   Thumb Code     0  entry8b.o(.ARM.Collect$$$$0000000A)
    _main_init                               0x0003c0c9   Thumb Code     0  entry9a.o(.ARM.Collect$$$$0000000B)
    __rt_final_cpp                           0x0003c0d1   Thumb Code     0  entry10a.o(.ARM.Collect$$$$0000000D)
    __rt_final_exit                          0x0003c0d1   Thumb Code     0  entry11a.o(.ARM.Collect$$$$0000000F)
    __asm___11_nrf_delay_c_532987f3__nrf_delay_us 0x0003c0d5   Thumb Code    30  nrf_delay.o(.emb_text)
    __asm___11_app_timer_c_cd27f9c3__nrf_delay_us 0x0003c0f5   Thumb Code    30  app_timer.o(.emb_text)
    __asm___17_bootloader_util_c_c13d365c__bootloader_util_reset 0x0003c115   Thumb Code    52  bootloader_util.o(.emb_text)
    assert_nrf_callback                      0x0003c149   Thumb Code    14  main.o(.text)
    main                                     0x0003c1dd   Thumb Code   282  main.o(.text)
    Reset_Handler                            0x0003c351   Thumb Code    26  arm_startup_nrf51.o(.text)
    NMI_Handler                              0x0003c36b   Thumb Code     2  arm_startup_nrf51.o(.text)
    HardFault_Handler                        0x0003c36d   Thumb Code     2  arm_startup_nrf51.o(.text)
    SVC_Handler                              0x0003c36f   Thumb Code     2  arm_startup_nrf51.o(.text)
    PendSV_Handler                           0x0003c371   Thumb Code     2  arm_startup_nrf51.o(.text)
    SysTick_Handler                          0x0003c373   Thumb Code     2  arm_startup_nrf51.o(.text)
    ADC_IRQHandler                           0x0003c375   Thumb Code     0  arm_startup_nrf51.o(.text)
    CCM_AAR_IRQHandler                       0x0003c375   Thumb Code     0  arm_startup_nrf51.o(.text)
    ECB_IRQHandler                           0x0003c375   Thumb Code     0  arm_startup_nrf51.o(.text)
    LPCOMP_IRQHandler                        0x0003c375   Thumb Code     0  arm_startup_nrf51.o(.text)
    POWER_CLOCK_IRQHandler                   0x0003c375   Thumb Code     0  arm_startup_nrf51.o(.text)
    QDEC_IRQHandler                          0x0003c375   Thumb Code     0  arm_startup_nrf51.o(.text)
    RADIO_IRQHandler                         0x0003c375   Thumb Code     0  arm_startup_nrf51.o(.text)
    RNG_IRQHandler                           0x0003c375   Thumb Code     0  arm_startup_nrf51.o(.text)
    RTC0_IRQHandler                          0x0003c375   Thumb Code     0  arm_startup_nrf51.o(.text)
    SPI0_TWI0_IRQHandler                     0x0003c375   Thumb Code     0  arm_startup_nrf51.o(.text)
    SPI1_TWI1_IRQHandler                     0x0003c375   Thumb Code     0  arm_startup_nrf51.o(.text)
    SWI1_IRQHandler                          0x0003c375   Thumb Code     0  arm_startup_nrf51.o(.text)
    SWI3_IRQHandler                          0x0003c375   Thumb Code     0  arm_startup_nrf51.o(.text)
    SWI4_IRQHandler                          0x0003c375   Thumb Code     0  arm_startup_nrf51.o(.text)
    SWI5_IRQHandler                          0x0003c375   Thumb Code     0  arm_startup_nrf51.o(.text)
    TEMP_IRQHandler                          0x0003c375   Thumb Code     0  arm_startup_nrf51.o(.text)
    TIMER0_IRQHandler                        0x0003c375   Thumb Code     0  arm_startup_nrf51.o(.text)
    TIMER1_IRQHandler                        0x0003c375   Thumb Code     0  arm_startup_nrf51.o(.text)
    TIMER2_IRQHandler                        0x0003c375   Thumb Code     0  arm_startup_nrf51.o(.text)
    WDT_IRQHandler                           0x0003c375   Thumb Code     0  arm_startup_nrf51.o(.text)
    SystemInit                               0x0003c389   Thumb Code    64  system_nrf51.o(.text)
    action_tx_stop                           0x0003c421   Thumb Code    26  app_uart.o(.text)
    UART0_IRQHandler                         0x0003c4c3   Thumb Code   104  app_uart.o(.text)
    app_uart_init                            0x0003c52b   Thumb Code   324  app_uart.o(.text)
    app_uart_put                             0x0003c66f   Thumb Code    30  app_uart.o(.text)
    app_uart_close                           0x0003c68d   Thumb Code    32  app_uart.o(.text)
    nrf_delay_ms                             0x0003c6f1   Thumb Code    24  nrf_delay.o(.text)
    nrf_drv_common_irq_enable                0x0003c70d   Thumb Code    78  nrf_drv_common.o(.text)
    nrf_drv_gpiote_init                      0x0003c7c7   Thumb Code    74  nrf_drv_gpiote.o(.text)
    nrf_drv_gpiote_is_init                   0x0003c811   Thumb Code    14  nrf_drv_gpiote.o(.text)
    nrf_drv_gpiote_in_event_disable          0x0003c81f   Thumb Code    70  nrf_drv_gpiote.o(.text)
    nrf_drv_gpiote_in_uninit                 0x0003c865   Thumb Code    68  nrf_drv_gpiote.o(.text)
    nrf_drv_gpiote_out_init                  0x0003c8a9   Thumb Code   128  nrf_drv_gpiote.o(.text)
    nrf_drv_gpiote_in_init                   0x0003c929   Thumb Code   130  nrf_drv_gpiote.o(.text)
    nrf_drv_gpiote_in_event_enable           0x0003c9ab   Thumb Code   138  nrf_drv_gpiote.o(.text)
    nrf_drv_gpiote_in_is_set                 0x0003ca35   Thumb Code    16  nrf_drv_gpiote.o(.text)
    GPIOTE_IRQHandler                        0x0003ca45   Thumb Code   226  nrf_drv_gpiote.o(.text)
    pstorage_sys_event_handler               0x0003cc6d   Thumb Code   142  pstorage_raw.o(.text)
    pstorage_init                            0x0003ccfb   Thumb Code    54  pstorage_raw.o(.text)
    pstorage_register                        0x0003cd31   Thumb Code    34  pstorage_raw.o(.text)
    pstorage_store                           0x0003cd53   Thumb Code    50  pstorage_raw.o(.text)
    pstorage_clear                           0x0003cd85   Thumb Code    18  pstorage_raw.o(.text)
    app_error_handler                        0x0003cdcd   Thumb Code    16  app_error.o(.text)
    app_sched_init                           0x0003cde5   Thumb Code    40  app_scheduler.o(.text)
    app_sched_event_put                      0x0003ce0d   Thumb Code   240  app_scheduler.o(.text)
    app_sched_execute                        0x0003cefd   Thumb Code    30  app_scheduler.o(.text)
    RTC1_IRQHandler                          0x0003d1fb   Thumb Code    22  app_timer.o(.text)
    SWI0_IRQHandler                          0x0003d211   Thumb Code    78  app_timer.o(.text)
    app_timer_init                           0x0003d25f   Thumb Code   166  app_timer.o(.text)
    app_timer_create                         0x0003d305   Thumb Code    72  app_timer.o(.text)
    app_timer_start                          0x0003d3c1   Thumb Code   122  app_timer.o(.text)
    app_timer_stop                           0x0003d43b   Thumb Code    82  app_timer.o(.text)
    app_timer_evt_schedule                   0x0003d69b   Thumb Code    18  app_timer_appsh.o(.text)
    bootloader_app_is_valid                  0x0003d6f7   Thumb Code    62  bootloader.o(.text)
    bootloader_dfu_update_process            0x0003d76b   Thumb Code   222  bootloader.o(.text)
    bootloader_init                          0x0003d849   Thumb Code    36  bootloader.o(.text)
    bootloader_dfu_start                     0x0003d86d   Thumb Code    24  bootloader.o(.text)
    bootloader_app_start                     0x0003d885   Thumb Code    80  bootloader.o(.text)
    bootloader_dfu_sd_in_progress            0x0003d8d5   Thumb Code    30  bootloader.o(.text)
    bootloader_dfu_sd_update_continue        0x0003d8f3   Thumb Code    76  bootloader.o(.text)
    bootloader_dfu_sd_update_finalize        0x0003d93f   Thumb Code    38  bootloader.o(.text)
    bootloader_settings_get                  0x0003d965   Thumb Code    46  bootloader.o(.text)
    bootloader_util_settings_get             0x0003d9a5   Thumb Code    92  bootloader_settings.o(.text)
    bootloader_util_app_start                0x0003da1d   Thumb Code     8  bootloader_util.o(.text)
    crc16_compute                            0x0003da25   Thumb Code    54  crc16.o(.text)
    dfu_init                                 0x0003dc51   Thumb Code   132  dfu_dual_bank.o(.text)
    dfu_register_callback                    0x0003dcd5   Thumb Code     6  dfu_dual_bank.o(.text)
    dfu_start_pkt_handle                     0x0003dcdb   Thumb Code   158  dfu_dual_bank.o(.text)
    dfu_data_pkt_handle                      0x0003dd79   Thumb Code   104  dfu_dual_bank.o(.text)
    dfu_init_pkt_complete                    0x0003dde1   Thumb Code    46  dfu_dual_bank.o(.text)
    dfu_init_pkt_handle                      0x0003de0f   Thumb Code   134  dfu_dual_bank.o(.text)
    dfu_image_validate                       0x0003de95   Thumb Code    54  dfu_dual_bank.o(.text)
    dfu_image_activate                       0x0003decb   Thumb Code    42  dfu_dual_bank.o(.text)
    dfu_sd_image_swap                        0x0003df39   Thumb Code   116  dfu_dual_bank.o(.text)
    dfu_bl_image_swap                        0x0003dfad   Thumb Code    64  dfu_dual_bank.o(.text)
    dfu_bl_image_validate                    0x0003dfed   Thumb Code    64  dfu_dual_bank.o(.text)
    dfu_sd_image_validate                    0x0003e02d   Thumb Code    88  dfu_dual_bank.o(.text)
    dfu_init_prevalidate                     0x0003e0b9   Thumb Code   118  dfu_init_template.o(.text)
    dfu_init_postvalidate                    0x0003e12f   Thumb Code    30  dfu_init_template.o(.text)
    rpc_transport_event_handler              0x0003e239   Thumb Code   128  dfu_transport_serial.o(.text)
    dfu_transport_update_start               0x0003e2b9   Thumb Code    68  dfu_transport_serial.o(.text)
    dfu_transport_close                      0x0003e2fd   Thumb Code    22  dfu_transport_serial.o(.text)
    hci_mem_pool_open                        0x0003e325   Thumb Code    30  hci_mem_pool.o(.text)
    hci_mem_pool_close                       0x0003e343   Thumb Code     4  hci_mem_pool.o(.text)
    hci_mem_pool_rx_produce                  0x0003e347   Thumb Code    82  hci_mem_pool.o(.text)
    hci_mem_pool_rx_consume                  0x0003e399   Thumb Code   104  hci_mem_pool.o(.text)
    hci_mem_pool_rx_data_size_set            0x0003e401   Thumb Code    26  hci_mem_pool.o(.text)
    hci_mem_pool_rx_extract                  0x0003e41b   Thumb Code    72  hci_mem_pool.o(.text)
    hci_slip_evt_handler_register            0x0003e5fd   Thumb Code     8  hci_slip.o(.text)
    hci_slip_open                            0x0003e605   Thumb Code    54  hci_slip.o(.text)
    hci_slip_close                           0x0003e63b   Thumb Code    16  hci_slip.o(.text)
    hci_slip_write                           0x0003e64b   Thumb Code    54  hci_slip.o(.text)
    hci_slip_rx_buffer_register              0x0003e681   Thumb Code    18  hci_slip.o(.text)
    slip_event_handle                        0x0003e885   Thumb Code   184  hci_transport.o(.text)
    hci_transport_evt_handler_reg            0x0003e93d   Thumb Code    38  hci_transport.o(.text)
    hci_transport_timeout_handle             0x0003e963   Thumb Code     4  hci_transport.o(.text)
    hci_transport_open                       0x0003e967   Thumb Code    88  hci_transport.o(.text)
    hci_transport_close                      0x0003e9bf   Thumb Code    66  hci_transport.o(.text)
    hci_transport_rx_pkt_extract             0x0003ea01   Thumb Code    62  hci_transport.o(.text)
    hci_transport_rx_pkt_consume             0x0003ea3f   Thumb Code    10  hci_transport.o(.text)
    softdevice_assertion_handler             0x0003ea75   Thumb Code    12  softdevice_handler.o(.text)
    intern_softdevice_events_execute         0x0003ea81   Thumb Code   124  softdevice_handler.o(.text)
    softdevice_handler_init                  0x0003eafd   Thumb Code    40  softdevice_handler.o(.text)
    softdevice_sys_evt_handler_set           0x0003eb25   Thumb Code    16  softdevice_handler.o(.text)
    SWI2_IRQHandler                          0x0003eb35   Thumb Code    32  softdevice_handler.o(.text)
    softdevice_evt_get                       0x0003eb5d   Thumb Code    22  softdevice_handler_appsh.o(.text)
    softdevice_evt_schedule                  0x0003eb73   Thumb Code    14  softdevice_handler_appsh.o(.text)
    __aeabi_uidiv                            0x0003eb85   Thumb Code     0  uidiv.o(.text)
    __aeabi_uidivmod                         0x0003eb85   Thumb Code    44  uidiv.o(.text)
    __aeabi_memcpy                           0x0003ebb1   Thumb Code    36  memcpya.o(.text)
    __aeabi_memcpy4                          0x0003ebb1   Thumb Code     0  memcpya.o(.text)
    __aeabi_memcpy8                          0x0003ebb1   Thumb Code     0  memcpya.o(.text)
    __aeabi_memset                           0x0003ebd5   Thumb Code    14  memseta.o(.text)
    __aeabi_memset4                          0x0003ebd5   Thumb Code     0  memseta.o(.text)
    __aeabi_memset8                          0x0003ebd5   Thumb Code     0  memseta.o(.text)
    __aeabi_memclr                           0x0003ebe3   Thumb Code     4  memseta.o(.text)
    __aeabi_memclr4                          0x0003ebe3   Thumb Code     0  memseta.o(.text)
    __aeabi_memclr8                          0x0003ebe3   Thumb Code     0  memseta.o(.text)
    _memset$wrapper                          0x0003ebe7   Thumb Code    18  memseta.o(.text)
    __aeabi_uread4                           0x0003ebf9   Thumb Code    20  uread4.o(.text)
    __rt_uread4                              0x0003ebf9   Thumb Code     0  uread4.o(.text)
    _uread4                                  0x0003ebf9   Thumb Code     0  uread4.o(.text)
    __scatterload                            0x0003ec0d   Thumb Code    28  init.o(.text)
    __scatterload_rt2                        0x0003ec0d   Thumb Code     0  init.o(.text)
    __ARM_common_switch8                     0x0003ec31   Thumb Code    26  ble_srv_common.o(i.__ARM_common_switch8)
    __scatterload_copy                       0x0003ec4b   Thumb Code    14  handlers.o(i.__scatterload_copy)
    __scatterload_null                       0x0003ec59   Thumb Code     2  handlers.o(i.__scatterload_null)
    __scatterload_zeroinit                   0x0003ec5b   Thumb Code    14  handlers.o(i.__scatterload_zeroinit)
    Region$$Table$$Base                      0x0003ece4   Number         0  anon$$obj.o(Region$$Table)
    Region$$Table$$Limit                     0x0003ed04   Number         0  anon$$obj.o(Region$$Table)
    m_boot_settings                          0x0003fc00   Data        1024  bootloader_settings.o(.ARM.__AT_0x0003FC00)
    m_uicr_bootloader_start_address          0x10001014   Data           4  bootloader_settings.o(.ARM.__AT_0x10001014)
    SystemCoreClock                          0x20002000   Data           4  system_nrf51.o(.data)
    send_tx_byte                             0x20002098   Data           4  hci_slip.o(.data)
    __initial_sp                             0x20003410   Data           0  arm_startup_nrf51.o(STACK)



==============================================================================

Memory Map of the image

  Image Entry point : 0x0003c0c1

  Load Region LR_IROM1 (Base: 0x0003c000, Size: 0x00002e04, Max: 0x00003c00, ABSOLUTE)

    Execution Region ER_IROM1 (Base: 0x0003c000, Size: 0x00002d04, Max: 0x00003c00, ABSOLUTE)

    Base Addr    Size         Type   Attr      Idx    E Section Name        Object

    0x0003c000   0x000000c0   Data   RO          186    RESET               arm_startup_nrf51.o
    0x0003c0c0   0x00000000   Code   RO         1123  * .ARM.Collect$$$$00000000  mc_p.l(entry.o)
    0x0003c0c0   0x00000004   Code   RO         1138    .ARM.Collect$$$$00000001  mc_p.l(entry2.o)
    0x0003c0c4   0x00000004   Code   RO         1141    .ARM.Collect$$$$00000004  mc_p.l(entry5.o)
    0x0003c0c8   0x00000000   Code   RO         1143    .ARM.Collect$$$$00000008  mc_p.l(entry7b.o)
    0x0003c0c8   0x00000000   Code   RO         1145    .ARM.Collect$$$$0000000A  mc_p.l(entry8b.o)
    0x0003c0c8   0x00000008   Code   RO         1146    .ARM.Collect$$$$0000000B  mc_p.l(entry9a.o)
    0x0003c0d0   0x00000000   Code   RO         1148    .ARM.Collect$$$$0000000D  mc_p.l(entry10a.o)
    0x0003c0d0   0x00000000   Code   RO         1150    .ARM.Collect$$$$0000000F  mc_p.l(entry11a.o)
    0x0003c0d0   0x00000004   Code   RO         1139    .ARM.Collect$$$$00002712  mc_p.l(entry2.o)
    0x0003c0d4   0x0000001e   Code   RO          453    .emb_text           nrf_delay.o
    0x0003c0f2   0x00000002   PAD
    0x0003c0f4   0x0000001e   Code   RO          693    .emb_text           app_timer.o
    0x0003c112   0x00000002   PAD
    0x0003c114   0x00000034   Code   RO          821    .emb_text           bootloader_util.o
    0x0003c148   0x00000208   Code   RO            3    .text               main.o
    0x0003c350   0x00000038   Code   RO          187    .text               arm_startup_nrf51.o
    0x0003c388   0x00000098   Code   RO          194    .text               system_nrf51.o
    0x0003c420   0x000002d0   Code   RO          384    .text               app_uart.o
    0x0003c6f0   0x0000001c   Code   RO          454    .text               nrf_delay.o
    0x0003c70c   0x00000060   Code   RO          484    .text               nrf_drv_common.o
    0x0003c76c   0x00000438   Code   RO          510    .text               nrf_drv_gpiote.o
    0x0003cba4   0x00000228   Code   RO          607    .text               pstorage_raw.o
    0x0003cdcc   0x00000018   Code   RO          642    .text               app_error.o
    0x0003cde4   0x00000184   Code   RO          662    .text               app_scheduler.o
    0x0003cf68   0x00000718   Code   RO          694    .text               app_timer.o
    0x0003d680   0x00000030   Code   RO          741    .text               app_timer_appsh.o
    0x0003d6b0   0x000002f4   Code   RO          756    .text               bootloader.o
    0x0003d9a4   0x00000078   Code   RO          795    .text               bootloader_settings.o
    0x0003da1c   0x00000008   Code   RO          822    .text               bootloader_util.o
    0x0003da24   0x0000003c   Code   RO          837    .text               crc16.o
    0x0003da60   0x00000658   Code   RO          851    .text               dfu_dual_bank.o
    0x0003e0b8   0x000000a4   Code   RO          900    .text               dfu_init_template.o
    0x0003e15c   0x000001c8   Code   RO          923    .text               dfu_transport_serial.o
    0x0003e324   0x0000014c   Code   RO          946    .text               hci_mem_pool.o
    0x0003e470   0x0000024c   Code   RO          981    .text               hci_slip.o
    0x0003e6bc   0x000003b8   Code   RO         1014    .text               hci_transport.o
    0x0003ea74   0x000000e8   Code   RO         1071    .text               softdevice_handler.o
    0x0003eb5c   0x00000028   Code   RO         1105    .text               softdevice_handler_appsh.o
    0x0003eb84   0x0000002c   Code   RO         1126    .text               mc_p.l(uidiv.o)
    0x0003ebb0   0x00000024   Code   RO         1128    .text               mc_p.l(memcpya.o)
    0x0003ebd4   0x00000024   Code   RO         1130    .text               mc_p.l(memseta.o)
    0x0003ebf8   0x00000014   Code   RO         1136    .text               mc_p.l(uread4.o)
    0x0003ec0c   0x00000024   Code   RO         1152    .text               mc_p.l(init.o)
    0x0003ec30   0x0000001a   Code   RO          377    i.__ARM_common_switch8  ble_srv_common.o
    0x0003ec4a   0x0000000e   Code   RO         1156    i.__scatterload_copy  mc_p.l(handlers.o)
    0x0003ec58   0x00000002   Code   RO         1157    i.__scatterload_null  mc_p.l(handlers.o)
    0x0003ec5a   0x0000000e   Code   RO         1158    i.__scatterload_zeroinit  mc_p.l(handlers.o)
    0x0003ec68   0x00000010   Data   RO            5    .constdata          main.o
    0x0003ec78   0x00000008   Data   RO          388    .constdata          app_uart.o
    0x0003ec80   0x00000020   Data   RO          758    .constdata          bootloader.o
    0x0003eca0   0x00000020   Data   RO          855    .constdata          dfu_dual_bank.o
    0x0003ecc0   0x00000024   Data   RO          982    .constdata          hci_slip.o
    0x0003ece4   0x00000020   Data   RO         1154    Region$$Table       anon$$obj.o


    Execution Region RW_IRAM1 (Base: 0x20002000, Size: 0x00001410, Max: 0x00001f80, ABSOLUTE)

    Base Addr    Size         Type   Attr      Idx    E Section Name        Object

    0x20002000   0x00000004   Data   RW          195    .data               system_nrf51.o
    0x20002004   0x0000000c   Data   RW          389    .data               app_uart.o
    0x20002010   0x00000010   Data   RW          610    .data               pstorage_raw.o
    0x20002020   0x00000010   Data   RW          663    .data               app_scheduler.o
    0x20002030   0x00000024   Data   RW          698    .data               app_timer.o
    0x20002054   0x0000000c   Data   RW          759    .data               bootloader.o
    0x20002060   0x0000002c   Data   RW          856    .data               dfu_dual_bank.o
    0x2000208c   0x00000001   Data   RW          902    .data               dfu_init_template.o
    0x2000208d   0x00000001   Data   RW          950    .data               hci_mem_pool.o
    0x2000208e   0x00000002   PAD
    0x20002090   0x00000028   Data   RW          983    .data               hci_slip.o
    0x200020b8   0x00000031   Data   RW         1020    .data               hci_transport.o
    0x200020e9   0x00000003   PAD
    0x200020ec   0x00000014   Data   RW         1074    .data               softdevice_handler.o
    0x20002100   0x000003d8   Zero   RW            4    .bss                main.o
    0x200024d8   0x00000038   Zero   RW          522    .bss                nrf_drv_gpiote.o
    0x20002510   0x000000f4   Zero   RW          609    .bss                pstorage_raw.o
    0x20002604   0x0000001c   Zero   RW          757    .bss                bootloader.o
    0x20002620   0x0000001c   Zero   RW          798    .bss                bootloader_settings.o
    0x2000263c   0x0000009c   Zero   RW          854    .bss                dfu_dual_bank.o
    0x200026d8   0x0000000a   Zero   RW          901    .bss                dfu_init_template.o
    0x200026e2   0x00000002   PAD
    0x200026e4   0x00000034   Zero   RW          924    .bss                dfu_transport_serial.o
    0x20002718   0x000004f4   Zero   RW          949    .bss                hci_mem_pool.o
    0x20002c0c   0x00000004   PAD
    0x20002c10   0x00000800   Zero   RW          184    STACK               arm_startup_nrf51.o



  Load Region LR$$.ARM.__AT_0x0003FC00 (Base: 0x0003fc00, Size: 0x00000000, Max: 0x00000400, ABSOLUTE)

    Execution Region ER$$.ARM.__AT_0x0003FC00 (Base: 0x0003fc00, Size: 0x00000400, Max: 0x00000400, ABSOLUTE, UNINIT)

    Base Addr    Size         Type   Attr      Idx    E Section Name        Object

    0x0003fc00   0x00000400   Zero   RW          796    .ARM.__AT_0x0003FC00  bootloader_settings.o



  Load Region LR$$.ARM.__AT_0x10001014 (Base: 0x10001014, Size: 0x00000004, Max: 0x00000004, ABSOLUTE)

    Execution Region ER$$.ARM.__AT_0x10001014 (Base: 0x10001014, Size: 0x00000004, Max: 0x00000004, ABSOLUTE, UNINIT)

    Base Addr    Size         Type   Attr      Idx    E Section Name        Object

    0x10001014   0x00000004   Data   RW          797    .ARM.__AT_0x10001014  bootloader_settings.o


==============================================================================

Image component sizes


      Code (inc. data)   RO Data    RW Data    ZI Data      Debug   Object Name

        24          8          0          0          0       1120   app_error.o
       388         16          0         16          0      11003   app_scheduler.o
      1846         72          0         36          0      17253   app_timer.o
        48          4          0          0          0       1361   app_timer_appsh.o
       720         56          8         12          0      21786   app_uart.o
        56         18        192          0       2048        692   arm_startup_nrf51.o
        26          0          0          0          0         72   ble_srv_common.o
       756         18         32         12         28      11676   bootloader.o
       120          8          0          4       1052       3481   bootloader_settings.o
        60          2          0          0          0       1124   bootloader_util.o
        60          6          0          0          0       1096   crc16.o
      1624         64         32         44        156      11546   dfu_dual_bank.o
       164         16          0          1         10       2157   dfu_init_template.o
       456         18          0          0         52       5421   dfu_transport_serial.o
       332         14          0          1       1268       3877   hci_mem_pool.o
       588         42         36         40          0       5767   hci_slip.o
       952         18          0         49          0       7400   hci_transport.o
       520         62         16          0        984      75055   main.o
        58          4          0          0          0       1555   nrf_delay.o
        96         18          0          0          0       1472   nrf_drv_common.o
      1080         40          0          0         56      14895   nrf_drv_gpiote.o
       552         10          0         16        244       6855   pstorage_raw.o
       232          8          0         20          0       3287   softdevice_handler.o
        40          4          0          0          0       1493   softdevice_handler_appsh.o
       152         22          0          4          0       1695   system_nrf51.o

    ----------------------------------------------------------------------
     10954        548        348        260       5904     213139   Object Totals
         0          0         32          0          0          0   (incl. Generated)
         4          0          0          5          6          0   (incl. Padding)

    ----------------------------------------------------------------------

      Code (inc. data)   RO Data    RW Data    ZI Data      Debug   Library Member Name

         0          0          0          0          0          0   entry.o
         0          0          0          0          0          0   entry10a.o
         0          0          0          0          0          0   entry11a.o
         8          4          0          0          0          0   entry2.o
         4          0          0          0          0          0   entry5.o
         0          0          0          0          0          0   entry7b.o
         0          0          0          0          0          0   entry8b.o
         8          4          0          0          0          0   entry9a.o
        30          0          0          0          0          0   handlers.o
        36          8          0          0          0         68   init.o
        36          0          0          0          0         60   memcpya.o
        36          0          0          0          0        100   memseta.o
        44          0          0          0          0         72   uidiv.o
        20          0          0          0          0         60   uread4.o

    ----------------------------------------------------------------------
       222         16          0          0          0        360   Library Totals
         0          0          0          0          0          0   (incl. Padding)

    ----------------------------------------------------------------------

      Code (inc. data)   RO Data    RW Data    ZI Data      Debug   Library Name

       222         16          0          0          0        360   mc_p.l

    ----------------------------------------------------------------------
       222         16          0          0          0        360   Library Totals

    ----------------------------------------------------------------------

==============================================================================


      Code (inc. data)   RO Data    RW Data    ZI Data      Debug   

     11176        564        348        260       5904     211751   Grand Totals
     11176        564        348        260       5904     211751   ELF Image Totals
     11176        564        348        260          0          0   ROM Totals

==============================================================================

    Total RO  Size (Code + RO Data)                11524 (  11.25kB)
    Total RW  Size (RW Data + ZI Data)              6164 (   6.02kB)
    Total ROM Size (Code + RO Data + RW Data)      11784 (  11.51kB)

==============================================================================

