Component: ARM Compiler 5.06 update 2 (build 183) Tool: armlink [4d35b7]

==============================================================================

Section Cross References

    main.o(i.Clock_1s_cb) refers to idea_ui_menu.o(i.Ui_menu_1s) for Ui_menu_1s
    main.o(i.advertising_init) refers to rt_memclr.o(.text) for __aeabi_memclr4
    main.o(i.advertising_init) refers to ble_advertising.o(i.ble_advertising_init) for ble_advertising_init
    main.o(i.advertising_init) refers to app_error.o(i.app_error_handler) for app_error_handler
    main.o(i.advertising_init) refers to main.o(.data) for m_adv_uuids
    main.o(i.advertising_init) refers to main.o(i.on_adv_evt) for on_adv_evt
    main.o(i.assert_nrf_callback) refers to app_error.o(i.app_error_handler) for app_error_handler
    main.o(i.bas_init) refers to rt_memclr.o(.text) for __aeabi_memclr4
    main.o(i.bas_init) refers to ble_bas.o(i.ble_bas_init) for ble_bas_init
    main.o(i.bas_init) refers to app_error.o(i.app_error_handler) for app_error_handler
    main.o(i.bas_init) refers to idea_battery.o(i.register_battery_up_callback) for register_battery_up_callback
    main.o(i.bas_init) refers to main.o(.bss) for m_bas
    main.o(i.bas_init) refers to main.o(i.battery_up) for battery_up
    main.o(i.battery_up) refers to ble_bas.o(i.ble_bas_battery_level_update) for ble_bas_battery_level_update
    main.o(i.battery_up) refers to app_error.o(i.app_error_handler) for app_error_handler
    main.o(i.battery_up) refers to idea_charging.o(i.charger_status) for charger_status
    main.o(i.battery_up) refers to ble_debug_assert_handler.o(i.low_power_info_store) for low_power_info_store
    main.o(i.battery_up) refers to idea_low_power_mode.o(i.power_system_off) for power_system_off
    main.o(i.battery_up) refers to idea_charging.o(i.update_charging_status) for update_charging_status
    main.o(i.battery_up) refers to main.o(.bss) for m_bas
    main.o(i.battery_up) refers to main.o(.data) for low_power_count
    main.o(i.ble_devinfo_serv_init) refers to rt_memclr.o(.text) for __aeabi_memclr4
    main.o(i.ble_devinfo_serv_init) refers to ble_srv_common.o(i.ble_srv_ascii_to_utf8) for ble_srv_ascii_to_utf8
    main.o(i.ble_devinfo_serv_init) refers to ble_flash.o(i.ble_flash_page_addr) for ble_flash_page_addr
    main.o(i.ble_devinfo_serv_init) refers to idea_factory_test.o(i.is_factory_test_done) for is_factory_test_done
    main.o(i.ble_devinfo_serv_init) refers to ble_dis.o(i.ble_dis_init) for ble_dis_init
    main.o(i.ble_devinfo_serv_init) refers to app_error.o(i.app_error_handler) for app_error_handler
    main.o(i.ble_evt_dispatch) refers to ble_radio_notification.o(i.set_global_bluetooth_status) for set_global_bluetooth_status
    main.o(i.ble_evt_dispatch) refers to idea_ble_nus.o(i.ble_nus_on_ble_evt) for ble_nus_on_ble_evt
    main.o(i.ble_evt_dispatch) refers to ble_conn_params.o(i.ble_conn_params_on_ble_evt) for ble_conn_params_on_ble_evt
    main.o(i.ble_evt_dispatch) refers to ble_bas.o(i.ble_bas_on_ble_evt) for ble_bas_on_ble_evt
    main.o(i.ble_evt_dispatch) refers to main.o(i.on_ble_evt) for on_ble_evt
    main.o(i.ble_evt_dispatch) refers to main.o(.bss) for m_nus
    main.o(i.ble_nus_service_init) refers to idea_ble_nus.o(i.ble_nus_init) for ble_nus_init
    main.o(i.ble_nus_service_init) refers to app_error.o(i.app_error_handler) for app_error_handler
    main.o(i.ble_nus_service_init) refers to main.o(.data) for nus_init
    main.o(i.ble_nus_service_init) refers to idea_communicate_protocol.o(i.L1_receive_data) for L1_receive_data
    main.o(i.ble_nus_service_init) refers to idea_communicate_protocol.o(i.bluetooth_l0_reset) for bluetooth_l0_reset
    main.o(i.ble_nus_service_init) refers to main.o(.bss) for m_nus
    main.o(i.ble_stack_init) refers to softdevice_handler.o(i.softdevice_handler_init) for softdevice_handler_init
    main.o(i.ble_stack_init) refers to app_error.o(i.app_error_handler) for app_error_handler
    main.o(i.ble_stack_init) refers to softdevice_handler.o(i.softdevice_ble_evt_handler_set) for softdevice_ble_evt_handler_set
    main.o(i.ble_stack_init) refers to main.o(.bss) for BLE_EVT_BUFFER
    main.o(i.ble_stack_init) refers to main.o(i.ble_evt_dispatch) for ble_evt_dispatch
    main.o(i.bsp_event_handler) refers to main.o(i.sleep_mode_enter) for sleep_mode_enter
    main.o(i.bsp_event_handler) refers to app_error.o(i.app_error_handler) for app_error_handler
    main.o(i.bsp_event_handler) refers to ble_advertising.o(i.ble_advertising_restart_without_whitelist) for ble_advertising_restart_without_whitelist
    main.o(i.bsp_event_handler) refers to main.o(.data) for m_conn_handle
    main.o(i.buttons_leds_init) refers to bsp.o(i.bsp_init) for bsp_init
    main.o(i.buttons_leds_init) refers to app_error.o(i.app_error_handler) for app_error_handler
    main.o(i.buttons_leds_init) refers to bsp_btn_ble.o(i.bsp_btn_ble_init) for bsp_btn_ble_init
[...]
    should_update_prv_bond_info              0x20002121   Data           1  idea_private_bond.o(.data)
    SPIMasterBuffer                          0x20002124   Data           8  idea_spi_master.o(.data)
    SPISlaveBuffer                           0x2000212c   Data           8  idea_spi_master.o(.data)
    SPIReadLength                            0x20002134   Data           1  idea_spi_master.o(.data)
    SPIWriteLength                           0x20002135   Data           1  idea_spi_master.o(.data)
    SEL_SS_PINOUT                            0x20002138   Data           4  idea_spi_master.o(.data)
    m_sensor_timer_id                        0x20002144   Data           4  idea_step_counter.o(.data)
    mSportsData                              0x20002170   Data           8  idea_step_counter.o(.data)
    mSportHead                               0x20002178   Data           4  idea_step_counter.o(.data)
    mSleepData                               0x2000217c   Data           4  idea_step_counter.o(.data)
    mSleepHead                               0x20002180   Data           4  idea_step_counter.o(.data)
    notify_steps_enable                      0x20002185   Data           1  idea_step_counter.o(.data)
    m_double_tap_timer_id                    0x20002188   Data           4  idea_step_counter.o(.data)
    manual_sleep_event                       0x20002198   Data           4  idea_switch_sleep.o(.data)
    sleep_events_buff                        0x2000219c   Data           4  idea_switch_sleep.o(.data)
    manual_sleep_events_head_data            0x200021a0   Data           4  idea_switch_sleep.o(.data)
    manual_sleep_events_head                 0x200021a4   Data           4  idea_switch_sleep.o(.data)
    g_sports_send_buffer                     0x200021bc   Data           4  idea_sync_data.o(.data)
    g_sleep_send_buffer                      0x200021c0   Data           4  idea_sync_data.o(.data)
    sending_flag                             0x200021c4   Data           1  idea_sync_data.o(.data)
    g_saved_SportsData                       0x200021c8   Data           8  idea_sync_data.o(.data)
    g_saved_SleepData                        0x200021d0   Data           8  idea_sync_data.o(.data)
    sending_steps                            0x200021d8   Data           2  idea_sync_data.o(.data)
    send_data_timer                          0x200021e4   Data           4  idea_sync_data.o(.data)
    p_last_send_sport_addr                   0x200021e8   Data           4  idea_sync_data.o(.data)
    sport_send_error_count                   0x200021ec   Data           1  idea_sync_data.o(.data)
    p_last_send_sleep_addr                   0x200021f0   Data           4  idea_sync_data.o(.data)
    sleep_send_error_count                   0x200021f4   Data           1  idea_sync_data.o(.data)
    sync_process_buffer                      0x200021f5   Data           5  idea_sync_data.o(.data)
    sync_process_start_send                  0x200021fa   Data           1  idea_sync_data.o(.data)
    send_time_started                        0x20002200   Data           1  idea_sync_data.o(.data)
    alarm_later                              0x20002204   Data           1  idea_wall_clock_timer.o(.data)
    Global_Time                              0x2000220c   Data           8  idea_wall_clock_timer.o(.data)
    clock_1second_cbs                        0x20002218   Data           4  idea_wall_clock_timer.o(.data)
    m_event                                  0x20002220   Data           5  idea_event.o(.data)
    event_input_cb                           0x20002228   Data           4  idea_event.o(.data)
    flash_page_data                          0x2000229c   Data           4  ble_debug_assert_handler.o(.data)
    m_erase_flash_timer_id                   0x2000232c   Data           4  ble_flash.o(.data)
    flash_page_to_erase_Q                    0x20002332   Data           8  ble_flash.o(.data)
    flash_page_to_erase_Q_len                0x2000233a   Data           1  ble_flash.o(.data)
    radio_inactive_time                      0x2000233c   Data           4  ble_flash.o(.data)
    m_enabled_users_mask                     0x20002394   Data           4  app_gpiote.o(.data)
    m_user_array_size                        0x20002398   Data           1  app_gpiote.o(.data)
    m_user_count                             0x20002399   Data           1  app_gpiote.o(.data)
    mp_users                                 0x2000239c   Data           4  app_gpiote.o(.data)
    SystemCoreClock                          0x200023b8   Data           4  system_nrf51.o(.data)
    g_error_desc                             0x200023f0   Data           4  health-algorithm-inner.o(.data)
    g_peak_save_index                        0x20002418   Data           1  distance-calculate.o(.data)
    g_data_index                             0x20002419   Data           1  distance-calculate.o(.data)
    g_isfemale                               0x2000241a   Data           1  distance-calculate.o(.data)
    g_height_cm                              0x2000241c   Data           2  distance-calculate.o(.data)
    g_weight_kg                              0x2000241e   Data           2  distance-calculate.o(.data)
    g_age                                    0x20002420   Data           2  distance-calculate.o(.data)
    g_nSampleRate                            0x20002438   Data           4  sleep-detect-algorithm.o(.data)
    g_cEventMonitor                          0x2000243c   Data           4  sleep-detect-algorithm.o(.data)
    g_aState2Mode                            0x20002440   Data          12  sleep-detect-algorithm.o(.data)
    g_aTatWeights                            0x2000244c   Data          28  sleep-detect-algorithm.o(.data)
    m_bas                                    0x200024d4   Data          24  main.o(.bss)
    m_nus                                    0x200024ec   Data          32  main.o(.bss)
    global_reponse_buffer                    0x20002db8   Data         200  idea_communicate_protocol.o(.bss)
    SERIAL_NUMBER                            0x20002f38   Data          32  idea_factory_test.o(.bss)
    accData                                  0x20002f58   Data         192  idea_hal_acc.o(.bss)
    user_id                                  0x20003018   Data          32  idea_private_bond.o(.bss)
    spim_dma_rxbuf                           0x20003038   Data         260  idea_spi_flash.o(.bss)
    g_sports_send_buffer_align               0x20003198   Data          80  idea_sync_data.o(.bss)
    g_sleep_send_buffer_align                0x200031e8   Data          48  idea_sync_data.o(.bss)
    m_ble_error_log                          0x20003380   Data         392  ble_error_log.o(.bss)
    g_peak_save                              0x200037a0   Data          10  distance-calculate.o(.bss)
    g_step_save                              0x200037aa   Data          10  distance-calculate.o(.bss)
    g_step_freq_save                         0x200037b4   Data          20  distance-calculate.o(.bss)
    g_data_x                                 0x200037c8   Data          60  distance-calculate.o(.bss)
    g_data_y                                 0x20003804   Data          60  distance-calculate.o(.bss)
    g_data_z                                 0x20003840   Data          60  distance-calculate.o(.bss)
    g_data_compose                           0x2000387c   Data          60  distance-calculate.o(.bss)
    g_data_timestamp                         0x200038b8   Data         240  distance-calculate.o(.bss)
    g_cRollDetector                          0x200039c0   Data         160  sleep-detect-algorithm.o(.bss)
    g_cEpochMaker                            0x20003a60   Data          16  sleep-detect-algorithm.o(.bss)
    g_cEpochBuffer                           0x20003a70   Data          48  sleep-detect-algorithm.o(.bss)
    __libspace_start                         0x20003ab4   Data          96  libspace.o(.bss)
    __temporary_stack_top$libspace           0x20003b14   Data           0  libspace.o(.bss)



==============================================================================

Memory Map of the image

  Image Entry point : 0x000180c1

  Load Region LR_IROM1 (Base: 0x00018000, Size: 0x00011a50, Max: 0x00028000, ABSOLUTE, COMPRESSED[0x00011624])

    Execution Region ER_IROM1 (Base: 0x00018000, Size: 0x00011588, Max: 0x00028000, ABSOLUTE)

    Base Addr    Size         Type   Attr      Idx    E Section Name        Object

    0x00018000   0x000000c0   Data   RO         5835    RESET               arm_startup_nrf51.o
    0x000180c0   0x00000008   Code   RO         6003  * !!!main             c_p.l(__main.o)
    0x000180c8   0x0000003c   Code   RO         6302    !!!scatter          c_p.l(__scatter.o)
    0x00018104   0x0000001c   Code   RO         6304    !!handler_zi        c_p.l(__scatter_zi.o)
    0x00018120   0x00000002   Code   RO         5982    .ARM.Collect$$_printf_percent$$00000000  c_p.l(_printf_percent.o)
    0x00018122   0x0000000a   Code   RO         5980    .ARM.Collect$$_printf_percent$$0000000C  c_p.l(_printf_x.o)
    0x0001812c   0x00000004   Code   RO         6064    .ARM.Collect$$_printf_percent$$00000017  c_p.l(_printf_percent_end.o)
    0x00018130   0x00000002   Code   RO         6158    .ARM.Collect$$libinit$$00000000  c_p.l(libinit.o)
    0x00018132   0x00000000   Code   RO         6183    .ARM.Collect$$libinit$$00000002  c_p.l(libinit2.o)
    0x00018132   0x00000000   Code   RO         6185    .ARM.Collect$$libinit$$00000004  c_p.l(libinit2.o)
    0x00018132   0x00000000   Code   RO         6188    .ARM.Collect$$libinit$$0000000A  c_p.l(libinit2.o)
    0x00018132   0x00000000   Code   RO         6190    .ARM.Collect$$libinit$$0000000C  c_p.l(libinit2.o)
    0x00018132   0x00000000   Code   RO         6192    .ARM.Collect$$libinit$$0000000E  c_p.l(libinit2.o)
    0x00018132   0x00000000   Code   RO         6195    .ARM.Collect$$libinit$$00000011  c_p.l(libinit2.o)
    0x00018132   0x00000000   Code   RO         6197    .ARM.Collect$$libinit$$00000013  c_p.l(libinit2.o)
    0x00018132   0x00000000   Code   RO         6199    .ARM.Collect$$libinit$$00000015  c_p.l(libinit2.o)
    0x00018132   0x00000000   Code   RO         6201    .ARM.Collect$$libinit$$00000017  c_p.l(libinit2.o)
    0x00018132   0x00000000   Code   RO         6203    .ARM.Collect$$libinit$$00000019  c_p.l(libinit2.o)
    0x00018132   0x00000000   Code   RO         6205    .ARM.Collect$$libinit$$0000001B  c_p.l(libinit2.o)
    0x00018132   0x00000000   Code   RO         6207    .ARM.Collect$$libinit$$0000001D  c_p.l(libinit2.o)
    0x00018132   0x00000000   Code   RO         6209    .ARM.Collect$$libinit$$0000001F  c_p.l(libinit2.o)
    0x00018132   0x00000000   Code   RO         6211    .ARM.Collect$$libinit$$00000021  c_p.l(libinit2.o)
    0x00018132   0x00000000   Code   RO         6213    .ARM.Collect$$libinit$$00000023  c_p.l(libinit2.o)
    0x00018132   0x00000000   Code   RO         6215    .ARM.Collect$$libinit$$00000025  c_p.l(libinit2.o)
    0x00018132   0x00000000   Code   RO         6219    .ARM.Collect$$libinit$$0000002C  c_p.l(libinit2.o)
    0x00018132   0x00000000   Code   RO         6221    .ARM.Collect$$libinit$$0000002E  c_p.l(libinit2.o)
    0x00018132   0x00000000   Code   RO         6223    .ARM.Collect$$libinit$$00000030  c_p.l(libinit2.o)
    0x00018132   0x00000000   Code   RO         6225    .ARM.Collect$$libinit$$00000032  c_p.l(libinit2.o)
    0x00018132   0x00000002   Code   RO         6226    .ARM.Collect$$libinit$$00000033  c_p.l(libinit2.o)
    0x00018134   0x00000002   Code   RO         6257    .ARM.Collect$$libshutdown$$00000000  c_p.l(libshutdown.o)
    0x00018136   0x00000000   Code   RO         6283    .ARM.Collect$$libshutdown$$00000002  c_p.l(libshutdown2.o)
    0x00018136   0x00000000   Code   RO         6285    .ARM.Collect$$libshutdown$$00000004  c_p.l(libshutdown2.o)
    0x00018136   0x00000000   Code   RO         6288    .ARM.Collect$$libshutdown$$00000007  c_p.l(libshutdown2.o)
    0x00018136   0x00000000   Code   RO         6291    .ARM.Collect$$libshutdown$$0000000A  c_p.l(libshutdown2.o)
    0x00018136   0x00000000   Code   RO         6293    .ARM.Collect$$libshutdown$$0000000C  c_p.l(libshutdown2.o)
    0x00018136   0x00000000   Code   RO         6296    .ARM.Collect$$libshutdown$$0000000F  c_p.l(libshutdown2.o)
    0x00018136   0x00000002   Code   RO         6297    .ARM.Collect$$libshutdown$$00000010  c_p.l(libshutdown2.o)
    0x00018138   0x00000000   Code   RO         6020    .ARM.Collect$$rtentry$$00000000  c_p.l(__rtentry.o)
    0x00018138   0x00000000   Code   RO         6088    .ARM.Collect$$rtentry$$00000002  c_p.l(__rtentry2.o)
    0x00018138   0x00000006   Code   RO         6100    .ARM.Collect$$rtentry$$00000004  c_p.l(__rtentry4.o)
    0x0001813e   0x00000000   Code   RO         6090    .ARM.Collect$$rtentry$$00000009  c_p.l(__rtentry2.o)
    0x0001813e   0x00000004   Code   RO         6091    .ARM.Collect$$rtentry$$0000000A  c_p.l(__rtentry2.o)
    0x00018142   0x00000000   Code   RO         6093    .ARM.Collect$$rtentry$$0000000C  c_p.l(__rtentry2.o)
    0x00018142   0x00000008   Code   RO         6094    .ARM.Collect$$rtentry$$0000000D  c_p.l(__rtentry2.o)
    0x0001814a   0x00000002   Code   RO         6169    .ARM.Collect$$rtexit$$00000000  c_p.l(rtexit.o)
    0x0001814c   0x00000000   Code   RO         6230    .ARM.Collect$$rtexit$$00000002  c_p.l(rtexit2.o)
    0x0001814c   0x00000004   Code   RO         6231    .ARM.Collect$$rtexit$$00000003  c_p.l(rtexit2.o)
    0x00018150   0x00000006   Code   RO         6232    .ARM.Collect$$rtexit$$00000004  c_p.l(rtexit2.o)
    0x00018156   0x00000002   PAD
    0x00018158   0x0000001e   Code   RO         4539    .emb_text           nrf_delay.o
    0x00018176   0x00000002   PAD
    0x00018178   0x0000001e   Code   RO         5411    .emb_text           app_timer.o
    0x00018196   0x00000002   PAD
    0x00018198   0x00000038   Code   RO         5989    .emb_text           c_p.l(rt_memcpy.o)
    0x000181d0   0x00000050   Code   RO         5836    .text               arm_startup_nrf51.o
    0x00018220   0x000004b8   Code   RO         5887    .text               AlgorithmLibFornrf51.lib(click-algorithm.o)
    0x000186d8   0x000000f4   Code   RO         5896    .text               AlgorithmLibFornrf51.lib(health-algorithm-inner.o)
    0x000187cc   0x00000224   Code   RO         5899    .text               AlgorithmLibFornrf51.lib(distance-calculate.o)
    0x000189f0   0x000005f8   Code   RO         5906    .text               AlgorithmLibFornrf51.lib(sleep-detect-algorithm.o)
    0x00018fe8   0x00000728   Code   RO         5910    .text               AlgorithmLibFornrf51.lib(distance-step.o)
    0x00019710   0x00000420   Code   RO         5914    .text               AlgorithmLibFornrf51.lib(distance-steplength.o)
    0x00019b30   0x00000030   Code   RO         5918    .text               c_p.l(llmul.o)
    0x00019b60   0x00000070   Code   RO         5920    .text               c_p.l(llsdiv.o)
    0x00019bd0   0x0000002c   Code   RO         5924    .text               c_p.l(__2sprintf.o)
    0x00019bfc   0x00000098   Code   RO         5956    .text               c_p.l(_printf_hex_int_ll_ptr.o)
    0x00019c94   0x00000188   Code   RO         5976    .text               c_p.l(__printf_flags_ss_wp.o)
    0x00019e1c   0x0000005a   Code   RO         5983    .text               c_p.l(memcmp.o)
    0x00019e76   0x00000002   PAD
    0x00019e78   0x0000004c   Code   RO         5985    .text               c_p.l(strcpy.o)
    0x00019ec4   0x00000044   Code   RO         5987    .text               c_p.l(strlen.o)
    0x00019f08   0x00000082   Code   RO         5990    .text               c_p.l(rt_memcpy.o)
    0x00019f8a   0x00000040   Code   RO         5993    .text               c_p.l(rt_memclr.o)
    0x00019fca   0x0000015a   Code   RO         5997    .text               c_p.l(aeabi_sdiv.o)
    0x0001a124   0x00000006   Code   RO         6001    .text               c_p.l(heapauxi.o)
    0x0001a12a   0x00000002   PAD
    0x0001a12c   0x00000160   Code   RO         6011    .text               fz_ps.l(fdiv.o)
    0x0001a28c   0x00000030   Code   RO         6014    .text               fz_ps.l(ffixui.o)
    0x0001a2bc   0x0000005e   Code   RO         6016    .text               fz_ps.l(fflti.o)
    0x0001a31a   0x00000102   Code   RO         6025    .text               c_p.l(lludiv.o)
    0x0001a41c   0x000000b0   Code   RO         6031    .text               c_p.l(_printf_intcommon.o)
    0x0001a4cc   0x00000030   Code   RO         6035    .text               c_p.l(_printf_char_common.o)
    0x0001a4fc   0x0000000a   Code   RO         6037    .text               c_p.l(_sputc.o)
    0x0001a506   0x00000002   PAD
    0x0001a508   0x00000064   Code   RO         6076    .text               fz_ps.l(fcmpin.o)
    0x0001a56c   0x0000002e   Code   RO         6121    .text               fz_ps.l(cmpret.o)
    0x0001a59a   0x00000002   PAD
    0x0001a59c   0x00000010   Code   RO         6123    .text               fz_ps.l(fnan2.o)
    0x0001a5ac   0x0000003e   Code   RO         6125    .text               c_p.l(sys_stackheap_outer.o)
    0x0001a5ea   0x00000010   Code   RO         6147    .text               c_p.l(exit.o)
    0x0001a5fa   0x0000005e   Code   RO         6161    .text               fz_ps.l(retnan.o)
    0x0001a658   0x00000008   Code   RO         6165    .text               c_p.l(libspace.o)
    0x0001a660   0x0000000c   Code   RO         6227    .text               c_p.l(sys_exit.o)
    0x0001a66c   0x00000002   Code   RO         6246    .text               c_p.l(use_no_semi.o)
    0x0001a66e   0x00000000   Code   RO         6248    .text               c_p.l(indicate_semi.o)
    0x0001a66e   0x00000056   Code   RO         6300    .text               c_p.l(__dczerorl2.o)
    0x0001a6c4   0x00000110   Code   RO          514    i.ADC_IRQHandler    idea_battery.o
    0x0001a7d4   0x00000008   Code   RO            3    i.Clock_1s_cb       main.o
    0x0001a7dc   0x0000000c   Code   RO         3320    i.Clock_cb_reg      idea_wall_clock_timer.o
    0x0001a7e8   0x00000150   Code   RO         3321    i.ConvertToUTCTime  idea_wall_clock_timer.o
    0x0001a938   0x0000000c   Code   RO         3774    i.Display_colon_on_statues  idea_display.o
    0x0001a944   0x0000000c   Code   RO         3775    i.Display_heart_rate_statues  idea_display.o
    0x0001a950   0x000002a0   Code   RO         3776    i.Display_show_calories_mode  idea_display.o
    0x0001abf0   0x00000054   Code   RO         3777    i.Display_show_charging_mode  idea_display.o
    0x0001ac44   0x000002b4   Code   RO         3778    i.Display_show_distance_mode  idea_display.o
    0x0001aef8   0x000001b4   Code   RO         3779    i.Display_show_hr_mode  idea_display.o
    0x0001b0ac   0x0000002c   Code   RO         3780    i.Display_show_low_power_mode  idea_display.o
    0x0001b0d8   0x00000320   Code   RO         3781    i.Display_show_step_mode  idea_display.o
    0x0001b3f8   0x0000044c   Code   RO         3782    i.Display_show_time_mode  idea_display.o
    0x0001b844   0x0000000c   Code   RO         3671    i.Event_input_cb_reg  idea_event.o
    0x0001b850   0x00000188   Code   RO         4595    i.GPIOTE_IRQHandler  nrf_drv_gpiote.o
    0x0001b9d8   0x0000001c   Code   RO         2195    i.IIC_Start         idea_oled.o
    0x0001b9f4   0x00000016   Code   RO         2196    i.IIC_Stop          idea_oled.o
    0x0001ba0a   0x00000010   Code   RO         2197    i.IIC_Wait_Ack      idea_oled.o
    0x0001ba1a   0x00000020   Code   RO          905    i.L1_crc_check      idea_communicate_protocol.o
    0x0001ba3a   0x00000002   PAD
    0x0001ba3c   0x00000294   Code   RO          906    i.L1_receive_data   idea_communicate_protocol.o
    0x0001bcd0   0x0000002c   Code   RO          907    i.L1_receive_response  idea_communicate_protocol.o
    0x0001bcfc   0x00000078   Code   RO          908    i.L1_resend_package  idea_communicate_protocol.o
    0x0001bd74   0x000000e0   Code   RO          909    i.L1_send           idea_communicate_protocol.o
    0x0001be54   0x000001ac   Code   RO          910    i.L2_frame_resolve  idea_communicate_protocol.o
    0x0001c000   0x00000208   Code   RO         1802    i.LIS3DH_FIFOModeEnable  idea_lis3dh_driver.o
    0x0001c208   0x00000068   Code   RO         1804    i.LIS3DH_GetAccAxesRaw  idea_lis3dh_driver.o
    0x0001c270   0x00000146   Code   RO         1806    i.LIS3DH_GetClickResponse  idea_lis3dh_driver.o
    0x0001c3b6   0x00000002   PAD
    0x0001c3b8   0x00000058   Code   RO         1493    i.LIS3DH_GetFifoData  idea_hal_acc.o
    0x0001c410   0x0000007e   Code   RO         1807    i.LIS3DH_GetFifoSourceBit  idea_lis3dh_driver.o
    0x0001c48e   0x00000026   Code   RO         1808    i.LIS3DH_GetFifoSourceFSS  idea_lis3dh_driver.o
    0x0001c4b4   0x00000016   Code   RO         1810    i.LIS3DH_GetInt1Src  idea_lis3dh_driver.o
    0x0001c4ca   0x00000002   PAD
    0x0001c4cc   0x00000034   Code   RO         2661    i.LIS3DH_INT1_event_handler  idea_step_counter.o
    0x0001c500   0x0000002e   Code   RO         2662    i.LIS3DH_INT2_event_handler  idea_step_counter.o
    0x0001c52e   0x00000002   PAD
    0x0001c530   0x00000170   Code   RO         1494    i.LIS3DH_Init       idea_hal_acc.o
    0x0001c6a0   0x0000003c   Code   RO         1821    i.LIS3DH_Int1LatchEnable  idea_lis3dh_driver.o
    0x0001c6dc   0x00000038   Code   RO         1822    i.LIS3DH_RESET_MEM  idea_lis3dh_driver.o
    0x0001c714   0x00000044   Code   RO         1823    i.LIS3DH_ReadReg    idea_lis3dh_driver.o
    0x0001c758   0x0000003c   Code   RO         1826    i.LIS3DH_SetAxis    idea_lis3dh_driver.o
    0x0001c794   0x0000003c   Code   RO         1827    i.LIS3DH_SetBDU     idea_lis3dh_driver.o
    0x0001c7d0   0x00000036   Code   RO         1829    i.LIS3DH_SetClickCFG  idea_lis3dh_driver.o
    0x0001c806   0x0000003c   Code   RO         1835    i.LIS3DH_SetFullScale  idea_lis3dh_driver.o
    0x0001c842   0x0000001e   Code   RO         1838    i.LIS3DH_SetInt1Duration  idea_lis3dh_driver.o
    0x0001c860   0x00000030   Code   RO         1839    i.LIS3DH_SetInt1Pin  idea_lis3dh_driver.o
    0x0001c890   0x0000001e   Code   RO         1840    i.LIS3DH_SetInt1Threshold  idea_lis3dh_driver.o
    0x0001c8ae   0x000000ba   Code   RO         1842    i.LIS3DH_SetInt6D4DConfiguration  idea_lis3dh_driver.o
    0x0001c968   0x00000036   Code   RO         1843    i.LIS3DH_SetIntConfiguration  idea_lis3dh_driver.o
    0x0001c99e   0x0000003c   Code   RO         1844    i.LIS3DH_SetIntMode  idea_lis3dh_driver.o
    0x0001c9da   0x00000002   PAD
    0x0001c9dc   0x000000d4   Code   RO         1845    i.LIS3DH_SetMode    idea_lis3dh_driver.o
    0x0001cab0   0x0000003c   Code   RO         1846    i.LIS3DH_SetODR     idea_lis3dh_driver.o
    0x0001caec   0x00000050   Code   RO         1852    i.LIS3DH_WriteReg   idea_lis3dh_driver.o
    0x0001cb3c   0x00000014   Code   RO         5412    i.NVIC_ClearPendingIRQ  app_timer.o
    0x0001cb50   0x00000014   Code   RO         5413    i.NVIC_EnableIRQ    app_timer.o
    0x0001cb64   0x00000014   Code   RO         5414    i.NVIC_SetPendingIRQ  app_timer.o
    0x0001cb78   0x00000078   Code   RO          515    i.NVIC_SetPriority  idea_battery.o
    0x0001cbf0   0x00000078   Code   RO         4563    i.NVIC_SetPriority  nrf_drv_common.o
    0x0001cc68   0x00000078   Code   RO         5415    i.NVIC_SetPriority  app_timer.o
    0x0001cce0   0x00000078   Code   RO         5708    i.NVIC_SetPriority  app_gpiote.o
    0x0001cd58   0x0000003e   Code   RO         2198    i.OLED_Clear        idea_oled.o
    0x0001cd96   0x00000038   Code   RO         2199    i.OLED_Clear_xy     idea_oled.o
    0x0001cdce   0x0000001c   Code   RO         2200    i.OLED_Display_Off  idea_oled.o
    0x0001cdea   0x0000001c   Code   RO         2201    i.OLED_Display_On   idea_oled.o
    0x0001ce06   0x00000074   Code   RO         2202    i.OLED_DrawBMP      idea_oled.o
    0x0001ce7a   0x000000ee   Code   RO         2203    i.OLED_Init         idea_oled.o
    0x0001cf68   0x00000032   Code   RO         2205    i.OLED_Set_Pos      idea_oled.o
    0x0001cf9a   0x00000002   PAD
    0x0001cf9c   0x0000009c   Code   RO         2207    i.OLED_ShowChar     idea_oled.o
    0x0001d038   0x00000038   Code   RO         2209    i.OLED_ShowString   idea_oled.o
    0x0001d070   0x0000001a   Code   RO         2210    i.OLED_WR_Byte      idea_oled.o
    0x0001d08a   0x00000002   PAD
    0x0001d08c   0x00000030   Code   RO            4    i.RTC0_IRQHandler   main.o
    0x0001d0bc   0x00000028   Code   RO         5416    i.RTC1_IRQHandler   app_timer.o
    0x0001d0e4   0x00000008   Code   RO         5417    i.SWI0_IRQHandler   app_timer.o
    0x0001d0ec   0x0000002c   Code   RO         4381    i.SWI1_IRQHandler   ble_radio_notification.o
    0x0001d118   0x00000038   Code   RO         5777    i.SWI2_IRQHandler   softdevice_handler.o
    0x0001d150   0x00000050   Code   RO         3543    i.SpiFlash_ReadOneByte  idea_sw_flash.o
    0x0001d1a0   0x00000044   Code   RO         3545    i.SpiFlash_Read_Data  idea_sw_flash.o
    0x0001d1e4   0x0000004c   Code   RO         3548    i.SpiFlash_WriteOneByte  idea_sw_flash.o
    0x0001d230   0x0000001a   Code   RO         3549    i.SpiFlash_Write_CMD  idea_sw_flash.o
    0x0001d24a   0x0000002a   Code   RO         3555    i.Spi_Flash_Init    idea_sw_flash.o
    0x0001d274   0x0000002e   Code   RO         2590    i.SquareRoot        idea_square_root.o
    0x0001d2a2   0x00000002   PAD
    0x0001d2a4   0x00000064   Code   RO         5843    i.SystemInit        system_nrf51.o
    0x0001d308   0x00000074   Code   RO         3702    i.Ui_menu_1s        idea_ui_menu.o
    0x0001d37c   0x00000050   Code   RO         3703    i.Ui_menu_display_off  idea_ui_menu.o
    0x0001d3cc   0x00000014   Code   RO         3704    i.Ui_menu_get_display_status  idea_ui_menu.o
    0x0001d3e0   0x00000014   Code   RO         3705    i.Ui_menu_init      idea_ui_menu.o
    0x0001d3f4   0x00000042   Code   RO         2211    i.Write_IIC_Byte    idea_oled.o
    0x0001d436   0x0000002c   Code   RO         2212    i.Write_IIC_Command  idea_oled.o
    0x0001d462   0x0000002c   Code   RO         2213    i.Write_IIC_Data    idea_oled.o
    0x0001d48e   0x00000030   Code   RO         5894    i.__ARM_common_ll_mulss  AlgorithmLibFornrf51.lib(click-algorithm.o)
    0x0001d4be   0x0000001c   Code   RO         1477    i.__ARM_common_switch8  idea_factory_test.o
    0x0001d4da   0x0000000e   Code   RO         5969    i._is_digit         c_p.l(__printf_wp.o)
    0x0001d4e8   0x00000148   Code   RO         1657    i._led_action_control_with_interval  idea_led_flash.o
    0x0001d630   0x00000136   Code   RO         4008    i.adv_data_encode   ble_advdata.o
    0x0001d766   0x00000014   Code   RO         4009    i.advdata_check     ble_advdata.o
    0x0001d77a   0x00000002   PAD
    0x0001d77c   0x00000078   Code   RO            5    i.advertising_init  main.o
    0x0001d7f4   0x00000038   Code   RO         1320    i.all_led_flash     idea_factory_test.o
    0x0001d82c   0x00000020   Code   RO         1658    i.all_led_flash_control  idea_led_flash.o
    0x0001d84c   0x00000078   Code   RO         5297    i.app_button_enable  app_button.o
    0x0001d8c4   0x000000ac   Code   RO         5298    i.app_button_init   app_button.o
    0x0001d970   0x00000094   Code   RO         5299    i.app_button_is_pushed  app_button.o
    0x0001da04   0x00000038   Code   RO         5353    i.app_error_handler  app_error.o
    0x0001da3c   0x00000090   Code   RO         5709    i.app_gpiote_init   app_gpiote.o
    0x0001dacc   0x00000038   Code   RO         5418    i.app_query_timer   app_timer.o
    0x0001db04   0x00000074   Code   RO         5656    i.app_sched_event_get  app_scheduler.o
    0x0001db78   0x00000114   Code   RO         5657    i.app_sched_event_put  app_scheduler.o
    0x0001dc8c   0x0000001e   Code   RO         5658    i.app_sched_execute  app_scheduler.o
    0x0001dcaa   0x00000002   PAD
    0x0001dcac   0x0000005c   Code   RO         5659    i.app_sched_init    app_scheduler.o
    0x0001dd08   0x00000074   Code   RO         5421    i.app_timer_create  app_timer.o
    0x0001dd7c   0x000000f0   Code   RO         5422    i.app_timer_init    app_timer.o
    0x0001de6c   0x0000006c   Code   RO         5423    i.app_timer_start   app_timer.o
    0x0001ded8   0x00000044   Code   RO         5424    i.app_timer_stop    app_timer.o
    0x0001df1c   0x0000004a   Code   RO         4010    i.appearance_encode  ble_advdata.o
    0x0001df66   0x00000002   PAD
    0x0001df68   0x00000018   Code   RO            6    i.assert_nrf_callback  main.o
    0x0001df80   0x000002f4   Code   RO          911    i.async_send        idea_communicate_protocol.o
    0x0001e274   0x000000c4   Code   RO            7    i.bas_init          main.o
    0x0001e338   0x0000001c   Code   RO          516    i.battery_adc_dev_init  idea_battery.o
    0x0001e354   0x00000028   Code   RO          518    i.battery_adc_interrupt_init  idea_battery.o
    0x0001e37c   0x0000006c   Code   RO          519    i.battery_adc_read_once  idea_battery.o
    0x0001e3e8   0x000001c8   Code   RO         4419    i.battery_level_char_add  ble_bas.o
    0x0001e5b0   0x0000000a   Code   RO          521    i.battery_level_meas_timeout_handler  idea_battery.o
    0x0001e5ba   0x00000002   PAD
    0x0001e5bc   0x00000050   Code   RO          522    i.battery_measure_init  idea_battery.o
    0x0001e60c   0x00000020   Code   RO          525    i.battery_start     idea_battery.o
    0x0001e62c   0x00000098   Code   RO            8    i.battery_up        main.o
    0x0001e6c4   0x00000030   Code   RO         1117    i.bd_crc16          idea_crc16.o
    0x0001e6f4   0x00000104   Code   RO         5160    i.bd_flash_write_erased_page  ble_flash.o
    0x0001e7f8   0x0000007a   Code   RO         4011    i.ble_advdata_set   ble_advdata.o
    0x0001e872   0x00000002   PAD
    0x0001e874   0x00000174   Code   RO         4093    i.ble_advertising_init  ble_advertising.o
    0x0001e9e8   0x00000010   Code   RO         4097    i.ble_advertising_peer_address_clear  ble_advertising.o
    0x0001e9f8   0x000002bc   Code   RO         4099    i.ble_advertising_start  ble_advertising.o
    0x0001ecb4   0x00000080   Code   RO         4420    i.ble_bas_battery_level_update  ble_bas.o
    0x0001ed34   0x00000048   Code   RO         4421    i.ble_bas_init      ble_bas.o
    0x0001ed7c   0x0000003a   Code   RO         4422    i.ble_bas_on_ble_evt  ble_bas.o
    0x0001edb6   0x00000002   PAD
    0x0001edb8   0x00000078   Code   RO         4175    i.ble_conn_params_init  ble_conn_params.o
    0x0001ee30   0x0000003e   Code   RO         4176    i.ble_conn_params_on_ble_evt  ble_conn_params.o
    0x0001ee6e   0x00000002   PAD
    0x0001ee70   0x000000fc   Code   RO            9    i.ble_devinfo_serv_init  main.o
    0x0001ef6c   0x000001b4   Code   RO         4466    i.ble_dis_init      ble_dis.o
    0x0001f120   0x00000044   Code   RO           10    i.ble_evt_dispatch  main.o
    0x0001f164   0x00000024   Code   RO         5161    i.ble_flash_block_write  ble_flash.o
    0x0001f188   0x00000044   Code   RO         5162    i.ble_flash_crc16_compute  ble_flash.o
    0x0001f1cc   0x000000d8   Code   RO         5163    i.ble_flash_erase_data_page  ble_flash.o
    0x0001f2a4   0x00000060   Code   RO         5164    i.ble_flash_on_radio_active_evt  ble_flash.o
    0x0001f304   0x00000012   Code   RO         5165    i.ble_flash_page_addr  ble_flash.o
    0x0001f316   0x00000002   PAD
    0x0001f318   0x00000074   Code   RO         5166    i.ble_flash_page_delay_erase  ble_flash.o
    0x0001f38c   0x0000001a   Code   RO         5168    i.ble_flash_page_erase  ble_flash.o
    0x0001f3a6   0x00000002   PAD
    0x0001f3a8   0x00000074   Code   RO         5169    i.ble_flash_page_read  ble_flash.o
    0x0001f41c   0x00000012   Code   RO         5171    i.ble_flash_word_write  ble_flash.o
    0x0001f42e   0x00000002   PAD
    0x0001f430   0x0000007c   Code   RO          639    i.ble_nus_init      idea_ble_nus.o
    0x0001f4ac   0x00000048   Code   RO          640    i.ble_nus_on_ble_evt  idea_ble_nus.o
    0x0001f4f4   0x00000070   Code   RO          641    i.ble_nus_send_string  idea_ble_nus.o
    0x0001f564   0x00000048   Code   RO           11    i.ble_nus_service_init  main.o
    0x0001f5ac   0x00000044   Code   RO         4382    i.ble_radio_notification_init  ble_radio_notification.o
    0x0001f5f0   0x00000012   Code   RO         4255    i.ble_srv_ascii_to_utf8  ble_srv_common.o
    0x0001f602   0x0000003e   Code   RO         4256    i.ble_srv_report_ref_encode  ble_srv_common.o
    0x0001f640   0x00000080   Code   RO           12    i.ble_stack_init    main.o
    0x0001f6c0   0x00000034   Code   RO         4503    i.ble_tps_init      ble_tps.o
    0x0001f6f4   0x000000a8   Code   RO          912    i.bluetooth_l0_init  idea_communicate_protocol.o
    0x0001f79c   0x000000e4   Code   RO          913    i.bluetooth_l0_reset  idea_communicate_protocol.o
    0x0001f880   0x00000014   Code   RO         2381    i.bond_fail_callback  idea_private_bond.o
    0x0001f894   0x0000003c   Code   RO         2382    i.bond_fail_event_dispatch  idea_private_bond.o
    0x0001f8d0   0x0000003c   Code   RO         2383    i.bond_press_handle  idea_private_bond.o
    0x0001f90c   0x00000078   Code   RO         2384    i.bond_read_user_id  idea_private_bond.o
    0x0001f984   0x00000038   Code   RO         2386    i.bond_success_event_dispatch  idea_private_bond.o
    0x0001f9bc   0x00000022   Code   RO          914    i.bond_success_event_observer  idea_communicate_protocol.o
    0x0001f9de   0x0000005c   Code   RO         1321    i.bootup_check      idea_factory_test.o
    0x0001fa3a   0x0000001e   Code   RO         3964    i.bsp_btn_ble_sleep_mode_prepare  bsp_btn_ble.o
    0x0001fa58   0x000000dc   Code   RO         3858    i.bsp_button_event_handler  bsp.o
    0x0001fb34   0x00000024   Code   RO         3864    i.bsp_indication_set  bsp.o
    0x0001fb58   0x000004ec   Code   RO         3867    i.bsp_led_indication  bsp.o
    0x00020044   0x0000005c   Code   RO         3868    i.bsp_wakeup_buttons_set  bsp.o
    0x000200a0   0x00000068   Code   RO         1566    i.button_init       idea_input_event_source.o
    0x00020108   0x00000038   Code   RO         1567    i.button_timer_double_click_handle  idea_input_event_source.o
    0x00020140   0x000000b4   Code   RO         1568    i.button_timer_long_pushed_handle  idea_input_event_source.o
    0x000201f4   0x000000b8   Code   RO          526    i.cal_percentage    idea_battery.o
    0x000202ac   0x00000020   Code   RO         4596    i.channel_free      nrf_drv_gpiote.o
    0x000202cc   0x00000010   Code   RO         4597    i.channel_handler_get  nrf_drv_gpiote.o
    0x000202dc   0x00000078   Code   RO         4598    i.channel_port_alloc  nrf_drv_gpiote.o
    0x00020354   0x0000000c   Code   RO         4599    i.channel_port_get  nrf_drv_gpiote.o
    0x00020360   0x000000f0   Code   RO         4467    i.char_add          ble_dis.o
    0x00020450   0x00000028   Code   RO          816    i.charger_framework_init  idea_charging.o
    0x00020478   0x00000018   Code   RO          817    i.charger_init      idea_charging.o
    0x00020490   0x00000042   Code   RO          818    i.charger_status    idea_charging.o
    0x000204d2   0x00000002   PAD
    0x000204d4   0x000000f8   Code   RO         3322    i.check_alarm       idea_wall_clock_timer.o
    0x000205cc   0x0000000c   Code   RO         2387    i.check_has_bonded  idea_private_bond.o
    0x000205d8   0x00000022   Code   RO         5173    i.check_is_flash_erased  ble_flash.o
    0x000205fa   0x00000002   PAD
    0x000205fc   0x00000104   Code   RO         3007    i.check_need_erase_sleep_page_for_when_boot  idea_sync_data.o
    0x00020700   0x00000104   Code   RO         3008    i.check_need_erase_sport_page_for_when_boot  idea_sync_data.o
    0x00020804   0x00000074   Code   RO         3009    i.check_sleep_data_in_flash  idea_sync_data.o
    0x00020878   0x00000074   Code   RO         3010    i.check_sports_data_in_flash  idea_sync_data.o
    0x000208ec   0x00000098   Code   RO         2388    i.check_user_id_bonded  idea_private_bond.o
    0x00020984   0x00000010   Code   RO         3011    i.clear_prev_user_data  idea_sync_data.o
    0x00020994   0x00000038   Code   RO         2663    i.click_algorithm_cb_implement  idea_step_counter.o
    0x000209cc   0x00000090   Code   RO         5426    i.compare_reg_update  app_timer.o
    0x00020a5c   0x0000005c   Code   RO         4012    i.conn_int_check    ble_advdata.o
    0x00020ab8   0x0000005c   Code   RO         4013    i.conn_int_encode   ble_advdata.o
    0x00020b14   0x00000014   Code   RO           15    i.conn_params_error_handler  main.o
    0x00020b28   0x0000005c   Code   RO           16    i.conn_params_init  main.o
    0x00020b84   0x00000094   Code   RO         4178    i.conn_params_negotiation  ble_conn_params.o
    0x00020c18   0x00000064   Code   RO          915    i.construct_response_package  idea_communicate_protocol.o
    0x00020c7c   0x000000f8   Code   RO         3323    i.convert_time_to_Second  idea_wall_clock_timer.o
    0x00020d74   0x00000030   Code   RO         3012    i.create_send_data_timer  idea_sync_data.o
    0x00020da4   0x0000005c   Code   RO         5427    i.current_int_priority_get  app_timer.o
    0x00020e00   0x0000005c   Code   RO         5660    i.current_int_priority_get  app_scheduler.o
    0x00020e5c   0x00000064   Code   RO          916    i.delay_send_func   idea_communicate_protocol.o
    0x00020ec0   0x00000090   Code   RO         5300    i.detection_delay_timeout_handler  app_button.o
    0x00020f50   0x00000148   Code   RO         1322    i.do_test           idea_factory_test.o
    0x00021098   0x00000064   Code   RO         5428    i.elapsed_ticks_acquire  app_timer.o
    0x000210fc   0x00000018   Code   RO         2607    i.encode_assert_pos_to_buffer  idea_stack_dump_repoter.o
    0x00021114   0x0000001c   Code   RO         2608    i.encode_stack_info_to_buffer  idea_stack_dump_repoter.o
    0x00021130   0x00000040   Code   RO          917    i.enter_ota_status_response  idea_communicate_protocol.o
    0x00021170   0x00000014   Code   RO         1323    i.enter_test_mode   idea_factory_test.o
    0x00021184   0x000000d0   Code   RO         3672    i.event_button_fun  idea_event.o
    0x00021254   0x00000048   Code   RO         3673    i.event_interrupt   idea_event.o
    0x0002129c   0x00000038   Code   RO         1324    i.exit_test_mode    idea_factory_test.o
    0x000212d4   0x0000006c   Code   RO         5429    i.expired_timers_handler  app_timer.o
    0x00021340   0x00000038   Code   RO         5174    i.flash_page_erase  ble_flash.o
    0x00021378   0x0000004c   Code   RO         5176    i.flash_word_write  ble_flash.o
    0x000213c4   0x00000190   Code   RO         1569    i.function_button_event_handler  idea_input_event_source.o
    0x00021554   0x00000048   Code   RO          819    i.function_charger_event_handler  idea_charging.o
    0x0002159c   0x0000001c   Code   RO          820    i.function_chargingcomplete_event_handler  idea_charging.o
    0x000215b8   0x0000008c   Code   RO           17    i.gap_params_init   main.o
    0x00021644   0x00000040   Code   RO         1325    i.generate_l2_package  idea_factory_test.o
    0x00021684   0x00000018   Code   RO         1137    i.get_alarm         idea_data_manager.o
    0x0002169c   0x0000000c   Code   RO         1138    i.get_alarm_number  idea_data_manager.o
    0x000216a8   0x00000070   Code   RO         2609    i.get_assert_dump_info  idea_stack_dump_repoter.o
    0x00021718   0x0000000c   Code   RO          527    i.get_battery_power_percentage  idea_battery.o
    0x00021724   0x00000014   Code   RO          821    i.get_battery_voltage_adjustment  idea_charging.o
    0x00021738   0x00000018   Code   RO         2664    i.get_calory        idea_step_counter.o
    0x00021750   0x0000000c   Code   RO         2874    i.get_curr_sleep_flag  idea_switch_sleep.o
    0x0002175c   0x0000000c   Code   RO         1139    i.get_daily_target  idea_data_manager.o
    0x00021768   0x0000000c   Code   RO         3014    i.get_data_sending_flag  idea_sync_data.o
    0x00021774   0x0000002c   Code   RO         3324    i.get_day_of_week   idea_wall_clock_timer.o
    0x000217a0   0x00000014   Code   RO         3015    i.get_flash_page_number  idea_sync_data.o
    0x000217b4   0x0000000c   Code   RO         4383    i.get_global_bluetooth_status  ble_radio_notification.o
    0x000217c0   0x0000000c   Code   RO         1141    i.get_global_dev_loss_controller_data  idea_data_manager.o
    0x000217cc   0x0000000c   Code   RO         1143    i.get_global_step_counts_today  idea_data_manager.o
    0x000217d8   0x00000008   Code   RO         2875    i.get_last_sleep_setting_event  idea_switch_sleep.o
    0x000217e0   0x00000008   Code   RO         2876    i.get_last_sleep_setting_event_head  idea_switch_sleep.o
    0x000217e8   0x00000074   Code   RO         3016    i.get_next_sleep_read_group_address  idea_sync_data.o
    0x0002185c   0x000001bc   Code   RO         3017    i.get_next_sleep_write_group_address  idea_sync_data.o
    0x00021a18   0x00000074   Code   RO         3018    i.get_next_sport_read_group_address  idea_sync_data.o
    0x00021a8c   0x000001bc   Code   RO         3019    i.get_next_sport_write_group_address  idea_sync_data.o
    0x00021c48   0x0000000c   Code   RO         2666    i.get_quarter_calories  idea_step_counter.o
    0x00021c54   0x0000000c   Code   RO         2667    i.get_quarter_distance  idea_step_counter.o
    0x00021c60   0x00000040   Code   RO         1326    i.get_sensor_data   idea_factory_test.o
    0x00021ca0   0x0000003c   Code   RO         2610    i.get_stack_dump_command_resolve  idea_stack_dump_repoter.o
    0x00021cdc   0x00000008   Code   RO         1144    i.get_user_profile  idea_data_manager.o
    0x00021ce4   0x0000002c   Code   RO         3325    i.get_wall_clock_time  idea_wall_clock_timer.o
    0x00021d10   0x0000000c   Code   RO         3326    i.get_wall_clock_time_counter  idea_wall_clock_timer.o
    0x00021d1c   0x00000024   Code   RO           18    i.gpio_init         main.o
    0x00021d40   0x00000080   Code   RO         5301    i.gpiote_event_handler  app_button.o
    0x00021dc0   0x00000030   Code   RO           19    i.gpiote_init       main.o
    0x00021df0   0x00000020   Code   RO           20    i.gpiote_int_init   main.o
    0x00021e10   0x00000018   Code   RO         1496    i.hal_acc_GetFifoData  idea_hal_acc.o
    0x00021e28   0x00000016   Code   RO         1497    i.hal_acc_PowerDown  idea_hal_acc.o
    0x00021e3e   0x0000004e   Code   RO         1499    i.hal_acc_config_wake_int  idea_hal_acc.o
    0x00021e8c   0x00000016   Code   RO         1500    i.hal_acc_enable    idea_hal_acc.o
    0x00021ea2   0x00000008   Code   RO         1501    i.hal_acc_init      idea_hal_acc.o
    0x00021eaa   0x00000002   PAD
    0x00021eac   0x000001ac   Code   RO         2669    i.handle_distance_event  idea_step_counter.o
    0x00022058   0x00000074   Code   RO         2670    i.handle_sleep_event  idea_step_counter.o
    0x000220cc   0x00000014   Code   RO         3020    i.have_history_sport_data_in_ram_to_send  idea_sync_data.o
    0x000220e0   0x00000014   Code   RO         3021    i.have_sleep_data_in_ram_to_send  idea_sync_data.o
    0x000220f4   0x00000018   Code   RO         3022    i.have_sleep_group_to_send  idea_sync_data.o
    0x0002210c   0x00000030   Code   RO         3023    i.have_sport_data_in_ram_to_send  idea_sync_data.o
    0x0002213c   0x00000018   Code   RO         3024    i.have_sport_group_to_send  idea_sync_data.o
    0x00022154   0x00000020   Code   RO         2671    i.health_algorithm_cb_implement  idea_step_counter.o
    0x00022174   0x0000002c   Code   RO           21    i.init1             main.o
    0x000221a0   0x00000098   Code   RO           22    i.init2             main.o
    0x00022238   0x0000009a   Code   RO         1570    i.input_event_handle_schedule  idea_input_event_source.o
    0x000222d2   0x00000002   PAD
    0x000222d4   0x000000bc   Code   RO         5778    i.intern_softdevice_events_execute  softdevice_handler.o
    0x00022390   0x0000000c   Code   RO         2672    i.is_algorithm_started  idea_step_counter.o
    0x0002239c   0x00000024   Code   RO         4179    i.is_conn_params_ok  ble_conn_params.o
    0x000223c0   0x00000038   Code   RO         5844    i.is_disabled_in_debug_needed  system_nrf51.o
    0x000223f8   0x00000024   Code   RO         1327    i.is_factory_test_done  idea_factory_test.o
    0x0002241c   0x0000006c   Code   RO         5845    i.is_manual_peripheral_setup_needed  system_nrf51.o
    0x00022488   0x00000054   Code   RO         5846    i.is_peripheral_domain_setup_needed  system_nrf51.o
    0x000224dc   0x0000001a   Code   RO         3327    i.is_systme_clock_valid  idea_wall_clock_timer.o
    0x000224f6   0x00000002   PAD
    0x000224f8   0x0000001c   Code   RO         1659    i.led_action_control  idea_led_flash.o
    0x00022514   0x0000003c   Code   RO         1660    i.led_action_control_with_interval  idea_led_flash.o
    0x00022550   0x00000044   Code   RO         1661    i.led_action_stop   idea_led_flash.o
    0x00022594   0x00000018   Code   RO         1662    i.led_flash_timer_init  idea_led_flash.o
    0x000225ac   0x00000188   Code   RO         1663    i.led_schedule_timer_handle  idea_led_flash.o
    0x00022734   0x00000040   Code   RO           23    i.leds_init         main.o
    0x00022774   0x00000024   Code   RO           24    i.lfclk_config      main.o
    0x00022798   0x000000c0   Code   RO         5430    i.list_deletions_handler  app_timer.o
    0x00022858   0x00000130   Code   RO         5431    i.list_insertions_handler  app_timer.o
    0x00022988   0x0000004c   Code   RO         1146    i.load_alarm        idea_data_manager.o
    0x000229d4   0x0000003c   Code   RO         1147    i.load_daily_target  idea_data_manager.o
    0x00022a10   0x00000088   Code   RO         1148    i.load_user_profile  idea_data_manager.o
    0x00022a98   0x00000038   Code   RO         2389    i.login_fail_event_dispatch  idea_private_bond.o
    0x00022ad0   0x00000038   Code   RO         2390    i.login_success_event_dispatch  idea_private_bond.o
    0x00022b08   0x0000000a   Code   RO         4289    i.low_power_info_store  ble_debug_assert_handler.o
    0x00022b12   0x0000008e   Code   RO           25    i.main              main.o
    0x00022ba0   0x0000006a   Code   RO         4014    i.manuf_specific_data_encode  ble_advdata.o
    0x00022c0a   0x00000002   PAD
    0x00022c0c   0x00000164   Code   RO         2171    i.menu_display      idea_menu_display.o
    0x00022d70   0x000000bc   Code   RO         2673    i.minute_timer_handler  idea_step_counter.o
    0x00022e2c   0x00000024   Code   RO         3328    i.monthLength       idea_wall_clock_timer.o
    0x00022e50   0x00000094   Code   RO         1738    i.motor_action_control_start  idea_level_drive_motor.o
    0x00022ee4   0x00000030   Code   RO         1739    i.motor_action_control_stop  idea_level_drive_motor.o
    0x00022f14   0x00000018   Code   RO         1740    i.motor_control_framework_init  idea_level_drive_motor.o
    0x00022f2c   0x0000001c   Code   RO         1741    i.motor_init        idea_level_drive_motor.o
    0x00022f48   0x000000bc   Code   RO         1742    i.motor_schedule_timer_handle  idea_level_drive_motor.o
    0x00023004   0x00000014   Code   RO         1743    i.motor_virbrate_start  idea_level_drive_motor.o
    0x00023018   0x0000000a   Code   RO         1744    i.motor_virbrate_stop  idea_level_drive_motor.o
    0x00023022   0x00000096   Code   RO         4015    i.name_encode       ble_advdata.o
    0x000230b8   0x00000040   Code   RO         3025    i.need_send_sync_process  idea_sync_data.o
    0x000230f8   0x00000018   Code   RO         5661    i.next_index        app_scheduler.o
    0x00023110   0x00000146   Code   RO         1618    i.notification_start  idea_interaction.o
    0x00023256   0x00000002   PAD
    0x00023258   0x0000000c   Code   RO         1664    i.notification_status  idea_led_flash.o
    0x00023264   0x0000000c   Code   RO         1619    i.notification_stop  idea_interaction.o
    0x00023270   0x0000001c   Code   RO         4540    i.nrf_delay_ms      nrf_delay.o
    0x0002328c   0x0000004c   Code   RO         4564    i.nrf_drv_common_irq_enable  nrf_drv_common.o
    0x000232d8   0x000000ec   Code   RO         4602    i.nrf_drv_gpiote_in_event_enable  nrf_drv_gpiote.o
    0x000233c4   0x00000104   Code   RO         4603    i.nrf_drv_gpiote_in_init  nrf_drv_gpiote.o
    0x000234c8   0x00000034   Code   RO         4604    i.nrf_drv_gpiote_in_is_set  nrf_drv_gpiote.o
    0x000234fc   0x00000050   Code   RO         4606    i.nrf_drv_gpiote_init  nrf_drv_gpiote.o
    0x0002354c   0x00000014   Code   RO         4607    i.nrf_drv_gpiote_is_init  nrf_drv_gpiote.o
    0x00023560   0x00000014   Code   RO         2527    i.nrf_gpio_cfg_input  idea_spi_master.o
    0x00023574   0x00000012   Code   RO           26    i.nrf_gpio_cfg_output  main.o
    0x00023586   0x00000012   Code   RO         2528    i.nrf_gpio_cfg_output  idea_spi_master.o
    0x00023598   0x00000012   Code   RO         3556    i.nrf_gpio_cfg_output  idea_sw_flash.o
    0x000235aa   0x00000018   Code   RO          822    i.nrf_gpio_cfg_sense_input  idea_charging.o
    0x000235c2   0x00000018   Code   RO         2131    i.nrf_gpio_cfg_sense_input  idea_low_power_mode.o
    0x000235da   0x00000046   Code   RO         4620    i.nrf_gpio_cfg_sense_set  nrf_drv_gpiote.o
    0x00023620   0x00000010   Code   RO         1328    i.nrf_gpio_pin_clear  idea_factory_test.o
    0x00023630   0x00000010   Code   RO         1665    i.nrf_gpio_pin_clear  idea_led_flash.o
    0x00023640   0x00000010   Code   RO         1745    i.nrf_gpio_pin_clear  idea_level_drive_motor.o
    0x00023650   0x00000010   Code   RO         2215    i.nrf_gpio_pin_clear  idea_oled.o
    0x00023660   0x00000010   Code   RO         3557    i.nrf_gpio_pin_clear  idea_sw_flash.o
    0x00023670   0x00000028   Code   RO         2216    i.nrf_gpio_pin_dir_set  idea_oled.o
    0x00023698   0x00000014   Code   RO          823    i.nrf_gpio_pin_read  idea_charging.o
    0x000236ac   0x00000010   Code   RO           27    i.nrf_gpio_pin_set  main.o
    0x000236bc   0x00000010   Code   RO         1329    i.nrf_gpio_pin_set  idea_factory_test.o
    0x000236cc   0x00000010   Code   RO         1666    i.nrf_gpio_pin_set  idea_led_flash.o
    0x000236dc   0x00000010   Code   RO         2217    i.nrf_gpio_pin_set  idea_oled.o
    0x000236ec   0x00000010   Code   RO         2529    i.nrf_gpio_pin_set  idea_spi_master.o
    0x000236fc   0x00000010   Code   RO         3558    i.nrf_gpio_pin_set  idea_sw_flash.o
    0x0002370c   0x00000004   Code   RO         1330    i.nrf_gpio_word_byte_write  idea_factory_test.o
    0x00023710   0x0000000c   Code   RO         4623    i.nrf_gpiote_event_addr_get  nrf_drv_gpiote.o
    0x0002371c   0x00000010   Code   RO         4624    i.nrf_gpiote_event_clear  nrf_drv_gpiote.o
    0x0002372c   0x00000016   Code   RO         4625    i.nrf_gpiote_event_is_set  nrf_drv_gpiote.o
    0x00023742   0x00000002   PAD
    0x00023744   0x0000000c   Code   RO         4626    i.nrf_gpiote_int_enable  nrf_drv_gpiote.o
    0x00023750   0x0000003a   Code   RO           29    i.on_adv_evt        main.o
    0x0002378a   0x00000002   PAD
    0x0002378c   0x000000c4   Code   RO           30    i.on_ble_evt        main.o
    0x00023850   0x00000034   Code   RO           31    i.on_conn_params_evt  main.o
    0x00023884   0x00000018   Code   RO         4180    i.on_conn_params_update  ble_conn_params.o
    0x0002389c   0x00000016   Code   RO          642    i.on_connect        idea_ble_nus.o
    0x000238b2   0x00000002   PAD
    0x000238b4   0x0000003c   Code   RO         4181    i.on_connect        ble_conn_params.o
    0x000238f0   0x00000006   Code   RO         4423    i.on_connect        ble_bas.o
    0x000238f6   0x00000016   Code   RO          643    i.on_disconnect     idea_ble_nus.o
    0x0002390c   0x00000044   Code   RO         4182    i.on_disconnect     ble_conn_params.o
    0x00023950   0x00000008   Code   RO         4424    i.on_disconnect     ble_bas.o
    0x00023958   0x00000020   Code   RO          644    i.on_tx_complete    idea_ble_nus.o
    0x00023978   0x00000044   Code   RO          645    i.on_write          idea_ble_nus.o
    0x000239bc   0x0000005c   Code   RO         4183    i.on_write          ble_conn_params.o
    0x00023a18   0x00000050   Code   RO         4425    i.on_write          ble_bas.o
    0x00023a68   0x00000010   Code   RO         3329    i.one_second_time_out_handle  idea_wall_clock_timer.o
    0x00023a78   0x00000018   Code   RO          921    i.ota_time_out_handle  idea_communicate_protocol.o
    0x00023a90   0x0000001a   Code   RO         4101    i.peer_address_exists  ble_advertising.o
    0x00023aaa   0x00000002   PAD
    0x00023aac   0x0000001c   Code   RO         4628    i.pin_in_use_by_gpiote  nrf_drv_gpiote.o
    0x00023ac8   0x00000018   Code   RO         4629    i.pin_in_use_by_port  nrf_drv_gpiote.o
    0x00023ae0   0x00000020   Code   RO         4630    i.pin_in_use_by_te  nrf_drv_gpiote.o
    0x00023b00   0x00000010   Code   RO         4631    i.pin_in_use_clear  nrf_drv_gpiote.o
    0x00023b10   0x0000009e   Code   RO         4468    i.pnp_id_encode     ble_dis.o
    0x00023bae   0x00000020   Code   RO           32    i.power_manage      main.o
    0x00023bce   0x00000002   PAD
    0x00023bd0   0x0000001c   Code   RO         2132    i.power_system_off  idea_low_power_mode.o
    0x00023bec   0x0000000e   Code   RO           33    i.pre_init          main.o
    0x00023bfa   0x00000002   PAD
    0x00023bfc   0x00000224   Code   RO         4291    i.pre_restart_info_store  ble_debug_assert_handler.o
    0x00023e20   0x00000060   Code   RO         2877    i.prepare_sleep_event_header  idea_switch_sleep.o
    0x00023e80   0x00000030   Code   RO         4856    i.pstorage_access_status_get  pstorage.o
    0x00023eb0   0x0000002c   Code   RO           34    i.radio_notification_init  main.o
    0x00023edc   0x00000070   Code   RO         1331    i.read_flag         idea_factory_test.o
    0x00023f4c   0x00000078   Code   RO         1332    i.read_sn           idea_factory_test.o
    0x00023fc4   0x00000008   Code   RO          922    i.receive_time_out_handle  idea_communicate_protocol.o
    0x00023fcc   0x000000b0   Code   RO         3783    i.refresh_heart_rate  idea_display.o
    0x0002407c   0x00000030   Code   RO         3784    i.refresh_time      idea_display.o
    0x000240ac   0x00000034   Code   RO          528    i.register_battery_up_callback  idea_battery.o
    0x000240e0   0x0000000c   Code   RO         1571    i.register_click_button_callback  idea_input_event_source.o
    0x000240ec   0x0000000c   Code   RO          923    i.register_wait_response  idea_communicate_protocol.o
    0x000240f8   0x0000003c   Code   RO         2611    i.report_assert_code_position  idea_stack_dump_repoter.o
    0x00024134   0x00000040   Code   RO         2612    i.report_assert_stack_info  idea_stack_dump_repoter.o
    0x00024174   0x00000058   Code   RO         2613    i.report_get_dump_info_fail  idea_stack_dump_repoter.o
    0x000241cc   0x00000070   Code   RO         1333    i.request_charge    idea_factory_test.o
    0x0002423c   0x00000058   Code   RO         1334    i.request_echo      idea_factory_test.o
    0x00024294   0x00000038   Code   RO         1335    i.request_sensor_data  idea_factory_test.o
    0x000242cc   0x00000084   Code   RO           35    i.reset_check       main.o
    0x00024350   0x00000048   Code   RO         3026    i.reset_cur_sports_data  idea_sync_data.o
    0x00024398   0x00000054   Code   RO         2674    i.reset_health_algorithm_data  idea_step_counter.o
    0x000243ec   0x0000005c   Code   RO         3027    i.reset_sleep_data  idea_sync_data.o
    0x00024448   0x00000008   Code   RO         3028    i.reset_sleep_head  idea_sync_data.o
    0x00024450   0x00000054   Code   RO         2878    i.reset_sleep_setting  idea_switch_sleep.o
    0x000244a4   0x00000018   Code   RO         2879    i.reset_sleep_setting_head  idea_switch_sleep.o
    0x000244bc   0x0000005c   Code   RO         3029    i.reset_sport_data  idea_sync_data.o
    0x00024518   0x00000060   Code   RO         3030    i.reset_sports_head  idea_sync_data.o
    0x00024578   0x00000024   Code   RO         1149    i.reset_user_data_for_new_bond  idea_data_manager.o
    0x0002459c   0x00000160   Code   RO          924    i.resolve_HealthData_command  idea_communicate_protocol.o
    0x000246fc   0x00000098   Code   RO          925    i.resolve_firmware_update_command  idea_communicate_protocol.o
    0x00024794   0x00000024   Code   RO          717    i.resolve_log_command_id  idea_bluetooth_log.o
    0x000247b8   0x00000040   Code   RO          926    i.resolve_notify_command  idea_communicate_protocol.o
    0x000247f8   0x000000b0   Code   RO          927    i.resolve_private_bond_command  idea_communicate_protocol.o
    0x000248a8   0x0000025c   Code   RO          928    i.resolve_settings_config_command  idea_communicate_protocol.o
    0x00024b04   0x000000f0   Code   RO          929    i.response_package_handle  idea_communicate_protocol.o
    0x00024bf4   0x0000004c   Code   RO         2675    i.restart_health_algorithm  idea_step_counter.o
    0x00024c40   0x00000100   Code   RO         2880    i.restore_SleepSettingsFromFlash  idea_switch_sleep.o
    0x00024d40   0x0000026c   Code   RO         4292    i.restore_backup_info_from_flash  ble_debug_assert_handler.o
    0x00024fac   0x000000c8   Code   RO         3330    i.return_alarm_list  idea_wall_clock_timer.o
    0x00025074   0x0000000c   Code   RO         5432    i.rtc1_counter_get  app_timer.o
    0x00025080   0x00000018   Code   RO         5433    i.rtc1_init         app_timer.o
    0x00025098   0x0000003c   Code   RO         5434    i.rtc1_start        app_timer.o
    0x000250d4   0x00000058   Code   RO         5435    i.rtc1_stop         app_timer.o
    0x0002512c   0x00000124   Code   RO          646    i.rx_char_add       idea_ble_nus.o
    0x00025250   0x00000080   Code   RO         1150    i.save_alarm        idea_data_manager.o
    0x000252d0   0x00000034   Code   RO         1151    i.save_alarms_into_flash  idea_data_manager.o
    0x00025304   0x0000002c   Code   RO         3031    i.save_curr_health_data  idea_sync_data.o
    0x00025330   0x00000034   Code   RO         1152    i.save_daily_target  idea_data_manager.o
    0x00025364   0x0000001c   Code   RO         1153    i.save_daily_target_into_flash  idea_data_manager.o
    0x00025380   0x0000001c   Code   RO         1154    i.save_profile_into_flash  idea_data_manager.o
    0x0002539c   0x00000260   Code   RO         2676    i.save_quarter_distance_data  idea_step_counter.o
    0x000255fc   0x0000006c   Code   RO         3032    i.save_sleep_group_data  idea_sync_data.o
    0x00025668   0x000000a8   Code   RO         2881    i.save_sleep_settings_to_flash  idea_switch_sleep.o
    0x00025710   0x000000c8   Code   RO         3033    i.save_sport_group_data  idea_sync_data.o
    0x000257d8   0x00000068   Code   RO         1155    i.save_user_profile  idea_data_manager.o
    0x00025840   0x00000054   Code   RO          930    i.schedule_async_send  idea_communicate_protocol.o
    0x00025894   0x00000006   Code   RO          931    i.schedule_crc_error_handle  idea_communicate_protocol.o
    0x0002589a   0x00000002   PAD
    0x0002589c   0x00000030   Code   RO           36    i.scheduler_init    main.o
    0x000258cc   0x00000014   Code   RO         2134    i.sd_system_off     idea_low_power_mode.o
    0x000258e0   0x00000044   Code   RO           37    i.sec_params_init   main.o
    0x00025924   0x000001ac   Code   RO         3034    i.send_all_data     idea_sync_data.o
    0x00025ad0   0x000000ac   Code   RO         3035    i.send_all_data_callback  idea_sync_data.o
    0x00025b7c   0x00000010   Code   RO         1336    i.send_callback     idea_factory_test.o
    0x00025b8c   0x00000018   Code   RO         3036    i.send_data_timeout  idea_sync_data.o
    0x00025ba4   0x000000bc   Code   RO         2882    i.send_last_time_sleep_mode  idea_switch_sleep.o
    0x00025c60   0x00000020   Code   RO         1337    i.send_package      idea_factory_test.o
    0x00025c80   0x0000003c   Code   RO         3037    i.send_sleep_data_in_ram  idea_sync_data.o
    0x00025cbc   0x00000058   Code   RO         3038    i.send_sleep_flash_cb  idea_sync_data.o
    0x00025d14   0x0000006c   Code   RO         3039    i.send_sleep_group_data  idea_sync_data.o
    0x00025d80   0x00000008   Code   RO         3040    i.send_sleep_ram_data_cb  idea_sync_data.o
    0x00025d88   0x00000008   Code   RO         2883    i.send_sleep_setting_data  idea_switch_sleep.o
    0x00025d90   0x000000c0   Code   RO         2884    i.send_sleep_setting_data_cb  idea_switch_sleep.o
    0x00025e50   0x000000cc   Code   RO         2885    i.send_sleep_setting_data_in_ram  idea_switch_sleep.o
    0x00025f1c   0x0000019c   Code   RO         3041    i.send_sport_data_from_ram  idea_sync_data.o
    0x000260b8   0x0000000c   Code   RO         3042    i.send_sport_data_from_ram_cb  idea_sync_data.o
    0x000260c4   0x00000044   Code   RO         3043    i.send_sport_data_sync_end  idea_sync_data.o
    0x00026108   0x0000000c   Code   RO         3044    i.send_sport_data_sync_end_cb  idea_sync_data.o
    0x00026114   0x00000044   Code   RO         3045    i.send_sport_data_sync_start  idea_sync_data.o
    0x00026158   0x0000000c   Code   RO         3046    i.send_sport_data_sync_start_cb  idea_sync_data.o
    0x00026164   0x00000058   Code   RO         3047    i.send_sport_flash_cb  idea_sync_data.o
    0x000261bc   0x0000006c   Code   RO         3048    i.send_sport_group_data  idea_sync_data.o
    0x00026228   0x00000084   Code   RO         1338    i.sensor_test       idea_factory_test.o
    0x000262ac   0x0000015c   Code   RO         2677    i.sensor_timer_handle  idea_step_counter.o
    0x00026408   0x00000044   Code   RO         2678    i.sensor_timers_start  idea_step_counter.o
    0x0002644c   0x0000008c   Code   RO         4016    i.service_data_encode  ble_advdata.o
    0x000264d8   0x0000001a   Code   RO           38    i.services_init     main.o
    0x000264f2   0x00000002   PAD
    0x000264f4   0x0000002c   Code   RO         1156    i.set_alarm         idea_data_manager.o
    0x00026520   0x00000018   Code   RO         1157    i.set_alarm_number  idea_data_manager.o
    0x00026538   0x0000000c   Code   RO          718    i.set_bluetooth_log_state  idea_bluetooth_log.o
    0x00026544   0x00000018   Code   RO          647    i.set_complete_callback  idea_ble_nus.o
    0x0002655c   0x0000000c   Code   RO         2886    i.set_curr_sleep_flag  idea_switch_sleep.o
    0x00026568   0x00000020   Code   RO         1158    i.set_daily_target  idea_data_manager.o
    0x00026588   0x0000000c   Code   RO         2680    i.set_daily_target_achieved  idea_step_counter.o
    0x00026594   0x0000000c   Code   RO         3049    i.set_data_sending_flag  idea_sync_data.o
    0x000265a0   0x0000000c   Code   RO         2391    i.set_device_has_bonded  idea_private_bond.o
    0x000265ac   0x0000000c   Code   RO         4384    i.set_global_bluetooth_status  ble_radio_notification.o
    0x000265b8   0x0000000c   Code   RO         1159    i.set_global_dev_loss_alert_level  idea_data_manager.o
    0x000265c4   0x0000000c   Code   RO         1160    i.set_global_dev_loss_controller_data  idea_data_manager.o
    0x000265d0   0x0000000c   Code   RO         1161    i.set_global_dev_loss_should_alert  idea_data_manager.o
    0x000265dc   0x0000000c   Code   RO          933    i.set_global_should_trigger_ota_flag  idea_communicate_protocol.o
    0x000265e8   0x0000000c   Code   RO         1162    i.set_global_step_counts_today  idea_data_manager.o
    0x000265f4   0x0000000c   Code   RO         2681    i.set_quarter_calories  idea_step_counter.o
    0x00026600   0x0000000c   Code   RO         2682    i.set_quarter_distance  idea_step_counter.o
    0x0002660c   0x0000000c   Code   RO         2683    i.set_quarter_steps  idea_step_counter.o
    0x00026618   0x0000002c   Code   RO         2684    i.set_quater_active_time  idea_step_counter.o
    0x00026644   0x00000030   Code   RO         2685    i.set_quater_sport_mode  idea_step_counter.o
    0x00026674   0x0000000c   Code   RO          934    i.set_should_checkdev_loss_on_disconnect  idea_communicate_protocol.o
    0x00026680   0x00000064   Code   RO         3050    i.set_sleep_data_buffer_header  idea_sync_data.o
    0x000266e4   0x00000060   Code   RO         3051    i.set_sport_data_buffer_header  idea_sync_data.o
    0x00026744   0x0000011c   Code   RO         3331    i.set_system_clock  idea_wall_clock_timer.o
    0x00026860   0x00000024   Code   RO         1163    i.set_user_profile  idea_data_manager.o
    0x00026884   0x00000028   Code   RO         3332    i.set_wall_clock_time_counter  idea_wall_clock_timer.o
    0x000268ac   0x00000028   Code   RO         1620    i.show_animation_status  idea_interaction.o
    0x000268d4   0x000000a8   Code   RO          824    i.show_charging_percentage  idea_charging.o
    0x0002697c   0x00000018   Code   RO         2219    i.show_colon        idea_oled.o
    0x00026994   0x0000000e   Code   RO         1621    i.show_is_in_sleep_mode  idea_interaction.o
    0x000269a2   0x0000008a   Code   RO         1622    i.show_step_task_complete_status  idea_interaction.o
    0x00026a2c   0x00000050   Code   RO         1667    i.single_led_control  idea_led_flash.o
    0x00026a7c   0x00000128   Code   RO         3053    i.sleep_evt_handler  idea_sync_data.o
    0x00026ba4   0x0000005e   Code   RO           39    i.sleep_mode_enter  main.o
    0x00026c02   0x00000002   PAD
    0x00026c04   0x0000000c   Code   RO         2887    i.sleep_setting_count  idea_switch_sleep.o
    0x00026c10   0x00000012   Code   RO         5779    i.softdevice_assertion_handler  softdevice_handler.o
    0x00026c22   0x00000002   PAD
    0x00026c24   0x00000018   Code   RO         5780    i.softdevice_ble_evt_handler_set  softdevice_handler.o
    0x00026c3c   0x00000068   Code   RO         5781    i.softdevice_handler_init  softdevice_handler.o
    0x00026ca4   0x00000074   Code   RO         2530    i.spi_master_disable  idea_spi_master.o
    0x00026d18   0x00000060   Code   RO         2531    i.spi_master_enable  idea_spi_master.o
    0x00026d78   0x000000d4   Code   RO         2532    i.spi_master_init   idea_spi_master.o
    0x00026e4c   0x00000090   Code   RO         2533    i.spi_master_tx_rx  idea_spi_master.o
    0x00026edc   0x00000068   Code   RO         2686    i.sports_mode       idea_step_counter.o
    0x00026f44   0x00000010   Code   RO         4017    i.srdata_check      ble_advdata.o
    0x00026f54   0x00000014   Code   RO         2687    i.start_click_algorithm  idea_step_counter.o
    0x00026f68   0x000000ec   Code   RO         2688    i.start_health_algorithm  idea_step_counter.o
    0x00027054   0x00000048   Code   RO         3054    i.start_send_data_timer  idea_sync_data.o
    0x0002709c   0x00000014   Code   RO         2689    i.stop_health_algorithm  idea_step_counter.o
    0x000270b0   0x00000130   Code   RO         2888    i.switch_sleep_state  idea_switch_sleep.o
    0x000271e0   0x0000003a   Code   RO         1164    i.sync_data_to_flash  idea_data_manager.o
    0x0002721a   0x000000a4   Code   RO         4469    i.sys_id_encode     ble_dis.o
    0x000272be   0x00000002   PAD
    0x000272c0   0x00000078   Code   RO         3333    i.system_clock_init  idea_wall_clock_timer.o
    0x00027338   0x0000000c   Code   RO         1339    i.system_off        idea_factory_test.o
    0x00027344   0x0000008c   Code   RO         2690    i.tap_timer_handler  idea_step_counter.o
    0x000273d0   0x0000000a   Code   RO         5436    i.ticks_diff_get    app_timer.o
    0x000273da   0x00000002   PAD
    0x000273dc   0x00000040   Code   RO         5437    i.timeout_handler_exec  app_timer.o
    0x0002741c   0x00000058   Code   RO         5438    i.timer_list_handler  app_timer.o
    0x00027474   0x0000000a   Code   RO         5439    i.timer_list_handler_sched  app_timer.o
    0x0002747e   0x00000002   PAD
    0x00027480   0x000000dc   Code   RO         5440    i.timer_list_insert  app_timer.o
    0x0002755c   0x000000cc   Code   RO         5441    i.timer_list_remove  app_timer.o
    0x00027628   0x00000054   Code   RO         5442    i.timer_start_op_schedule  app_timer.o
    0x0002767c   0x00000040   Code   RO         5444    i.timer_stop_op_schedule  app_timer.o
    0x000276bc   0x0000009c   Code   RO         5445    i.timer_timeouts_check  app_timer.o
    0x00027758   0x0000000a   Code   RO         5446    i.timer_timeouts_check_sched  app_timer.o
    0x00027762   0x00000002   PAD
    0x00027764   0x00000104   Code   RO           40    i.timers_create     main.o
    0x00027868   0x00000034   Code   RO           41    i.timers_init       main.o
    0x0002789c   0x0000006c   Code   RO           42    i.tps_init          main.o
    0x00027908   0x0000003c   Code   RO         2889    i.two_Double_tap_handle  idea_switch_sleep.o
    0x00027944   0x000000d2   Code   RO          648    i.tx_char_add       idea_ble_nus.o
    0x00027a16   0x00000002   PAD
    0x00027a18   0x000000b0   Code   RO         4507    i.tx_power_level_char_add  ble_tps.o
    0x00027ac8   0x00000030   Code   RO         4018    i.tx_power_level_encode  ble_advdata.o
    0x00027af8   0x00000080   Code   RO         3706    i.ui_menu_display_mode  idea_ui_menu.o
    0x00027b78   0x00000028   Code   RO         3707    i.ui_menu_display_on  idea_ui_menu.o
    0x00027ba0   0x0000002c   Code   RO         3708    i.ui_menu_event_input_fun  idea_ui_menu.o
    0x00027bcc   0x000000d8   Code   RO         3709    i.ui_menu_event_input_fun_schedule  idea_ui_menu.o
    0x00027ca4   0x0000007c   Code   RO         3710    i.ui_menu_mode_init  idea_ui_menu.o
    0x00027d20   0x00000064   Code   RO         3711    i.ui_menu_switch_mode  idea_ui_menu.o
    0x00027d84   0x00000012   Code   RO         4019    i.uint16_encode     ble_advdata.o
    0x00027d96   0x00000012   Code   RO         4470    i.uint16_encode     ble_dis.o
    0x00027da8   0x0000002c   Code   RO         2691    i.update_algorithm_timestamp  idea_step_counter.o
    0x00027dd4   0x00000034   Code   RO          825    i.update_charging_status  idea_charging.o
    0x00027e08   0x00000008   Code   RO         3055    i.update_cur_sports_data  idea_sync_data.o
    0x00027e10   0x00000028   Code   RO         2890    i.update_last_time_sleep_mode  idea_switch_sleep.o
    0x00027e38   0x00000060   Code   RO         3056    i.update_sleep_head  idea_sync_data.o
    0x00027e98   0x00000068   Code   RO         2891    i.update_sleep_setting_head  idea_switch_sleep.o
    0x00027f00   0x00000012   Code   RO         2892    i.update_sleep_status  idea_switch_sleep.o
    0x00027f12   0x00000002   PAD
    0x00027f14   0x00000060   Code   RO         3057    i.update_sports_head  idea_sync_data.o
    0x00027f74   0x0000009c   Code   RO         4184    i.update_timeout_handler  ble_conn_params.o
    0x00028010   0x0000004c   Code   RO         3334    i.update_wall_clock  idea_wall_clock_timer.o
    0x0002805c   0x00000034   Code   RO          936    i.user_action_timeout_handle  idea_communicate_protocol.o
    0x00028090   0x00000022   Code   RO         5447    i.user_id_get       app_timer.o
    0x000280b2   0x0000002c   Code   RO         5448    i.user_op_alloc     app_timer.o
    0x000280de   0x00000004   Code   RO         5449    i.user_op_enque     app_timer.o
    0x000280e2   0x00000040   Code   RO         4020    i.uuid_list_encode  ble_advdata.o
    0x00028122   0x000000c4   Code   RO         4021    i.uuid_list_sized_encode  ble_advdata.o
    0x000281e6   0x00000018   Code   RO         1340    i.vibrator_test     idea_factory_test.o
    0x000281fe   0x00000002   PAD
    0x00028200   0x0000003c   Code   RO           43    i.wakeup_rtc_config  main.o
    0x0002823c   0x00000020   Code   RO         3427    i.wdt_feed          idea_wdt.o
    0x0002825c   0x00000024   Code   RO         3428    i.wdt_init          idea_wdt.o
    0x00028280   0x0000000c   Code   RO         3429    i.wdt_start         idea_wdt.o
    0x0002828c   0x00000016   Code   RO         4102    i.whitelist_has_entries  ble_advertising.o
    0x000282a2   0x00000002   PAD
    0x000282a4   0x00000070   Code   RO         1341    i.write_flash_handler  idea_factory_test.o
    0x00028314   0x00000054   Code   RO         1342    i.write_sn          idea_factory_test.o
    0x00028368   0x0000003c   Code   RO         1343    i.write_test_flag   idea_factory_test.o
    0x000283a4   0x0000008c   Code   RO         6005    x$fpl$fadd          fz_ps.l(faddsub.o)
    0x00028430   0x00000058   Code   RO         6018    x$fpl$frleqf        fz_ps.l(frlef.o)
    0x00028488   0x000000d0   Code   RO         6007    x$fpl$fsub          fz_ps.l(faddsub.o)
    0x00028558   0x00000000   Code   RO         6086    x$fpl$usenofp       fz_ps.l(usenofp.o)
    0x00028558   0x00000028   Data   RO          531    .constdata          idea_battery.o
    0x00028580   0x00000010   Data   RO          650    .constdata          idea_ble_nus.o
    0x00028590   0x00000200   Data   RO         1118    .constdata          idea_crc16.o
    0x00028790   0x00000074   Data   RO         1668    .constdata          idea_led_flash.o
    0x00028804   0x00000030   Data   RO         1746    .constdata          idea_level_drive_motor.o
    0x00028834   0x00000a67   Data   RO         2220    .constdata          idea_oled.o
    0x0002929b   0x00000001   PAD
    0x0002929c   0x00000040   Data   RO         3872    .constdata          bsp.o
    0x000292dc   0x0000000c   Data   RO         5302    .constdata          app_button.o
    0x000292e8   0x000000f0   Data   RO         5891    .constdata          AlgorithmLibFornrf51.lib(click-algorithm.o)
    0x000293d8   0x00000028   Data   RO         5957    .constdata          c_p.l(_printf_hex_int_ll_ptr.o)
    0x00029400   0x00000011   Data   RO         5977    .constdata          c_p.l(__printf_flags_ss_wp.o)
    0x00029411   0x00000040   Data   RO         6012    .constdata          fz_ps.l(fdiv.o)
    0x00029451   0x00000003   PAD
    0x00029454   0x00000048   Data   RO          938    .conststring        idea_communicate_protocol.o
    0x0002949c   0x00000041   Data   RO         1854    .conststring        idea_lis3dh_driver.o
    0x000294dd   0x00000003   PAD
    0x000294e0   0x00000041   Data   RO         4565    .conststring        nrf_drv_common.o
    0x00029521   0x00000003   PAD
    0x00029524   0x00000041   Data   RO         4633    .conststring        nrf_drv_gpiote.o
    0x00029565   0x00000003   PAD
    0x00029568   0x00000020   Data   RO         6298    Region$$Table       anon$$obj.o


    Execution Region RW_IRAM1 (Base: 0x20002000, Size: 0x00001f18, Max: 0x00006000, ABSOLUTE, COMPRESSED[0x0000009c])

    Base Addr    Size         Type   Attr      Idx    E Section Name        Object

    0x20002000   0x00000060   Data   RW           45    .data               main.o
    0x20002060   0x00000010   Data   RW          532    .data               idea_battery.o
    0x20002070   0x00000006   Data   RW          720    .data               idea_bluetooth_log.o
    0x20002076   0x00000002   PAD
    0x20002078   0x00000005   Data   RW          826    .data               idea_charging.o
    0x2000207d   0x00000003   PAD
    0x20002080   0x0000004e   Data   RW          939    .data               idea_communicate_protocol.o
    0x200020ce   0x00000002   PAD
    0x200020d0   0x00000018   Data   RW         1166    .data               idea_data_manager.o
    0x200020e8   0x00000004   Data   RW         1345    .data               idea_factory_test.o
    0x200020ec   0x00000018   Data   RW         1572    .data               idea_input_event_source.o
    0x20002104   0x0000000d   Data   RW         1669    .data               idea_led_flash.o
    0x20002111   0x00000003   PAD
    0x20002114   0x0000000c   Data   RW         1747    .data               idea_level_drive_motor.o
    0x20002120   0x00000001   Data   RW         1855    .data               idea_lis3dh_driver.o
    0x20002121   0x00000002   Data   RW         2393    .data               idea_private_bond.o
    0x20002123   0x00000001   PAD
    0x20002124   0x00000018   Data   RW         2534    .data               idea_spi_master.o
    0x2000213c   0x00000004   PAD
    0x20002140   0x00000058   Data   RW         2692    .data               idea_step_counter.o
    0x20002198   0x00000024   Data   RW         2894    .data               idea_switch_sleep.o
    0x200021bc   0x00000045   Data   RW         3059    .data               idea_sync_data.o
    0x20002201   0x00000003   PAD
    0x20002204   0x0000001c   Data   RW         3335    .data               idea_wall_clock_timer.o
    0x20002220   0x0000000e   Data   RW         3674    .data               idea_event.o
    0x2000222e   0x00000009   Data   RW         3713    .data               idea_ui_menu.o
    0x20002237   0x00000002   Data   RW         3785    .data               idea_display.o
    0x20002239   0x00000003   PAD
    0x2000223c   0x0000001d   Data   RW         3873    .data               bsp.o
    0x20002259   0x00000003   PAD
    0x2000225c   0x00000024   Data   RW         4104    .data               ble_advertising.o
    0x20002280   0x00000019   Data   RW         4186    .data               ble_conn_params.o
    0x20002299   0x00000003   PAD
    0x2000229c   0x0000000c   Data   RW         4295    .data               ble_debug_assert_handler.o
    0x200022a8   0x0000000c   Data   RW         4385    .data               ble_radio_notification.o
    0x200022b4   0x0000004a   Data   RW         4471    .data               ble_dis.o
    0x200022fe   0x00000002   PAD
    0x20002300   0x0000002c   Data   RW         4892    .data               pstorage.o
    0x2000232c   0x00000014   Data   RW         5179    .data               ble_flash.o
    0x20002340   0x00000018   Data   RW         5303    .data               app_button.o
    0x20002358   0x0000002a   Data   RW         5450    .data               app_timer.o
    0x20002382   0x00000002   PAD
    0x20002384   0x0000000e   Data   RW         5662    .data               app_scheduler.o
    0x20002392   0x00000002   PAD
    0x20002394   0x0000000c   Data   RW         5717    .data               app_gpiote.o
    0x200023a0   0x00000018   Data   RW         5784    .data               softdevice_handler.o
    0x200023b8   0x00000004   Data   RW         5847    .data               system_nrf51.o
    0x200023bc   0x00000004   PAD
    0x200023c0   0x00000028   Data   RW         5892    .data               AlgorithmLibFornrf51.lib(click-algorithm.o)
    0x200023e8   0x0000002c   Data   RW         5897    .data               AlgorithmLibFornrf51.lib(health-algorithm-inner.o)
    0x20002414   0x00000004   PAD
    0x20002418   0x00000020   Data   RW         5904    .data               AlgorithmLibFornrf51.lib(distance-calculate.o)
    0x20002438   0x00000030   Data   RW         5908    .data               AlgorithmLibFornrf51.lib(sleep-detect-algorithm.o)
    0x20002468   0x00000060   Data   RW         5912    .data               AlgorithmLibFornrf51.lib(distance-step.o)
    0x200024c8   0x000007fc   Zero   RW           44    .bss                main.o
    0x20002cc4   0x00000018   Zero   RW          530    .bss                idea_battery.o
    0x20002cdc   0x0000000c   Zero   RW          649    .bss                idea_ble_nus.o
    0x20002ce8   0x000000cd   Zero   RW          719    .bss                idea_bluetooth_log.o
    0x20002db5   0x00000003   PAD
    0x20002db8   0x0000013c   Zero   RW          937    .bss                idea_communicate_protocol.o
    0x20002ef4   0x00000004   PAD
    0x20002ef8   0x00000040   Zero   RW         1165    .bss                idea_data_manager.o
    0x20002f38   0x00000020   Zero   RW         1344    .bss                idea_factory_test.o
    0x20002f58   0x000000c0   Zero   RW         1503    .bss                idea_hal_acc.o
    0x20003018   0x00000020   Zero   RW         2392    .bss                idea_private_bond.o
    0x20003038   0x00000104   Zero   RW         2472    .bss                idea_spi_flash.o
    0x2000313c   0x0000005c   Zero   RW         2893    .bss                idea_switch_sleep.o
    0x20003198   0x00000080   Zero   RW         3058    .bss                idea_sync_data.o
    0x20003218   0x0000000b   Zero   RW         3712    .bss                idea_ui_menu.o
    0x20003223   0x00000001   PAD
    0x20003224   0x00000040   Zero   RW         3871    .bss                bsp.o
    0x20003264   0x000000ff   Zero   RW         4103    .bss                ble_advertising.o
    0x20003363   0x00000001   PAD
    0x20003364   0x0000001c   Zero   RW         4185    .bss                ble_conn_params.o
    0x20003380   0x00000188   Zero   RW         4354    .bss                ble_error_log.o
    0x20003508   0x00000054   Zero   RW         4632    .bss                nrf_drv_gpiote.o
    0x2000355c   0x000000d8   Zero   RW         4890    .bss                pstorage.o
    0x20003634   0x00000004   PAD
    0x20003638   0x00000168   Zero   RW         5888    .bss                AlgorithmLibFornrf51.lib(click-algorithm.o)
    0x200037a0   0x0000000a   Zero   RW         5900    .bss                AlgorithmLibFornrf51.lib(distance-calculate.o)
    0x200037aa   0x0000000a   Zero   RW         5901    .bss                AlgorithmLibFornrf51.lib(distance-calculate.o)
    0x200037b4   0x00000014   Zero   RW         5902    .bss                AlgorithmLibFornrf51.lib(distance-calculate.o)
    0x200037c8   0x000001f4   Zero   RW         5903    .bss                AlgorithmLibFornrf51.lib(distance-calculate.o)
    0x200039bc   0x00000004   PAD
    0x200039c0   0x000000e0   Zero   RW         5907    .bss                AlgorithmLibFornrf51.lib(sleep-detect-algorithm.o)
    0x20003aa0   0x00000014   Zero   RW         5911    .bss                AlgorithmLibFornrf51.lib(distance-step.o)
    0x20003ab4   0x00000060   Zero   RW         6166    .bss                c_p.l(libspace.o)
    0x20003b14   0x00000004   PAD
    0x20003b18   0x00000000   Zero   RW         5834    HEAP                arm_startup_nrf51.o
    0x20003b18   0x00000400   Zero   RW         5833    STACK               arm_startup_nrf51.o


==============================================================================

Image component sizes


      Code (inc. data)   RO Data    RW Data    ZI Data      Debug   Object Name

       712        210         12         24          0       9841   app_button.o
        56          8          0          0          0       1356   app_error.o
       264         38          0         12          0       3185   app_gpiote.o
       630         82          0         14          0      13459   app_scheduler.o
      2962        328          0         42          0      36741   app_timer.o
        80         32        192          0       1024        784   arm_startup_nrf51.o
      1448          4          0          0          0      15798   ble_advdata.o
      1136        106          0         36        255       7336   ble_advertising.o
       808         18          0          0          0       7975   ble_bas.o
       766        126          0         25         28      16020   ble_conn_params.o
      1178         60          0         12          0       6928   ble_debug_assert_handler.o
      1016         54          0         74          0       6055   ble_dis.o
         0          0          0          0        392        342   ble_error_log.o
      1136        164          0         20          0      12767   ble_flash.o
       136         26          0         12          0       3284   ble_radio_notification.o
        80          0          0          0          0       2240   ble_srv_common.o
       228         10          0          0          0       2303   ble_tps.o
      1608         98         64         29         64       5818   bsp.o
        30          0          0          0          0        665   bsp_btn_ble.o
       938        140         40         16         24      18574   idea_battery.o
       978         26         16          0         12       8890   idea_ble_nus.o
        48          6          0          6        205       2527   idea_bluetooth_log.o
       514         40          0          5          0      10661   idea_charging.o
      4756        298         72         78        316      33888   idea_communicate_protocol.o
        48          4        512          0          0       1729   idea_crc16.o
      1022        168          0         24         64      17723   idea_data_manager.o
      4076         88          0          2          0       8615   idea_display.o
       292         28          0         14          0       3237   idea_event.o
      1740        190          0          4         32      23318   idea_factory_test.o
       610         68          0          0        192       5550   idea_hal_acc.o
       906        110          0         24          0       8430   idea_input_event_source.o
       530         20          0          0          0       3369   idea_interaction.o
      1056        222        116         13          0      13185   idea_led_flash.o
       482        100         48         12          0       9725   idea_level_drive_motor.o
      2314         64         65          1          0      17888   idea_lis3dh_driver.o
        72          4          0          0          0       4383   idea_low_power_mode.o
       356         16          0          0          0        767   idea_menu_display.o
      1132         30       2663          0          0      17721   idea_oled.o
       604         70          0          2         32       8947   idea_private_bond.o
         0          0          0          0        260       1688   idea_spi_flash.o
       622         46          0         24          0       9182   idea_spi_master.o
        46          0          0          0          0        741   idea_square_root.o
       436         56          0          0          0       6525   idea_stack_dump_repoter.o
      2866        606          0         88          0      24634   idea_step_counter.o
       342         20          0          0          0       9001   idea_sw_flash.o
      1798        196          0         36         92      14585   idea_switch_sleep.o
      5324        436          0         69        128      36865   idea_sync_data.o
       888         70          0          9         11       7696   idea_ui_menu.o
      1742        114          0         28          0      12567   idea_wall_clock_timer.o
        80         30          0          0          0       1618   idea_wdt.o
      3152        312          0         96       2044     151111   main.o
        58          4          0          0          0       1727   nrf_delay.o
       196         22         65          0          0       8688   nrf_drv_common.o
      1452        126         65          0         84      25300   nrf_drv_gpiote.o
        48          8          0         44        216       7709   pstorage.o
       390         52          0         24          0       5927   softdevice_handler.o
       348         38          0          4          0       2695   system_nrf51.o

    ----------------------------------------------------------------------
     56626       5192       3972        960       5488     700283   Object Totals
         0          0         32          0          0          0   (incl. Generated)
        90          0         10         37         13          0   (incl. Padding)

    ----------------------------------------------------------------------

      Code (inc. data)   RO Data    RW Data    ZI Data      Debug   Library Member Name

      1256        318        240         40        360        548   click-algorithm.o
       548        212          0         32        540        224   distance-calculate.o
      1832         92          0         96         20        344   distance-step.o
      1056         80          0          0          0        136   distance-steplength.o
       244          6          0         44          0        296   health-algorithm-inner.o
      1528         48          0         48        224       1192   sleep-detect-algorithm.o
        44          4          0          0          0         84   __2sprintf.o
        86          0          0          0          0          0   __dczerorl2.o
         8          0          0          0          0         68   __main.o
       392          6         17          0          0         76   __printf_flags_ss_wp.o
        14          0          0          0          0         60   __printf_wp.o
         0          0          0          0          0          0   __rtentry.o
        12          0          0          0          0          0   __rtentry2.o
         6          0          0          0          0          0   __rtentry4.o
        60          8          0          0          0          0   __scatter.o
        28          0          0          0          0          0   __scatter_zi.o
        48          6          0          0          0         88   _printf_char_common.o
       152          4         40          0          0        148   _printf_hex_int_ll_ptr.o
       176          0          0          0          0         84   _printf_intcommon.o
         2          0          0          0          0          0   _printf_percent.o
         4          0          0          0          0          0   _printf_percent_end.o
        10          0          0          0          0          0   _printf_x.o
        10          0          0          0          0         60   _sputc.o
       346          0          0          0          0         92   aeabi_sdiv.o
        16          0          0          0          0         68   exit.o
         6          0          0          0          0        136   heapauxi.o
         0          0          0          0          0          0   indicate_semi.o
         2          0          0          0          0          0   libinit.o
         2          0          0          0          0          0   libinit2.o
         2          0          0          0          0          0   libshutdown.o
         2          0          0          0          0          0   libshutdown2.o
         8          4          0          0         96         68   libspace.o
        48          0          0          0          0         72   llmul.o
       112          0          0          0          0         72   llsdiv.o
       258          0          0          0          0         88   lludiv.o
        90          0          0          0          0         68   memcmp.o
        64          0          0          0          0        108   rt_memclr.o
       186          0          0          0          0        144   rt_memcpy.o
         2          0          0          0          0          0   rtexit.o
        10          0          0          0          0          0   rtexit2.o
        76          6          0          0          0         72   strcpy.o
        68          6          0          0          0         72   strlen.o
        12          4          0          0          0         60   sys_exit.o
        62          0          0          0          0         80   sys_stackheap_outer.o
         2          0          0          0          0         68   use_no_semi.o
        46          0          0          0          0         60   cmpret.o
       348          8          0          0          0        160   faddsub.o
       100          4          0          0          0         68   fcmpin.o
       352         10         64          0          0         92   fdiv.o
        48          0          0          0          0         60   ffixui.o
        94          0          0          0          0         92   fflti.o
        16          6          0          0          0         68   fnan2.o
        88          4          0          0          0         76   frlef.o
        94          0          0          0          0         68   retnan.o
         0          0          0          0          0          0   usenofp.o

    ----------------------------------------------------------------------
     10086        836        364        264       1248       5420   Library Totals
        10          0          3          4          8          0   (incl. Padding)

    ----------------------------------------------------------------------

      Code (inc. data)   RO Data    RW Data    ZI Data      Debug   Library Name

      6464        756        240        260       1144       2740   AlgorithmLibFornrf51.lib
      2426         48         57          0         96       1936   c_p.l
      1186         32         64          0          0        744   fz_ps.l

    ----------------------------------------------------------------------
     10086        836        364        264       1248       5420   Library Totals

    ----------------------------------------------------------------------

==============================================================================


      Code (inc. data)   RO Data    RW Data    ZI Data      Debug   

     66712       6028       4336       1224       6736     679423   Grand Totals
     66712       6028       4336        156       6736     679423   ELF Image Totals (compressed)
     66712       6028       4336        156          0          0   ROM Totals

==============================================================================

    Total RO  Size (Code + RO Data)                71048 (  69.38kB)
    Total RW  Size (RW Data + ZI Data)              7960 (   7.77kB)
    Total ROM Size (Code + RO Data + RW Data)      71204 (  69.54kB)

==============================================================================

