Component: ARM Compiler 5.06 update 2 (build 183) Tool: armlink [4d35b7]

==============================================================================

Section Cross References

    main.o(i.Clock_1s_cb) refers to idea_ui_menu.o(i.Ui_menu_1s) for Ui_menu_1s
    main.o(i.advertising_init) refers to rt_memclr.o(.text) for __aeabi_memclr4
    main.o(i.advertising_init) refers to ble_advertising.o(i.ble_advertising_init) for ble_advertising_init
    main.o(i.advertising_init) refers to app_error.o(i.app_error_handler) for app_error_handler
    main.o(i.advertising_init) refers to main.o(.data) for m_adv_uuids
    main.o(i.advertising_init) refers to main.o(i.on_adv_evt) for on_adv_evt
    main.o(i.assert_nrf_callback) refers to app_error.o(i.app_error_handler) for app_error_handler
    main.o(i.bas_init) refers to rt_memclr.o(.text) for __aeabi_memclr4
    main.o(i.bas_init) refers to ble_bas.o(i.ble_bas_init) for ble_bas_init
    main.o(i.bas_init) refers to app_error.o(i.app_error_handler) for app_error_handler
    main.o(i.bas_init) refers to idea_battery.o(i.register_battery_up_callback) for register_battery_up_callback
    main.o(i.bas_init) refers to main.o(.bss) for m_bas
    main.o(i.bas_init) refers to main.o(i.battery_up) for battery_up
    main.o(i.battery_up) refers to ble_bas.o(i.ble_bas_battery_level_update) for ble_bas_battery_level_update
    main.o(i.battery_up) refers to app_error.o(i.app_error_handler) for app_error_handler
    main.o(i.battery_up) refers to idea_charging.o(i.charger_status) for charger_status
    main.o(i.battery_up) refers to ble_debug_assert_handler.o(i.low_power_info_store) for low_power_info_store
    main.o(i.battery_up) refers to idea_low_power_mode.o(i.power_system_off) for power_system_off
    main.o(i.battery_up) refers to idea_charging.o(i.update_charging_status) for update_charging_status
    main.o(i.battery_up) refers to main.o(.bss) for m_bas
    main.o(i.battery_up) refers to main.o(.data) for low_power_count
    main.o(i.ble_devinfo_serv_init) refers to rt_memclr.o(.text) for __aeabi_memclr4
    main.o(i.ble_devinfo_serv_init) refers to ble_srv_common.o(i.ble_srv_ascii_to_utf8) for ble_srv_ascii_to_utf8
    main.o(i.ble_devinfo_serv_init) refers to ble_flash.o(i.ble_flash_page_addr) for ble_flash_page_addr
    main.o(i.ble_devinfo_serv_init) refers to idea_factory_test.o(i.is_factory_test_done) for is_factory_test_done
    main.o(i.ble_devinfo_serv_init) refers to ble_dis.o(i.ble_dis_init) for ble_dis_init
    main.o(i.ble_devinfo_serv_init) refers to app_error.o(i.app_error_handler) for app_error_handler
    main.o(i.ble_evt_dispatch) refers to ble_radio_notification.o(i.set_global_bluetooth_status) for set_global_bluetooth_status
    main.o(i.ble_evt_dispatch) refers to idea_ble_nus.o(i.ble_nus_on_ble_evt) for ble_nus_on_ble_evt
    main.o(i.ble_evt_dispatch) refers to ble_conn_params.o(i.ble_conn_params_on_ble_evt) for ble_conn_params_on_ble_evt
    main.o(i.ble_evt_dispatch) refers to ble_bas.o(i.ble_bas_on_ble_evt) for ble_bas_on_ble_evt
    main.o(i.ble_evt_dispatch) refers to main.o(i.on_ble_evt) for on_ble_evt
    main.o(i.ble_evt_dispatch) refers to main.o(.bss) for m_nus
    main.o(i.ble_nus_service_init) refers to idea_ble_nus.o(i.ble_nus_init) for ble_nus_init
    main.o(i.ble_nus_service_init) refers to app_error.o(i.app_error_handler) for app_error_handler
    main.o(i.ble_nus_service_init) refers to main.o(.data) for nus_init
    main.o(i.ble_nus_service_init) refers to idea_communicate_protocol.o(i.L1_receive_data) for L1_receive_data
    main.o(i.ble_nus_service_init) refers to idea_communicate_protocol.o(i.bluetooth_l0_reset) for bluetooth_l0_reset
    main.o(i.ble_nus_service_init) refers to main.o(.bss) for m_nus
    main.o(i.ble_stack_init) refers to softdevice_handler.o(i.softdevice_handler_init) for softdevice_handler_init
    main.o(i.ble_stack_init) refers to app_error.o(i.app_error_handler) for app_error_handler
    main.o(i.ble_stack_init) refers to softdevice_handler.o(i.softdevice_ble_evt_handler_set) for softdevice_ble_evt_handler_set
    main.o(i.ble_stack_init) refers to main.o(.bss) for BLE_EVT_BUFFER
    main.o(i.ble_stack_init) refers to main.o(i.ble_evt_dispatch) for ble_evt_dispatch
    main.o(i.bsp_event_handler) refers to main.o(i.sleep_mode_enter) for sleep_mode_enter
    main.o(i.bsp_event_handler) refers to app_error.o(i.app_error_handler) for app_error_handler
    main.o(i.bsp_event_handler) refers to ble_advertising.o(i.ble_advertising_restart_without_whitelist) for ble_advertising_restart_without_whitelist
    main.o(i.bsp_event_handler) refers to main.o(.data) for m_conn_handle
    main.o(i.buttons_leds_init) refers to bsp.o(i.bsp_init) for bsp_init
    main.o(i.buttons_leds_init) refers to app_error.o(i.app_error_handler) for app_error_handler
    main.o(i.buttons_leds_init) refers to bsp_btn_ble.o(i.bsp_btn_ble_init) for bsp_btn_ble_init
[...]
    OLED_Init                                0x0001c37f   Thumb Code   238  idea_oled.o(i.OLED_Init)
    OLED_Set_Pos                             0x0001c46d   Thumb Code    50  idea_oled.o(i.OLED_Set_Pos)
    OLED_ShowChar                            0x0001c4a1   Thumb Code   148  idea_oled.o(i.OLED_ShowChar)
    OLED_ShowString                          0x0001c53d   Thumb Code    56  idea_oled.o(i.OLED_ShowString)
    OLED_WR_Byte                             0x0001c575   Thumb Code    26  idea_oled.o(i.OLED_WR_Byte)
    RTC0_IRQHandler                          0x0001c591   Thumb Code    32  main.o(i.RTC0_IRQHandler)
    RTC1_IRQHandler                          0x0001c5c1   Thumb Code    34  app_timer.o(i.RTC1_IRQHandler)
    SPIFlash_Erase_Sector                    0x0001c5e9   Thumb Code    58  idea_sw_flash.o(i.SPIFlash_Erase_Sector)
    SWI0_IRQHandler                          0x0001c623   Thumb Code     8  app_timer.o(i.SWI0_IRQHandler)
    SWI1_IRQHandler                          0x0001c62d   Thumb Code    34  ble_radio_notification.o(i.SWI1_IRQHandler)
    SWI2_IRQHandler                          0x0001c659   Thumb Code    50  softdevice_handler.o(i.SWI2_IRQHandler)
    SpiFlash_Read                            0x0001c691   Thumb Code    98  idea_sw_flash.o(i.SpiFlash_Read)
    SpiFlash_ReadOneByte                     0x0001c6f5   Thumb Code    76  idea_sw_flash.o(i.SpiFlash_ReadOneByte)
    SpiFlash_Read_Data                       0x0001c745   Thumb Code    64  idea_sw_flash.o(i.SpiFlash_Read_Data)
    SpiFlash_WriteOneByte                    0x0001c795   Thumb Code    76  idea_sw_flash.o(i.SpiFlash_WriteOneByte)
    SpiFlash_Write_Data                      0x0001c7fb   Thumb Code   102  idea_sw_flash.o(i.SpiFlash_Write_Data)
    SpiFlash_Write_Enable                    0x0001c861   Thumb Code    22  idea_sw_flash.o(i.SpiFlash_Write_Enable)
    SpiFlash_Write_Page                      0x0001c877   Thumb Code   118  idea_sw_flash.o(i.SpiFlash_Write_Page)
    Spi_Flash_Init                           0x0001c8ed   Thumb Code    42  idea_sw_flash.o(i.Spi_Flash_Init)
    SystemInit                               0x0001c919   Thumb Code    76  system_nrf51.o(i.SystemInit)
    Ui_menu_init                             0x0001c97d   Thumb Code    16  idea_ui_menu.o(i.Ui_menu_init)
    Write_IIC_Byte                           0x0001c991   Thumb Code    66  idea_oled.o(i.Write_IIC_Byte)
    Write_IIC_Command                        0x0001c9d3   Thumb Code    44  idea_oled.o(i.Write_IIC_Command)
    Write_IIC_Data                           0x0001c9ff   Thumb Code    44  idea_oled.o(i.Write_IIC_Data)
    __ARM_common_ll_mulss                    0x0001ca2b   Thumb Code    48  click-algorithm.o(i.__ARM_common_ll_mulss)
    __ARM_common_switch8                     0x0001ca5b   Thumb Code    28  idea_factory_test.o(i.__ARM_common_switch8)
    _is_digit                                0x0001ca77   Thumb Code    14  __printf_wp.o(i._is_digit)
    all_led_flash                            0x0001cd19   Thumb Code    52  idea_factory_test.o(i.all_led_flash)
    app_button_enable                        0x0001cd71   Thumb Code    52  app_button.o(i.app_button_enable)
    app_error_handler                        0x0001cde9   Thumb Code    48  app_error.o(i.app_error_handler)
    app_query_timer                          0x0001ce21   Thumb Code    48  app_timer.o(i.app_query_timer)
    app_sched_event_put                      0x0001cecd   Thumb Code   252  app_scheduler.o(i.app_sched_event_put)
    app_sched_execute                        0x0001cfe1   Thumb Code    30  app_scheduler.o(i.app_sched_execute)
    app_sched_init                           0x0001d001   Thumb Code    66  app_scheduler.o(i.app_sched_init)
    app_timer_create                         0x0001d05d   Thumb Code   108  app_timer.o(i.app_timer_create)
    app_timer_init                           0x0001d0d1   Thumb Code   204  app_timer.o(i.app_timer_init)
    app_timer_start                          0x0001d1c1   Thumb Code    98  app_timer.o(i.app_timer_start)
    app_timer_stop                           0x0001d22d   Thumb Code    60  app_timer.o(i.app_timer_stop)
    assert_nrf_callback                      0x0001d2bd   Thumb Code    18  main.o(i.assert_nrf_callback)
    async_send                               0x0001d2d5   Thumb Code   708  idea_communicate_protocol.o(i.async_send)
    battery_adc_dev_init                     0x0001d5c9   Thumb Code    14  idea_battery.o(i.battery_adc_dev_init)
    battery_adc_interrupt_init               0x0001d5e5   Thumb Code    30  idea_battery.o(i.battery_adc_interrupt_init)
    battery_adc_read_once                    0x0001d60d   Thumb Code    92  idea_battery.o(i.battery_adc_read_once)
    battery_measure_init                     0x0001d685   Thumb Code    64  idea_battery.o(i.battery_measure_init)
    battery_start                            0x0001d6d5   Thumb Code    20  idea_battery.o(i.battery_start)
    bd_crc16                                 0x0001d6f5   Thumb Code    44  idea_crc16.o(i.bd_crc16)
    ble_advdata_set                          0x0001d725   Thumb Code   122  ble_advdata.o(i.ble_advdata_set)
    ble_advertising_start                    0x0001d7b1   Thumb Code   654  ble_advertising.o(i.ble_advertising_start)
    ble_flash_block_write                    0x0001da6d   Thumb Code    36  ble_flash.o(i.ble_flash_block_write)
    ble_flash_crc16_compute                  0x0001da91   Thumb Code    64  ble_flash.o(i.ble_flash_crc16_compute)
    ble_flash_page_addr                      0x0001dad5   Thumb Code    18  ble_flash.o(i.ble_flash_page_addr)
    ble_flash_page_delay_erase               0x0001dae9   Thumb Code   108  ble_flash.o(i.ble_flash_page_delay_erase)
    ble_flash_page_erase                     0x0001db5d   Thumb Code    26  ble_flash.o(i.ble_flash_page_erase)
    ble_flash_page_read                      0x0001db79   Thumb Code   112  ble_flash.o(i.ble_flash_page_read)
    ble_nus_send_string                      0x0001dbed   Thumb Code   102  idea_ble_nus.o(i.ble_nus_send_string)
    bond_press_handle                        0x0001dc5d   Thumb Code    48  idea_private_bond.o(i.bond_press_handle)
    bond_success_event_dispatch              0x0001dc99   Thumb Code    50  idea_private_bond.o(i.bond_success_event_dispatch)
    bond_success_event_observer              0x0001dcd1   Thumb Code    34  idea_communicate_protocol.o(i.bond_success_event_observer)
    bootup_check                             0x0001dcf3   Thumb Code    92  idea_factory_test.o(i.bootup_check)
    cal_percentage                           0x0001dd51   Thumb Code   176  idea_battery.o(i.cal_percentage)
    charger_init                             0x0001de25   Thumb Code    24  idea_charging.o(i.charger_init)
    charger_status                           0x0001de3d   Thumb Code    66  idea_charging.o(i.charger_status)
    check_has_bonded                         0x0001de81   Thumb Code     6  idea_private_bond.o(i.check_has_bonded)
    check_need_erase_sleep_page_for_when_boot 0x0001de8d   Thumb Code   254  idea_sync_data.o(i.check_need_erase_sleep_page_for_when_boot)
    check_need_erase_sport_page_for_when_boot 0x0001df91   Thumb Code   254  idea_sync_data.o(i.check_need_erase_sport_page_for_when_boot)
    check_sleep_data_in_flash                0x0001e095   Thumb Code   116  idea_sync_data.o(i.check_sleep_data_in_flash)
    check_sports_data_in_flash               0x0001e109   Thumb Code   116  idea_sync_data.o(i.check_sports_data_in_flash)
    clear_prev_user_data                     0x0001e17d   Thumb Code    16  idea_sync_data.o(i.clear_prev_user_data)
    click_algorithm_cb_implement             0x0001e18d   Thumb Code    42  idea_step_counter.o(i.click_algorithm_cb_implement)
    convert_time_to_Second                   0x0001e371   Thumb Code   234  idea_wall_clock_timer.o(i.convert_time_to_Second)
    get_battery_power_percentage             0x0001e675   Thumb Code     6  idea_battery.o(i.get_battery_power_percentage)
    get_battery_voltage_adjustment           0x0001e681   Thumb Code    16  idea_charging.o(i.get_battery_voltage_adjustment)
    get_calory                               0x0001e695   Thumb Code    18  idea_step_counter.o(i.get_calory)
    get_curr_sleep_flag                      0x0001e6ad   Thumb Code     6  idea_switch_sleep.o(i.get_curr_sleep_flag)
    get_daily_target                         0x0001e6b9   Thumb Code     6  idea_data_manager.o(i.get_daily_target)
    get_flash_page_number                    0x0001e6c5   Thumb Code    20  idea_sync_data.o(i.get_flash_page_number)
    get_global_bluetooth_status              0x0001e6d9   Thumb Code     6  ble_radio_notification.o(i.get_global_bluetooth_status)
    get_global_step_counts_today             0x0001e6e5   Thumb Code     6  idea_data_manager.o(i.get_global_step_counts_today)
    get_last_sleep_setting_event             0x0001e6f1   Thumb Code     4  idea_switch_sleep.o(i.get_last_sleep_setting_event)
    get_last_sleep_setting_event_head        0x0001e6f9   Thumb Code     4  idea_switch_sleep.o(i.get_last_sleep_setting_event_head)
    get_next_sleep_read_group_address        0x0001e701   Thumb Code   110  idea_sync_data.o(i.get_next_sleep_read_group_address)
    get_next_sleep_write_group_address       0x0001e775   Thumb Code   438  idea_sync_data.o(i.get_next_sleep_write_group_address)
    get_next_sport_read_group_address        0x0001e931   Thumb Code   110  idea_sync_data.o(i.get_next_sport_read_group_address)
    get_quarter_calories                     0x0001e9a5   Thumb Code     6  idea_step_counter.o(i.get_quarter_calories)
    get_quarter_distance                     0x0001e9b1   Thumb Code     6  idea_step_counter.o(i.get_quarter_distance)
    get_user_profile                         0x0001e9bd   Thumb Code     4  idea_data_manager.o(i.get_user_profile)
    get_wall_clock_time                      0x0001e9c5   Thumb Code    34  idea_wall_clock_timer.o(i.get_wall_clock_time)
    get_wall_clock_time_counter              0x0001e9f1   Thumb Code     6  idea_wall_clock_timer.o(i.get_wall_clock_time_counter)
    gpio_init                                0x0001e9fd   Thumb Code    36  main.o(i.gpio_init)
    hal_acc_GetFifoData                      0x0001ea21   Thumb Code    24  idea_hal_acc.o(i.hal_acc_GetFifoData)
    hal_acc_enable                           0x0001ea39   Thumb Code    22  idea_hal_acc.o(i.hal_acc_enable)
    hal_acc_init                             0x0001ea4f   Thumb Code     8  idea_hal_acc.o(i.hal_acc_init)
    handle_distance_event                    0x0001ea59   Thumb Code   320  idea_step_counter.o(i.handle_distance_event)
    handle_sleep_event                       0x0001ec05   Thumb Code    46  idea_step_counter.o(i.handle_sleep_event)
    have_history_sport_data_in_ram_to_send   0x0001ec79   Thumb Code    16  idea_sync_data.o(i.have_history_sport_data_in_ram_to_send)
    have_sleep_data_in_ram_to_send           0x0001ec8d   Thumb Code    16  idea_sync_data.o(i.have_sleep_data_in_ram_to_send)
    have_sleep_group_to_send                 0x0001eca1   Thumb Code    20  idea_sync_data.o(i.have_sleep_group_to_send)
    have_sport_data_in_ram_to_send           0x0001ecb9   Thumb Code    36  idea_sync_data.o(i.have_sport_data_in_ram_to_send)
    have_sport_group_to_send                 0x0001ece9   Thumb Code    20  idea_sync_data.o(i.have_sport_group_to_send)
    health_algorithm_cb_implement            0x0001ed01   Thumb Code    32  idea_step_counter.o(i.health_algorithm_cb_implement)
    init1                                    0x0001ed21   Thumb Code    44  main.o(i.init1)
    init2                                    0x0001ed4d   Thumb Code  1474  main.o(i.init2)
    input_event_handle_schedule              0x0001f315   Thumb Code   154  idea_input_event_source.o(i.input_event_handle_schedule)
    intern_softdevice_events_execute         0x0001f3b1   Thumb Code   168  softdevice_handler.o(i.intern_softdevice_events_execute)
    is_factory_test_done                     0x0001f4a5   Thumb Code    36  idea_factory_test.o(i.is_factory_test_done)
    led_action_control                       0x0001f589   Thumb Code    22  idea_led_flash.o(i.led_action_control)
    led_action_control_with_interval         0x0001f5a5   Thumb Code    56  idea_led_flash.o(i.led_action_control_with_interval)
    led_action_stop                          0x0001f5e1   Thumb Code    52  idea_led_flash.o(i.led_action_stop)
    load_alarm                               0x0001fa01   Thumb Code    66  idea_data_manager.o(i.load_alarm)
    load_daily_target                        0x0001fa4d   Thumb Code    52  idea_data_manager.o(i.load_daily_target)
    load_user_profile                        0x0001fa89   Thumb Code   124  idea_data_manager.o(i.load_user_profile)
    main                                     0x0001fb11   Thumb Code   142  main.o(i.main)
    menu_display                             0x0001fc09   Thumb Code   352  idea_menu_display.o(i.menu_display)
    monthLength                              0x0001fd6d   Thumb Code    36  idea_wall_clock_timer.o(i.monthLength)
    motor_action_control_start               0x0001fd91   Thumb Code   122  idea_level_drive_motor.o(i.motor_action_control_start)
    motor_action_control_stop                0x0001fe25   Thumb Code    30  idea_level_drive_motor.o(i.motor_action_control_stop)
    motor_init                               0x0001fe55   Thumb Code    28  idea_level_drive_motor.o(i.motor_init)
    notification_start                       0x0001ff7d   Thumb Code   326  idea_interaction.o(i.notification_start)
    notification_status                      0x000200c5   Thumb Code     6  idea_led_flash.o(i.notification_status)
    notification_stop                        0x000200d1   Thumb Code    12  idea_interaction.o(i.notification_stop)
    nrf_delay_ms                             0x000200dd   Thumb Code    24  nrf_delay.o(i.nrf_delay_ms)
    nrf_drv_gpiote_in_event_enable           0x000200f9   Thumb Code   218  nrf_drv_gpiote.o(i.nrf_drv_gpiote_in_event_enable)
    pre_init                                 0x0002044d   Thumb Code    14  main.o(i.pre_init)
    pstorage_access_status_get               0x0002045d   Thumb Code    40  pstorage.o(i.pstorage_access_status_get)
    register_click_button_callback           0x0002048d   Thumb Code     6  idea_input_event_source.o(i.register_click_button_callback)
    reset_check                              0x000204a5   Thumb Code   122  main.o(i.reset_check)
    reset_cur_sports_data                    0x00020529   Thumb Code    62  idea_sync_data.o(i.reset_cur_sports_data)
    reset_health_algorithm_data              0x00020571   Thumb Code    60  idea_step_counter.o(i.reset_health_algorithm_data)
    reset_sleep_data                         0x000205c5   Thumb Code    88  idea_sync_data.o(i.reset_sleep_data)
    reset_sleep_head                         0x00020621   Thumb Code     8  idea_sync_data.o(i.reset_sleep_head)
    reset_sleep_setting                      0x00020629   Thumb Code    68  idea_switch_sleep.o(i.reset_sleep_setting)
    reset_sleep_setting_head                 0x0002067d   Thumb Code    18  idea_switch_sleep.o(i.reset_sleep_setting_head)
    reset_sport_data                         0x00020695   Thumb Code    88  idea_sync_data.o(i.reset_sport_data)
    reset_sports_head                        0x000206f1   Thumb Code    92  idea_sync_data.o(i.reset_sports_head)
    reset_user_data_for_new_bond             0x00020751   Thumb Code    18  idea_data_manager.o(i.reset_user_data_for_new_bond)
    restart_health_algorithm                 0x00020775   Thumb Code    62  idea_step_counter.o(i.restart_health_algorithm)
    restore_SleepSettingsFromFlash           0x000207c1   Thumb Code   234  idea_switch_sleep.o(i.restore_SleepSettingsFromFlash)
    restore_backup_info_from_flash           0x000208c1   Thumb Code   588  ble_debug_assert_handler.o(i.restore_backup_info_from_flash)
    save_sleep_group_data                    0x00020be5   Thumb Code    94  idea_sync_data.o(i.save_sleep_group_data)
    schedule_async_send                      0x00020c51   Thumb Code    74  idea_communicate_protocol.o(i.schedule_async_send)
    send_all_data                            0x00020cd5   Thumb Code   340  idea_sync_data.o(i.send_all_data)
    send_all_data_callback                   0x00020e81   Thumb Code   158  idea_sync_data.o(i.send_all_data_callback)
    send_sleep_group_data                    0x00020fc1   Thumb Code    98  idea_sync_data.o(i.send_sleep_group_data)
    send_sleep_setting_data                  0x00021035   Thumb Code     8  idea_switch_sleep.o(i.send_sleep_setting_data)
    send_sleep_setting_data_cb               0x0002103d   Thumb Code   178  idea_switch_sleep.o(i.send_sleep_setting_data_cb)
    send_sleep_setting_data_in_ram           0x000210fd   Thumb Code   186  idea_switch_sleep.o(i.send_sleep_setting_data_in_ram)
    send_sport_data_from_ram                 0x000211c9   Thumb Code   384  idea_sync_data.o(i.send_sport_data_from_ram)
    send_sport_group_data                    0x00021469   Thumb Code    98  idea_sync_data.o(i.send_sport_group_data)
    sensor_test                              0x000214d5   Thumb Code   120  idea_factory_test.o(i.sensor_test)
    sensor_timers_start                      0x00021559   Thumb Code    56  idea_step_counter.o(i.sensor_timers_start)
    set_complete_callback                    0x00021629   Thumb Code    18  idea_ble_nus.o(i.set_complete_callback)
    set_curr_sleep_flag                      0x00021641   Thumb Code     6  idea_switch_sleep.o(i.set_curr_sleep_flag)
    set_device_has_bonded                    0x0002164d   Thumb Code     6  idea_private_bond.o(i.set_device_has_bonded)
    set_global_dev_loss_controller_data      0x00021659   Thumb Code     6  idea_data_manager.o(i.set_global_dev_loss_controller_data)
    set_global_step_counts_today             0x00021665   Thumb Code     6  idea_data_manager.o(i.set_global_step_counts_today)
    set_wall_clock_time_counter              0x00021735   Thumb Code    32  idea_wall_clock_timer.o(i.set_wall_clock_time_counter)
    sleep_evt_handler                        0x00021915   Thumb Code   278  idea_sync_data.o(i.sleep_evt_handler)
    sleep_setting_count                      0x00021a3d   Thumb Code     8  idea_switch_sleep.o(i.sleep_setting_count)
    spi_master_disable                       0x00021a49   Thumb Code   108  idea_spi_master.o(i.spi_master_disable)
    spi_master_enable                        0x00021abd   Thumb Code    86  idea_spi_master.o(i.spi_master_enable)
    spi_master_init                          0x00021b1d   Thumb Code   200  idea_spi_master.o(i.spi_master_init)
    spi_master_tx_rx                         0x00021bf1   Thumb Code   134  idea_spi_master.o(i.spi_master_tx_rx)
    sports_mode                              0x00021c81   Thumb Code    88  idea_step_counter.o(i.sports_mode)
    start_click_algorithm                    0x00021cf9   Thumb Code    16  idea_step_counter.o(i.start_click_algorithm)
    start_health_algorithm                   0x00021d0d   Thumb Code   162  idea_step_counter.o(i.start_health_algorithm)
    start_send_data_timer                    0x00021df9   Thumb Code    62  idea_sync_data.o(i.start_send_data_timer)
    stop_health_algorithm                    0x00021e41   Thumb Code    14  idea_step_counter.o(i.stop_health_algorithm)
    switch_sleep_state                       0x00021e55   Thumb Code   284  idea_switch_sleep.o(i.switch_sleep_state)
    two_Double_tap_handle                    0x0002234d   Thumb Code    52  idea_switch_sleep.o(i.two_Double_tap_handle)
    ui_menu_display_on                       0x00022439   Thumb Code    34  idea_ui_menu.o(i.ui_menu_display_on)
    update_algorithm_timestamp               0x00022659   Thumb Code    40  idea_step_counter.o(i.update_algorithm_timestamp)
    update_charging_status                   0x00022685   Thumb Code    42  idea_charging.o(i.update_charging_status)
    update_cur_sports_data                   0x000226b9   Thumb Code     8  idea_sync_data.o(i.update_cur_sports_data)
    update_last_time_sleep_mode              0x000226c1   Thumb Code    22  idea_switch_sleep.o(i.update_last_time_sleep_mode)
    update_sleep_head                        0x000226e9   Thumb Code    92  idea_sync_data.o(i.update_sleep_head)
    update_sleep_setting_head                0x00022749   Thumb Code   100  idea_switch_sleep.o(i.update_sleep_setting_head)
    update_sports_head                       0x000227b1   Thumb Code    92  idea_sync_data.o(i.update_sports_head)
    wdt_feed                                 0x000229a5   Thumb Code    20  idea_wdt.o(i.wdt_feed)
    wdt_start                                0x000229c5   Thumb Code     8  idea_wdt.o(i.wdt_start)
    __aeabi_fadd                             0x000229e9   Thumb Code     0  faddsub.o(x$fpl$fadd)
    _fadd                                    0x000229e9   Thumb Code   134  faddsub.o(x$fpl$fadd)
    __aeabi_cfrcmple                         0x00022a75   Thumb Code     0  frlef.o(x$fpl$frleqf)
    _frcmple                                 0x00022a75   Thumb Code    84  frlef.o(x$fpl$frleqf)
    __aeabi_fsub                             0x00022acd   Thumb Code     0  faddsub.o(x$fpl$fsub)
    _fsub                                    0x00022acd   Thumb Code   204  faddsub.o(x$fpl$fsub)
    __I$use$fp                               0x00022b9c   Number         0  usenofp.o(x$fpl$usenofp)
    crc16_table                              0x00022bc4   Data         512  idea_crc16.o(.constdata)
    led_pin_array                            0x00022dc4   Data           5  idea_led_flash.o(.constdata)
    led_polarity_bit_array                   0x00022dca   Data           2  idea_led_flash.o(.constdata)
    all_flash                                0x00022dcc   Data           4  idea_led_flash.o(.constdata)
    serial_flash                             0x00022dd0   Data          10  idea_led_flash.o(.constdata)
    serial_close                             0x00022dda   Data          10  idea_led_flash.o(.constdata)
    celebration                              0x00022de4   Data          10  idea_led_flash.o(.constdata)
    border_to_central                        0x00022dee   Data           8  idea_led_flash.o(.constdata)
    percentage_20                            0x00022df6   Data           4  idea_led_flash.o(.constdata)
    percentage_40                            0x00022dfa   Data           4  idea_led_flash.o(.constdata)
    percentage_60                            0x00022dfe   Data           4  idea_led_flash.o(.constdata)
    percentage_80                            0x00022e02   Data           4  idea_led_flash.o(.constdata)
    percentage_100                           0x00022e06   Data           4  idea_led_flash.o(.constdata)
    percentage_full                          0x00022e0a   Data           2  idea_led_flash.o(.constdata)
    step_percentage_20                       0x00022e0c   Data           4  idea_led_flash.o(.constdata)
    step_percentage_40                       0x00022e10   Data           4  idea_led_flash.o(.constdata)
    step_percentage_60                       0x00022e14   Data           4  idea_led_flash.o(.constdata)
    step_percentage_80                       0x00022e18   Data           4  idea_led_flash.o(.constdata)
    step_percentage_100                      0x00022e1c   Data           4  idea_led_flash.o(.constdata)
    first_led_flash                          0x00022e20   Data           4  idea_led_flash.o(.constdata)
    second_led_flash                         0x00022e24   Data           4  idea_led_flash.o(.constdata)
    third_led_flash                          0x00022e28   Data           4  idea_led_flash.o(.constdata)
    forth_led_flash                          0x00022e2c   Data           4  idea_led_flash.o(.constdata)
    fifth_led_flash                          0x00022e30   Data           4  idea_led_flash.o(.constdata)
    action_blank                             0x00022e34   Data           4  idea_led_flash.o(.constdata)
    F6x8                                     0x00022e68   Data         552  idea_oled.o(.constdata)
    F8X16                                    0x00023090   Data        1520  idea_oled.o(.constdata)
    Hzk                                      0x00023680   Data         576  idea_oled.o(.constdata)
    colon                                    0x000238c0   Data          15  idea_oled.o(.constdata)
    Num_0824                                 0x000238cf   Data         256  idea_spi_flash.o(.constdata)
    Num0805_battery_blutooth                 0x000239cf   Data         256  idea_spi_flash.o(.constdata)
    step_distence_calorie                    0x00023acf   Data         256  idea_spi_flash.o(.constdata)
    heart_rate                               0x00023bcf   Data         256  idea_spi_flash.o(.constdata)
    Haterate                                 0x00023ccf   Data         256  idea_spi_flash.o(.constdata)
    lowpower                                 0x00023dcf   Data         256  idea_spi_flash.o(.constdata)
    charging                                 0x00023ecf   Data         256  idea_spi_flash.o(.constdata)
    chargfull                                0x00023fcf   Data         256  idea_spi_flash.o(.constdata)
    k_SVM_alpha                              0x000240d0   Data         240  click-algorithm.o(.constdata)
    Region$$Table$$Base                      0x0002430c   Number         0  anon$$obj.o(Region$$Table)
    Region$$Table$$Limit                     0x0002432c   Number         0  anon$$obj.o(Region$$Table)
    g_battery_voltage_mv                     0x20002002   Data           2  idea_battery.o(.data)
    global_device_charging_state             0x20002010   Data           4  idea_charging.o(.data)
    global_L1_header_buffer                  0x20002018   Data           8  idea_communicate_protocol.o(.data)
    private_bond_machine                     0x20002028   Data           4  idea_communicate_protocol.o(.data)
    L1_sequence_id                           0x2000202c   Data           2  idea_communicate_protocol.o(.data)
    user_action_delay_timer                  0x20002048   Data           4  idea_communicate_protocol.o(.data)
    global_should_trigger_ota                0x2000204c   Data           1  idea_communicate_protocol.o(.data)
    should_update_prv_bond_info              0x200020b5   Data           1  idea_private_bond.o(.data)
    SPIMasterBuffer                          0x200020b8   Data           8  idea_spi_master.o(.data)
    SPISlaveBuffer                           0x200020c0   Data           8  idea_spi_master.o(.data)
    SPIReadLength                            0x200020c8   Data           1  idea_spi_master.o(.data)
    SPIWriteLength                           0x200020c9   Data           1  idea_spi_master.o(.data)
    SEL_SS_PINOUT                            0x200020cc   Data           4  idea_spi_master.o(.data)
    m_sensor_timer_id                        0x200020d4   Data           4  idea_step_counter.o(.data)
    mSportsData                              0x20002100   Data           8  idea_step_counter.o(.data)
    mSportHead                               0x20002108   Data           4  idea_step_counter.o(.data)
    mSleepData                               0x2000210c   Data           4  idea_step_counter.o(.data)
    mSleepHead                               0x20002110   Data           4  idea_step_counter.o(.data)
    notify_steps_enable                      0x20002115   Data           1  idea_step_counter.o(.data)
    m_double_tap_timer_id                    0x20002118   Data           4  idea_step_counter.o(.data)
    manual_sleep_event                       0x20002128   Data           4  idea_switch_sleep.o(.data)
    sleep_events_buff                        0x2000212c   Data           4  idea_switch_sleep.o(.data)
    manual_sleep_events_head_data            0x20002130   Data           4  idea_switch_sleep.o(.data)
    manual_sleep_events_head                 0x20002134   Data           4  idea_switch_sleep.o(.data)
    g_sports_send_buffer                     0x2000214c   Data           4  idea_sync_data.o(.data)
    g_sleep_send_buffer                      0x20002150   Data           4  idea_sync_data.o(.data)
    sending_flag                             0x20002154   Data           1  idea_sync_data.o(.data)
    g_saved_SportsData                       0x20002158   Data           8  idea_sync_data.o(.data)
    g_saved_SleepData                        0x20002160   Data           8  idea_sync_data.o(.data)
    sending_steps                            0x20002168   Data           2  idea_sync_data.o(.data)
    send_data_timer                          0x20002174   Data           4  idea_sync_data.o(.data)
    p_last_send_sport_addr                   0x20002178   Data           4  idea_sync_data.o(.data)
    sport_send_error_count                   0x2000217c   Data           1  idea_sync_data.o(.data)
    p_last_send_sleep_addr                   0x20002180   Data           4  idea_sync_data.o(.data)
    sleep_send_error_count                   0x20002184   Data           1  idea_sync_data.o(.data)
    sync_process_buffer                      0x20002185   Data           5  idea_sync_data.o(.data)
    sync_process_start_send                  0x2000218a   Data           1  idea_sync_data.o(.data)
    send_time_started                        0x20002190   Data           1  idea_sync_data.o(.data)
    alarm_later                              0x20002194   Data           1  idea_wall_clock_timer.o(.data)
    Global_Time                              0x2000219c   Data           8  idea_wall_clock_timer.o(.data)
    clock_1second_cbs                        0x200021a8   Data           4  idea_wall_clock_timer.o(.data)
    m_event                                  0x200021b0   Data           5  idea_event.o(.data)
    event_input_cb                           0x200021b8   Data           4  idea_event.o(.data)
    flash_page_data                          0x200021f0   Data           4  ble_debug_assert_handler.o(.data)
    m_erase_flash_timer_id                   0x20002234   Data           4  ble_flash.o(.data)
    flash_page_to_erase_Q                    0x2000223a   Data           8  ble_flash.o(.data)
    flash_page_to_erase_Q_len                0x20002242   Data           1  ble_flash.o(.data)
    radio_inactive_time                      0x20002244   Data           4  ble_flash.o(.data)
    SystemCoreClock                          0x200022b4   Data           4  system_nrf51.o(.data)
    g_error_desc                             0x200022e8   Data           4  health-algorithm-inner.o(.data)
    g_peak_save_index                        0x20002310   Data           1  distance-calculate.o(.data)
    g_data_index                             0x20002311   Data           1  distance-calculate.o(.data)
    g_isfemale                               0x20002312   Data           1  distance-calculate.o(.data)
    g_height_cm                              0x20002314   Data           2  distance-calculate.o(.data)
    g_weight_kg                              0x20002316   Data           2  distance-calculate.o(.data)
    g_age                                    0x20002318   Data           2  distance-calculate.o(.data)
    g_nSampleRate                            0x20002330   Data           4  sleep-detect-algorithm.o(.data)
    g_cEventMonitor                          0x20002334   Data           4  sleep-detect-algorithm.o(.data)
    g_aState2Mode                            0x20002338   Data          12  sleep-detect-algorithm.o(.data)
    g_aTatWeights                            0x20002344   Data          28  sleep-detect-algorithm.o(.data)
    m_bas                                    0x200023cc   Data          24  main.o(.bss)
    m_nus                                    0x200023e4   Data          32  main.o(.bss)
    global_reponse_buffer                    0x20002be0   Data         200  idea_communicate_protocol.o(.bss)
    accData                                  0x20002d60   Data         192  idea_hal_acc.o(.bss)
    spim_dma_rxbuf                           0x20002e20   Data         260  idea_spi_flash.o(.bss)
    write_flash_page                         0x20002f24   Data         256  idea_spi_flash.o(.bss)
    g_sports_send_buffer_align               0x20003080   Data          80  idea_sync_data.o(.bss)
    g_sleep_send_buffer_align                0x200030d0   Data          48  idea_sync_data.o(.bss)
    g_peak_save                              0x200034a0   Data          10  distance-calculate.o(.bss)
    g_step_save                              0x200034aa   Data          10  distance-calculate.o(.bss)
    g_step_freq_save                         0x200034b4   Data          20  distance-calculate.o(.bss)
    g_data_x                                 0x200034c8   Data          60  distance-calculate.o(.bss)
    g_data_y                                 0x20003504   Data          60  distance-calculate.o(.bss)
    g_data_z                                 0x20003540   Data          60  distance-calculate.o(.bss)
    g_data_compose                           0x2000357c   Data          60  distance-calculate.o(.bss)
    g_data_timestamp                         0x200035b8   Data         240  distance-calculate.o(.bss)
    g_cRollDetector                          0x200036c0   Data         160  sleep-detect-algorithm.o(.bss)
    g_cEpochMaker                            0x20003760   Data          16  sleep-detect-algorithm.o(.bss)
    g_cEpochBuffer                           0x20003770   Data          48  sleep-detect-algorithm.o(.bss)
    __libspace_start                         0x200037b4   Data          96  libspace.o(.bss)
    __temporary_stack_top$libspace           0x20003814   Data           0  libspace.o(.bss)



==============================================================================

Memory Map of the image

  Image Entry point : 0x000180c1

  Load Region LR_IROM1 (Base: 0x00018000, Size: 0x0000c6ec, Max: 0x00028000, ABSOLUTE, COMPRESSED[0x0000c38c])

    Execution Region ER_IROM1 (Base: 0x00018000, Size: 0x0000c32c, Max: 0x00028000, ABSOLUTE)

    Base Addr    Size         Type   Attr      Idx    E Section Name        Object

    0x00018000   0x000000c0   Data   RO         5841    RESET               arm_startup_nrf51.o
    0x000180c0   0x00000008   Code   RO         6009  * !!!main             c_p.l(__main.o)
    0x000180c8   0x0000003c   Code   RO         6308    !!!scatter          c_p.l(__scatter.o)
    0x00018104   0x0000001c   Code   RO         6310    !!handler_zi        c_p.l(__scatter_zi.o)
    0x00018120   0x00000002   Code   RO         5988    .ARM.Collect$$_printf_percent$$00000000  c_p.l(_printf_percent.o)
    0x00018122   0x0000000a   Code   RO         5986    .ARM.Collect$$_printf_percent$$0000000C  c_p.l(_printf_x.o)
    0x0001812c   0x00000004   Code   RO         6070    .ARM.Collect$$_printf_percent$$00000017  c_p.l(_printf_percent_end.o)
    0x00018130   0x00000002   Code   RO         6164    .ARM.Collect$$libinit$$00000000  c_p.l(libinit.o)
    0x00018132   0x00000000   Code   RO         6189    .ARM.Collect$$libinit$$00000002  c_p.l(libinit2.o)
    0x00018132   0x00000000   Code   RO         6191    .ARM.Collect$$libinit$$00000004  c_p.l(libinit2.o)
    0x00018132   0x00000000   Code   RO         6194    .ARM.Collect$$libinit$$0000000A  c_p.l(libinit2.o)
    0x00018132   0x00000000   Code   RO         6196    .ARM.Collect$$libinit$$0000000C  c_p.l(libinit2.o)
    0x00018132   0x00000000   Code   RO         6198    .ARM.Collect$$libinit$$0000000E  c_p.l(libinit2.o)
    0x00018132   0x00000000   Code   RO         6201    .ARM.Collect$$libinit$$00000011  c_p.l(libinit2.o)
    0x00018132   0x00000000   Code   RO         6203    .ARM.Collect$$libinit$$00000013  c_p.l(libinit2.o)
    0x00018132   0x00000000   Code   RO         6205    .ARM.Collect$$libinit$$00000015  c_p.l(libinit2.o)
    0x00018132   0x00000000   Code   RO         6207    .ARM.Collect$$libinit$$00000017  c_p.l(libinit2.o)
    0x00018132   0x00000000   Code   RO         6209    .ARM.Collect$$libinit$$00000019  c_p.l(libinit2.o)
    0x00018132   0x00000000   Code   RO         6211    .ARM.Collect$$libinit$$0000001B  c_p.l(libinit2.o)
    0x00018132   0x00000000   Code   RO         6213    .ARM.Collect$$libinit$$0000001D  c_p.l(libinit2.o)
    0x00018132   0x00000000   Code   RO         6215    .ARM.Collect$$libinit$$0000001F  c_p.l(libinit2.o)
    0x00018132   0x00000000   Code   RO         6217    .ARM.Collect$$libinit$$00000021  c_p.l(libinit2.o)
    0x00018132   0x00000000   Code   RO         6219    .ARM.Collect$$libinit$$00000023  c_p.l(libinit2.o)
    0x00018132   0x00000000   Code   RO         6221    .ARM.Collect$$libinit$$00000025  c_p.l(libinit2.o)
    0x00018132   0x00000000   Code   RO         6225    .ARM.Collect$$libinit$$0000002C  c_p.l(libinit2.o)
    0x00018132   0x00000000   Code   RO         6227    .ARM.Collect$$libinit$$0000002E  c_p.l(libinit2.o)
    0x00018132   0x00000000   Code   RO         6229    .ARM.Collect$$libinit$$00000030  c_p.l(libinit2.o)
    0x00018132   0x00000000   Code   RO         6231    .ARM.Collect$$libinit$$00000032  c_p.l(libinit2.o)
    0x00018132   0x00000002   Code   RO         6232    .ARM.Collect$$libinit$$00000033  c_p.l(libinit2.o)
    0x00018134   0x00000002   Code   RO         6263    .ARM.Collect$$libshutdown$$00000000  c_p.l(libshutdown.o)
    0x00018136   0x00000000   Code   RO         6289    .ARM.Collect$$libshutdown$$00000002  c_p.l(libshutdown2.o)
    0x00018136   0x00000000   Code   RO         6291    .ARM.Collect$$libshutdown$$00000004  c_p.l(libshutdown2.o)
    0x00018136   0x00000000   Code   RO         6294    .ARM.Collect$$libshutdown$$00000007  c_p.l(libshutdown2.o)
    0x00018136   0x00000000   Code   RO         6297    .ARM.Collect$$libshutdown$$0000000A  c_p.l(libshutdown2.o)
    0x00018136   0x00000000   Code   RO         6299    .ARM.Collect$$libshutdown$$0000000C  c_p.l(libshutdown2.o)
    0x00018136   0x00000000   Code   RO         6302    .ARM.Collect$$libshutdown$$0000000F  c_p.l(libshutdown2.o)
    0x00018136   0x00000002   Code   RO         6303    .ARM.Collect$$libshutdown$$00000010  c_p.l(libshutdown2.o)
    0x00018138   0x00000000   Code   RO         6026    .ARM.Collect$$rtentry$$00000000  c_p.l(__rtentry.o)
    0x00018138   0x00000000   Code   RO         6094    .ARM.Collect$$rtentry$$00000002  c_p.l(__rtentry2.o)
    0x00018138   0x00000006   Code   RO         6106    .ARM.Collect$$rtentry$$00000004  c_p.l(__rtentry4.o)
    0x0001813e   0x00000000   Code   RO         6096    .ARM.Collect$$rtentry$$00000009  c_p.l(__rtentry2.o)
    0x0001813e   0x00000004   Code   RO         6097    .ARM.Collect$$rtentry$$0000000A  c_p.l(__rtentry2.o)
    0x00018142   0x00000000   Code   RO         6099    .ARM.Collect$$rtentry$$0000000C  c_p.l(__rtentry2.o)
    0x00018142   0x00000008   Code   RO         6100    .ARM.Collect$$rtentry$$0000000D  c_p.l(__rtentry2.o)
    0x0001814a   0x00000002   Code   RO         6175    .ARM.Collect$$rtexit$$00000000  c_p.l(rtexit.o)
    0x0001814c   0x00000000   Code   RO         6236    .ARM.Collect$$rtexit$$00000002  c_p.l(rtexit2.o)
    0x0001814c   0x00000004   Code   RO         6237    .ARM.Collect$$rtexit$$00000003  c_p.l(rtexit2.o)
    0x00018150   0x00000006   Code   RO         6238    .ARM.Collect$$rtexit$$00000004  c_p.l(rtexit2.o)
    0x00018156   0x00000002   PAD
    0x00018158   0x0000001e   Code   RO         4545    .emb_text           nrf_delay.o
    0x00018176   0x00000002   PAD
    0x00018178   0x0000001e   Code   RO         5417    .emb_text           app_timer.o
    0x00018196   0x00000002   PAD
    0x00018198   0x00000038   Code   RO         5995    .emb_text           c_p.l(rt_memcpy.o)
    0x000181d0   0x00000050   Code   RO         5842    .text               arm_startup_nrf51.o
    0x00018220   0x000004b8   Code   RO         5893    .text               AlgorithmLibFornrf51.lib(click-algorithm.o)
    0x000186d8   0x000000f4   Code   RO         5902    .text               AlgorithmLibFornrf51.lib(health-algorithm-inner.o)
    0x000187cc   0x00000224   Code   RO         5905    .text               AlgorithmLibFornrf51.lib(distance-calculate.o)
    0x000189f0   0x000005f8   Code   RO         5912    .text               AlgorithmLibFornrf51.lib(sleep-detect-algorithm.o)
    0x00018fe8   0x00000728   Code   RO         5916    .text               AlgorithmLibFornrf51.lib(distance-step.o)
    0x00019710   0x00000420   Code   RO         5920    .text               AlgorithmLibFornrf51.lib(distance-steplength.o)
    0x00019b30   0x00000030   Code   RO         5924    .text               c_p.l(llmul.o)
    0x00019b60   0x00000070   Code   RO         5926    .text               c_p.l(llsdiv.o)
    0x00019bd0   0x0000002c   Code   RO         5930    .text               c_p.l(__2sprintf.o)
    0x00019bfc   0x00000098   Code   RO         5962    .text               c_p.l(_printf_hex_int_ll_ptr.o)
    0x00019c94   0x00000188   Code   RO         5982    .text               c_p.l(__printf_flags_ss_wp.o)
    0x00019e1c   0x00000082   Code   RO         5996    .text               c_p.l(rt_memcpy.o)
    0x00019e9e   0x00000040   Code   RO         5999    .text               c_p.l(rt_memclr.o)
    0x00019ede   0x0000015a   Code   RO         6003    .text               c_p.l(aeabi_sdiv.o)
    0x0001a038   0x00000006   Code   RO         6007    .text               c_p.l(heapauxi.o)
    0x0001a03e   0x00000002   PAD
    0x0001a040   0x00000160   Code   RO         6017    .text               fz_ps.l(fdiv.o)
    0x0001a1a0   0x00000030   Code   RO         6020    .text               fz_ps.l(ffixui.o)
    0x0001a1d0   0x0000005e   Code   RO         6022    .text               fz_ps.l(fflti.o)
    0x0001a22e   0x00000102   Code   RO         6031    .text               c_p.l(lludiv.o)
    0x0001a330   0x000000b0   Code   RO         6037    .text               c_p.l(_printf_intcommon.o)
    0x0001a3e0   0x00000030   Code   RO         6041    .text               c_p.l(_printf_char_common.o)
    0x0001a410   0x0000000a   Code   RO         6043    .text               c_p.l(_sputc.o)
    0x0001a41a   0x00000002   PAD
    0x0001a41c   0x00000064   Code   RO         6082    .text               fz_ps.l(fcmpin.o)
    0x0001a480   0x0000002e   Code   RO         6127    .text               fz_ps.l(cmpret.o)
    0x0001a4ae   0x00000002   PAD
    0x0001a4b0   0x00000010   Code   RO         6129    .text               fz_ps.l(fnan2.o)
    0x0001a4c0   0x0000003e   Code   RO         6131    .text               c_p.l(sys_stackheap_outer.o)
    0x0001a4fe   0x00000010   Code   RO         6153    .text               c_p.l(exit.o)
    0x0001a50e   0x0000005e   Code   RO         6167    .text               fz_ps.l(retnan.o)
    0x0001a56c   0x00000008   Code   RO         6171    .text               c_p.l(libspace.o)
    0x0001a574   0x0000000c   Code   RO         6233    .text               c_p.l(sys_exit.o)
    0x0001a580   0x00000002   Code   RO         6252    .text               c_p.l(use_no_semi.o)
    0x0001a582   0x00000000   Code   RO         6254    .text               c_p.l(indicate_semi.o)
    0x0001a582   0x00000056   Code   RO         6306    .text               c_p.l(__dczerorl2.o)
    0x0001a5d8   0x00000110   Code   RO          518    i.ADC_IRQHandler    idea_battery.o
    0x0001a6e8   0x00000150   Code   RO         3326    i.ConvertToUTCTime  idea_wall_clock_timer.o
    0x0001a838   0x000002a0   Code   RO         3782    i.Display_show_calories_mode  idea_display.o
    0x0001aad8   0x00000054   Code   RO         3783    i.Display_show_charging_mode  idea_display.o
    0x0001ab2c   0x000002b4   Code   RO         3784    i.Display_show_distance_mode  idea_display.o
    0x0001ade0   0x000001b4   Code   RO         3785    i.Display_show_hr_mode  idea_display.o
    0x0001af94   0x0000002c   Code   RO         3786    i.Display_show_low_power_mode  idea_display.o
    0x0001afc0   0x00000320   Code   RO         3787    i.Display_show_step_mode  idea_display.o
    0x0001b2e0   0x0000044c   Code   RO         3788    i.Display_show_time_mode  idea_display.o
    0x0001b72c   0x0000000c   Code   RO         3677    i.Event_input_cb_reg  idea_event.o
    0x0001b738   0x00000188   Code   RO         4601    i.GPIOTE_IRQHandler  nrf_drv_gpiote.o
    0x0001b8c0   0x0000001c   Code   RO         2199    i.IIC_Start         idea_oled.o
    0x0001b8dc   0x00000016   Code   RO         2200    i.IIC_Stop          idea_oled.o
    0x0001b8f2   0x00000010   Code   RO         2201    i.IIC_Wait_Ack      idea_oled.o
    0x0001b902   0x00000002   PAD
    0x0001b904   0x000000e0   Code   RO          913    i.L1_send           idea_communicate_protocol.o
    0x0001b9e4   0x00000208   Code   RO         1806    i.LIS3DH_FIFOModeEnable  idea_lis3dh_driver.o
    0x0001bbec   0x00000068   Code   RO         1808    i.LIS3DH_GetAccAxesRaw  idea_lis3dh_driver.o
    0x0001bc54   0x00000058   Code   RO         1497    i.LIS3DH_GetFifoData  idea_hal_acc.o
    0x0001bcac   0x0000007e   Code   RO         1811    i.LIS3DH_GetFifoSourceBit  idea_lis3dh_driver.o
    0x0001bd2a   0x00000026   Code   RO         1812    i.LIS3DH_GetFifoSourceFSS  idea_lis3dh_driver.o
    0x0001bd50   0x00000170   Code   RO         1498    i.LIS3DH_Init       idea_hal_acc.o
    0x0001bec0   0x00000044   Code   RO         1827    i.LIS3DH_ReadReg    idea_lis3dh_driver.o
    0x0001bf04   0x0000003c   Code   RO         1830    i.LIS3DH_SetAxis    idea_lis3dh_driver.o
    0x0001bf40   0x0000003c   Code   RO         1831    i.LIS3DH_SetBDU     idea_lis3dh_driver.o
    0x0001bf7c   0x00000036   Code   RO         1833    i.LIS3DH_SetClickCFG  idea_lis3dh_driver.o
    0x0001bfb2   0x0000003c   Code   RO         1839    i.LIS3DH_SetFullScale  idea_lis3dh_driver.o
    0x0001bfee   0x00000036   Code   RO         1847    i.LIS3DH_SetIntConfiguration  idea_lis3dh_driver.o
    0x0001c024   0x000000d4   Code   RO         1849    i.LIS3DH_SetMode    idea_lis3dh_driver.o
    0x0001c0f8   0x0000003c   Code   RO         1850    i.LIS3DH_SetODR     idea_lis3dh_driver.o
    0x0001c134   0x00000050   Code   RO         1856    i.LIS3DH_WriteReg   idea_lis3dh_driver.o
    0x0001c184   0x00000014   Code   RO         5418    i.NVIC_ClearPendingIRQ  app_timer.o
    0x0001c198   0x00000014   Code   RO         5419    i.NVIC_EnableIRQ    app_timer.o
    0x0001c1ac   0x00000014   Code   RO         5420    i.NVIC_SetPendingIRQ  app_timer.o
    0x0001c1c0   0x00000078   Code   RO          519    i.NVIC_SetPriority  idea_battery.o
    0x0001c238   0x00000078   Code   RO         5421    i.NVIC_SetPriority  app_timer.o
    0x0001c2b0   0x0000003e   Code   RO         2202    i.OLED_Clear        idea_oled.o
    0x0001c2ee   0x0000001c   Code   RO         2205    i.OLED_Display_On   idea_oled.o
    0x0001c30a   0x00000074   Code   RO         2206    i.OLED_DrawBMP      idea_oled.o
    0x0001c37e   0x000000ee   Code   RO         2207    i.OLED_Init         idea_oled.o
    0x0001c46c   0x00000032   Code   RO         2209    i.OLED_Set_Pos      idea_oled.o
    0x0001c49e   0x00000002   PAD
    0x0001c4a0   0x0000009c   Code   RO         2211    i.OLED_ShowChar     idea_oled.o
    0x0001c53c   0x00000038   Code   RO         2213    i.OLED_ShowString   idea_oled.o
    0x0001c574   0x0000001a   Code   RO         2214    i.OLED_WR_Byte      idea_oled.o
    0x0001c58e   0x00000002   PAD
    0x0001c590   0x00000030   Code   RO            4    i.RTC0_IRQHandler   main.o
    0x0001c5c0   0x00000028   Code   RO         5422    i.RTC1_IRQHandler   app_timer.o
    0x0001c5e8   0x0000003a   Code   RO         3545    i.SPIFlash_Erase_Sector  idea_sw_flash.o
    0x0001c622   0x00000008   Code   RO         5423    i.SWI0_IRQHandler   app_timer.o
    0x0001c62a   0x00000002   PAD
    0x0001c62c   0x0000002c   Code   RO         4387    i.SWI1_IRQHandler   ble_radio_notification.o
    0x0001c658   0x00000038   Code   RO         5783    i.SWI2_IRQHandler   softdevice_handler.o
    0x0001c690   0x00000062   Code   RO         3547    i.SpiFlash_Read     idea_sw_flash.o
    0x0001c6f2   0x00000002   PAD
    0x0001c6f4   0x00000050   Code   RO         3548    i.SpiFlash_ReadOneByte  idea_sw_flash.o
    0x0001c744   0x00000044   Code   RO         3550    i.SpiFlash_Read_Data  idea_sw_flash.o
    0x0001c788   0x0000000c   Code   RO         3552    i.SpiFlash_Wait_Busy  idea_sw_flash.o
    0x0001c794   0x0000004c   Code   RO         3553    i.SpiFlash_WriteOneByte  idea_sw_flash.o
    0x0001c7e0   0x0000001a   Code   RO         3554    i.SpiFlash_Write_CMD  idea_sw_flash.o
    0x0001c7fa   0x00000066   Code   RO         3555    i.SpiFlash_Write_Data  idea_sw_flash.o
    0x0001c860   0x00000016   Code   RO         3556    i.SpiFlash_Write_Enable  idea_sw_flash.o
    0x0001c876   0x00000076   Code   RO         3558    i.SpiFlash_Write_Page  idea_sw_flash.o
    0x0001c8ec   0x0000002a   Code   RO         3560    i.Spi_Flash_Init    idea_sw_flash.o
    0x0001c916   0x00000002   PAD
    0x0001c918   0x00000064   Code   RO         5849    i.SystemInit        system_nrf51.o
    0x0001c97c   0x00000014   Code   RO         3711    i.Ui_menu_init      idea_ui_menu.o
    0x0001c990   0x00000042   Code   RO         2215    i.Write_IIC_Byte    idea_oled.o
    0x0001c9d2   0x0000002c   Code   RO         2216    i.Write_IIC_Command  idea_oled.o
    0x0001c9fe   0x0000002c   Code   RO         2217    i.Write_IIC_Data    idea_oled.o
    0x0001ca2a   0x00000030   Code   RO         5900    i.__ARM_common_ll_mulss  AlgorithmLibFornrf51.lib(click-algorithm.o)
    0x0001ca5a   0x0000001c   Code   RO         1481    i.__ARM_common_switch8  idea_factory_test.o
    0x0001ca76   0x0000000e   Code   RO         5975    i._is_digit         c_p.l(__printf_wp.o)
    0x0001ca84   0x00000148   Code   RO         1661    i._led_action_control_with_interval  idea_led_flash.o
    0x0001cbcc   0x00000136   Code   RO         4014    i.adv_data_encode   ble_advdata.o
    0x0001cd02   0x00000014   Code   RO         4015    i.advdata_check     ble_advdata.o
    0x0001cd16   0x00000002   PAD
    0x0001cd18   0x00000038   Code   RO         1324    i.all_led_flash     idea_factory_test.o
    0x0001cd50   0x00000020   Code   RO         1662    i.all_led_flash_control  idea_led_flash.o
    0x0001cd70   0x00000078   Code   RO         5303    i.app_button_enable  app_button.o
    0x0001cde8   0x00000038   Code   RO         5359    i.app_error_handler  app_error.o
    0x0001ce20   0x00000038   Code   RO         5424    i.app_query_timer   app_timer.o
    0x0001ce58   0x00000074   Code   RO         5662    i.app_sched_event_get  app_scheduler.o
    0x0001cecc   0x00000114   Code   RO         5663    i.app_sched_event_put  app_scheduler.o
    0x0001cfe0   0x0000001e   Code   RO         5664    i.app_sched_execute  app_scheduler.o
    0x0001cffe   0x00000002   PAD
    0x0001d000   0x0000005c   Code   RO         5665    i.app_sched_init    app_scheduler.o
    0x0001d05c   0x00000074   Code   RO         5427    i.app_timer_create  app_timer.o
    0x0001d0d0   0x000000f0   Code   RO         5428    i.app_timer_init    app_timer.o
    0x0001d1c0   0x0000006c   Code   RO         5429    i.app_timer_start   app_timer.o
    0x0001d22c   0x00000044   Code   RO         5430    i.app_timer_stop    app_timer.o
    0x0001d270   0x0000004a   Code   RO         4016    i.appearance_encode  ble_advdata.o
    0x0001d2ba   0x00000002   PAD
    0x0001d2bc   0x00000018   Code   RO            6    i.assert_nrf_callback  main.o
    0x0001d2d4   0x000002f4   Code   RO          915    i.async_send        idea_communicate_protocol.o
    0x0001d5c8   0x0000001c   Code   RO          520    i.battery_adc_dev_init  idea_battery.o
    0x0001d5e4   0x00000028   Code   RO          522    i.battery_adc_interrupt_init  idea_battery.o
    0x0001d60c   0x0000006c   Code   RO          523    i.battery_adc_read_once  idea_battery.o
    0x0001d678   0x0000000a   Code   RO          525    i.battery_level_meas_timeout_handler  idea_battery.o
    0x0001d682   0x00000002   PAD
    0x0001d684   0x00000050   Code   RO          526    i.battery_measure_init  idea_battery.o
    0x0001d6d4   0x00000020   Code   RO          529    i.battery_start     idea_battery.o
    0x0001d6f4   0x00000030   Code   RO         1121    i.bd_crc16          idea_crc16.o
    0x0001d724   0x0000007a   Code   RO         4017    i.ble_advdata_set   ble_advdata.o
    0x0001d79e   0x00000002   PAD
    0x0001d7a0   0x00000010   Code   RO         4103    i.ble_advertising_peer_address_clear  ble_advertising.o
    0x0001d7b0   0x000002bc   Code   RO         4105    i.ble_advertising_start  ble_advertising.o
    0x0001da6c   0x00000024   Code   RO         5167    i.ble_flash_block_write  ble_flash.o
    0x0001da90   0x00000044   Code   RO         5168    i.ble_flash_crc16_compute  ble_flash.o
    0x0001dad4   0x00000012   Code   RO         5171    i.ble_flash_page_addr  ble_flash.o
    0x0001dae6   0x00000002   PAD
    0x0001dae8   0x00000074   Code   RO         5172    i.ble_flash_page_delay_erase  ble_flash.o
    0x0001db5c   0x0000001a   Code   RO         5174    i.ble_flash_page_erase  ble_flash.o
    0x0001db76   0x00000002   PAD
    0x0001db78   0x00000074   Code   RO         5175    i.ble_flash_page_read  ble_flash.o
    0x0001dbec   0x00000070   Code   RO          645    i.ble_nus_send_string  idea_ble_nus.o
    0x0001dc5c   0x0000003c   Code   RO         2387    i.bond_press_handle  idea_private_bond.o
    0x0001dc98   0x00000038   Code   RO         2390    i.bond_success_event_dispatch  idea_private_bond.o
    0x0001dcd0   0x00000022   Code   RO          918    i.bond_success_event_observer  idea_communicate_protocol.o
    0x0001dcf2   0x0000005c   Code   RO         1325    i.bootup_check      idea_factory_test.o
    0x0001dd4e   0x00000002   PAD
    0x0001dd50   0x000000b8   Code   RO          530    i.cal_percentage    idea_battery.o
    0x0001de08   0x00000010   Code   RO         4603    i.channel_handler_get  nrf_drv_gpiote.o
    0x0001de18   0x0000000c   Code   RO         4605    i.channel_port_get  nrf_drv_gpiote.o
    0x0001de24   0x00000018   Code   RO          821    i.charger_init      idea_charging.o
    0x0001de3c   0x00000042   Code   RO          822    i.charger_status    idea_charging.o
    0x0001de7e   0x00000002   PAD
    0x0001de80   0x0000000c   Code   RO         2391    i.check_has_bonded  idea_private_bond.o
    0x0001de8c   0x00000104   Code   RO         3012    i.check_need_erase_sleep_page_for_when_boot  idea_sync_data.o
    0x0001df90   0x00000104   Code   RO         3013    i.check_need_erase_sport_page_for_when_boot  idea_sync_data.o
    0x0001e094   0x00000074   Code   RO         3014    i.check_sleep_data_in_flash  idea_sync_data.o
    0x0001e108   0x00000074   Code   RO         3015    i.check_sports_data_in_flash  idea_sync_data.o
    0x0001e17c   0x00000010   Code   RO         3016    i.clear_prev_user_data  idea_sync_data.o
    0x0001e18c   0x00000038   Code   RO         2668    i.click_algorithm_cb_implement  idea_step_counter.o
    0x0001e1c4   0x00000090   Code   RO         5432    i.compare_reg_update  app_timer.o
    0x0001e254   0x0000005c   Code   RO         4018    i.conn_int_check    ble_advdata.o
    0x0001e2b0   0x0000005c   Code   RO         4019    i.conn_int_encode   ble_advdata.o
    0x0001e30c   0x00000064   Code   RO          919    i.construct_response_package  idea_communicate_protocol.o
    0x0001e370   0x000000f8   Code   RO         3328    i.convert_time_to_Second  idea_wall_clock_timer.o
    0x0001e468   0x0000005c   Code   RO         5433    i.current_int_priority_get  app_timer.o
    0x0001e4c4   0x0000005c   Code   RO         5666    i.current_int_priority_get  app_scheduler.o
    0x0001e520   0x00000064   Code   RO         5434    i.elapsed_ticks_acquire  app_timer.o
    0x0001e584   0x0000006c   Code   RO         5435    i.expired_timers_handler  app_timer.o
    0x0001e5f0   0x00000038   Code   RO         5180    i.flash_page_erase  ble_flash.o
    0x0001e628   0x0000004c   Code   RO         5182    i.flash_word_write  ble_flash.o
    0x0001e674   0x0000000c   Code   RO          531    i.get_battery_power_percentage  idea_battery.o
    0x0001e680   0x00000014   Code   RO          825    i.get_battery_voltage_adjustment  idea_charging.o
    0x0001e694   0x00000018   Code   RO         2669    i.get_calory        idea_step_counter.o
    0x0001e6ac   0x0000000c   Code   RO         2879    i.get_curr_sleep_flag  idea_switch_sleep.o
    0x0001e6b8   0x0000000c   Code   RO         1143    i.get_daily_target  idea_data_manager.o
    0x0001e6c4   0x00000014   Code   RO         3020    i.get_flash_page_number  idea_sync_data.o
    0x0001e6d8   0x0000000c   Code   RO         4389    i.get_global_bluetooth_status  ble_radio_notification.o
    0x0001e6e4   0x0000000c   Code   RO         1147    i.get_global_step_counts_today  idea_data_manager.o
    0x0001e6f0   0x00000008   Code   RO         2880    i.get_last_sleep_setting_event  idea_switch_sleep.o
    0x0001e6f8   0x00000008   Code   RO         2881    i.get_last_sleep_setting_event_head  idea_switch_sleep.o
    0x0001e700   0x00000074   Code   RO         3021    i.get_next_sleep_read_group_address  idea_sync_data.o
    0x0001e774   0x000001bc   Code   RO         3022    i.get_next_sleep_write_group_address  idea_sync_data.o
    0x0001e930   0x00000074   Code   RO         3023    i.get_next_sport_read_group_address  idea_sync_data.o
    0x0001e9a4   0x0000000c   Code   RO         2671    i.get_quarter_calories  idea_step_counter.o
    0x0001e9b0   0x0000000c   Code   RO         2672    i.get_quarter_distance  idea_step_counter.o
    0x0001e9bc   0x00000008   Code   RO         1148    i.get_user_profile  idea_data_manager.o
    0x0001e9c4   0x0000002c   Code   RO         3330    i.get_wall_clock_time  idea_wall_clock_timer.o
    0x0001e9f0   0x0000000c   Code   RO         3331    i.get_wall_clock_time_counter  idea_wall_clock_timer.o
    0x0001e9fc   0x00000024   Code   RO           18    i.gpio_init         main.o
    0x0001ea20   0x00000018   Code   RO         1500    i.hal_acc_GetFifoData  idea_hal_acc.o
    0x0001ea38   0x00000016   Code   RO         1504    i.hal_acc_enable    idea_hal_acc.o
    0x0001ea4e   0x00000008   Code   RO         1505    i.hal_acc_init      idea_hal_acc.o
    0x0001ea56   0x00000002   PAD
    0x0001ea58   0x000001ac   Code   RO         2674    i.handle_distance_event  idea_step_counter.o
    0x0001ec04   0x00000074   Code   RO         2675    i.handle_sleep_event  idea_step_counter.o
    0x0001ec78   0x00000014   Code   RO         3025    i.have_history_sport_data_in_ram_to_send  idea_sync_data.o
    0x0001ec8c   0x00000014   Code   RO         3026    i.have_sleep_data_in_ram_to_send  idea_sync_data.o
    0x0001eca0   0x00000018   Code   RO         3027    i.have_sleep_group_to_send  idea_sync_data.o
    0x0001ecb8   0x00000030   Code   RO         3028    i.have_sport_data_in_ram_to_send  idea_sync_data.o
    0x0001ece8   0x00000018   Code   RO         3029    i.have_sport_group_to_send  idea_sync_data.o
    0x0001ed00   0x00000020   Code   RO         2676    i.health_algorithm_cb_implement  idea_step_counter.o
    0x0001ed20   0x0000002c   Code   RO           21    i.init1             main.o
    0x0001ed4c   0x000005c8   Code   RO           22    i.init2             main.o
    0x0001f314   0x0000009a   Code   RO         1574    i.input_event_handle_schedule  idea_input_event_source.o
    0x0001f3ae   0x00000002   PAD
    0x0001f3b0   0x000000bc   Code   RO         5784    i.intern_softdevice_events_execute  softdevice_handler.o
    0x0001f46c   0x00000038   Code   RO         5850    i.is_disabled_in_debug_needed  system_nrf51.o
    0x0001f4a4   0x00000024   Code   RO         1331    i.is_factory_test_done  idea_factory_test.o
    0x0001f4c8   0x0000006c   Code   RO         5851    i.is_manual_peripheral_setup_needed  system_nrf51.o
    0x0001f534   0x00000054   Code   RO         5852    i.is_peripheral_domain_setup_needed  system_nrf51.o
    0x0001f588   0x0000001c   Code   RO         1663    i.led_action_control  idea_led_flash.o
    0x0001f5a4   0x0000003c   Code   RO         1664    i.led_action_control_with_interval  idea_led_flash.o
    0x0001f5e0   0x00000044   Code   RO         1665    i.led_action_stop   idea_led_flash.o
    0x0001f624   0x00000188   Code   RO         1667    i.led_schedule_timer_handle  idea_led_flash.o
    0x0001f7ac   0x00000040   Code   RO           23    i.leds_init         main.o
    0x0001f7ec   0x00000024   Code   RO           24    i.lfclk_config      main.o
    0x0001f810   0x000000c0   Code   RO         5436    i.list_deletions_handler  app_timer.o
    0x0001f8d0   0x00000130   Code   RO         5437    i.list_insertions_handler  app_timer.o
    0x0001fa00   0x0000004c   Code   RO         1150    i.load_alarm        idea_data_manager.o
    0x0001fa4c   0x0000003c   Code   RO         1151    i.load_daily_target  idea_data_manager.o
    0x0001fa88   0x00000088   Code   RO         1152    i.load_user_profile  idea_data_manager.o
    0x0001fb10   0x0000008e   Code   RO           25    i.main              main.o
    0x0001fb9e   0x0000006a   Code   RO         4020    i.manuf_specific_data_encode  ble_advdata.o
    0x0001fc08   0x00000164   Code   RO         2175    i.menu_display      idea_menu_display.o
    0x0001fd6c   0x00000024   Code   RO         3333    i.monthLength       idea_wall_clock_timer.o
    0x0001fd90   0x00000094   Code   RO         1742    i.motor_action_control_start  idea_level_drive_motor.o
    0x0001fe24   0x00000030   Code   RO         1743    i.motor_action_control_stop  idea_level_drive_motor.o
    0x0001fe54   0x0000001c   Code   RO         1745    i.motor_init        idea_level_drive_motor.o
    0x0001fe70   0x00000014   Code   RO         1747    i.motor_virbrate_start  idea_level_drive_motor.o
    0x0001fe84   0x0000000a   Code   RO         1748    i.motor_virbrate_stop  idea_level_drive_motor.o
    0x0001fe8e   0x00000096   Code   RO         4021    i.name_encode       ble_advdata.o
    0x0001ff24   0x00000040   Code   RO         3030    i.need_send_sync_process  idea_sync_data.o
    0x0001ff64   0x00000018   Code   RO         5667    i.next_index        app_scheduler.o
    0x0001ff7c   0x00000146   Code   RO         1622    i.notification_start  idea_interaction.o
    0x000200c2   0x00000002   PAD
    0x000200c4   0x0000000c   Code   RO         1668    i.notification_status  idea_led_flash.o
    0x000200d0   0x0000000c   Code   RO         1623    i.notification_stop  idea_interaction.o
    0x000200dc   0x0000001c   Code   RO         4546    i.nrf_delay_ms      nrf_delay.o
    0x000200f8   0x000000ec   Code   RO         4608    i.nrf_drv_gpiote_in_event_enable  nrf_drv_gpiote.o
    0x000201e4   0x00000014   Code   RO         2532    i.nrf_gpio_cfg_input  idea_spi_master.o
    0x000201f8   0x00000012   Code   RO           26    i.nrf_gpio_cfg_output  main.o
    0x0002020a   0x00000012   Code   RO         2533    i.nrf_gpio_cfg_output  idea_spi_master.o
    0x0002021c   0x00000012   Code   RO         3561    i.nrf_gpio_cfg_output  idea_sw_flash.o
    0x0002022e   0x00000018   Code   RO          826    i.nrf_gpio_cfg_sense_input  idea_charging.o
    0x00020246   0x00000046   Code   RO         4626    i.nrf_gpio_cfg_sense_set  nrf_drv_gpiote.o
    0x0002028c   0x00000010   Code   RO         1332    i.nrf_gpio_pin_clear  idea_factory_test.o
    0x0002029c   0x00000010   Code   RO         1669    i.nrf_gpio_pin_clear  idea_led_flash.o
    0x000202ac   0x00000010   Code   RO         1749    i.nrf_gpio_pin_clear  idea_level_drive_motor.o
    0x000202bc   0x00000010   Code   RO         2219    i.nrf_gpio_pin_clear  idea_oled.o
    0x000202cc   0x00000010   Code   RO         3562    i.nrf_gpio_pin_clear  idea_sw_flash.o
    0x000202dc   0x00000028   Code   RO         2220    i.nrf_gpio_pin_dir_set  idea_oled.o
    0x00020304   0x00000014   Code   RO          827    i.nrf_gpio_pin_read  idea_charging.o
    0x00020318   0x00000010   Code   RO           27    i.nrf_gpio_pin_set  main.o
    0x00020328   0x00000010   Code   RO         1333    i.nrf_gpio_pin_set  idea_factory_test.o
    0x00020338   0x00000010   Code   RO         1670    i.nrf_gpio_pin_set  idea_led_flash.o
    0x00020348   0x00000010   Code   RO         2221    i.nrf_gpio_pin_set  idea_oled.o
    0x00020358   0x00000010   Code   RO         2534    i.nrf_gpio_pin_set  idea_spi_master.o
    0x00020368   0x00000010   Code   RO         3563    i.nrf_gpio_pin_set  idea_sw_flash.o
    0x00020378   0x00000004   Code   RO         1334    i.nrf_gpio_word_byte_write  idea_factory_test.o
    0x0002037c   0x0000000c   Code   RO         4629    i.nrf_gpiote_event_addr_get  nrf_drv_gpiote.o
    0x00020388   0x00000010   Code   RO         4630    i.nrf_gpiote_event_clear  nrf_drv_gpiote.o
    0x00020398   0x00000016   Code   RO         4631    i.nrf_gpiote_event_is_set  nrf_drv_gpiote.o
    0x000203ae   0x00000002   PAD
    0x000203b0   0x0000000c   Code   RO         4632    i.nrf_gpiote_int_enable  nrf_drv_gpiote.o
    0x000203bc   0x0000001a   Code   RO         4107    i.peer_address_exists  ble_advertising.o
    0x000203d6   0x00000002   PAD
    0x000203d8   0x0000001c   Code   RO         4634    i.pin_in_use_by_gpiote  nrf_drv_gpiote.o
    0x000203f4   0x00000018   Code   RO         4635    i.pin_in_use_by_port  nrf_drv_gpiote.o
    0x0002040c   0x00000020   Code   RO         4636    i.pin_in_use_by_te  nrf_drv_gpiote.o
    0x0002042c   0x00000020   Code   RO           32    i.power_manage      main.o
    0x0002044c   0x0000000e   Code   RO           33    i.pre_init          main.o
    0x0002045a   0x00000002   PAD
    0x0002045c   0x00000030   Code   RO         4862    i.pstorage_access_status_get  pstorage.o
    0x0002048c   0x0000000c   Code   RO         1575    i.register_click_button_callback  idea_input_event_source.o
    0x00020498   0x0000000c   Code   RO          927    i.register_wait_response  idea_communicate_protocol.o
    0x000204a4   0x00000084   Code   RO           35    i.reset_check       main.o
    0x00020528   0x00000048   Code   RO         3031    i.reset_cur_sports_data  idea_sync_data.o
    0x00020570   0x00000054   Code   RO         2679    i.reset_health_algorithm_data  idea_step_counter.o
    0x000205c4   0x0000005c   Code   RO         3032    i.reset_sleep_data  idea_sync_data.o
    0x00020620   0x00000008   Code   RO         3033    i.reset_sleep_head  idea_sync_data.o
    0x00020628   0x00000054   Code   RO         2883    i.reset_sleep_setting  idea_switch_sleep.o
    0x0002067c   0x00000018   Code   RO         2884    i.reset_sleep_setting_head  idea_switch_sleep.o
    0x00020694   0x0000005c   Code   RO         3034    i.reset_sport_data  idea_sync_data.o
    0x000206f0   0x00000060   Code   RO         3035    i.reset_sports_head  idea_sync_data.o
    0x00020750   0x00000024   Code   RO         1153    i.reset_user_data_for_new_bond  idea_data_manager.o
    0x00020774   0x0000004c   Code   RO         2680    i.restart_health_algorithm  idea_step_counter.o
    0x000207c0   0x00000100   Code   RO         2885    i.restore_SleepSettingsFromFlash  idea_switch_sleep.o
    0x000208c0   0x0000026c   Code   RO         4298    i.restore_backup_info_from_flash  ble_debug_assert_handler.o
    0x00020b2c   0x0000000c   Code   RO         5438    i.rtc1_counter_get  app_timer.o
    0x00020b38   0x00000018   Code   RO         5439    i.rtc1_init         app_timer.o
    0x00020b50   0x0000003c   Code   RO         5440    i.rtc1_start        app_timer.o
    0x00020b8c   0x00000058   Code   RO         5441    i.rtc1_stop         app_timer.o
    0x00020be4   0x0000006c   Code   RO         3037    i.save_sleep_group_data  idea_sync_data.o
    0x00020c50   0x00000054   Code   RO          934    i.schedule_async_send  idea_communicate_protocol.o
    0x00020ca4   0x00000030   Code   RO           36    i.scheduler_init    main.o
    0x00020cd4   0x000001ac   Code   RO         3039    i.send_all_data     idea_sync_data.o
    0x00020e80   0x000000ac   Code   RO         3040    i.send_all_data_callback  idea_sync_data.o
    0x00020f2c   0x0000003c   Code   RO         3042    i.send_sleep_data_in_ram  idea_sync_data.o
    0x00020f68   0x00000058   Code   RO         3043    i.send_sleep_flash_cb  idea_sync_data.o
    0x00020fc0   0x0000006c   Code   RO         3044    i.send_sleep_group_data  idea_sync_data.o
    0x0002102c   0x00000008   Code   RO         3045    i.send_sleep_ram_data_cb  idea_sync_data.o
    0x00021034   0x00000008   Code   RO         2888    i.send_sleep_setting_data  idea_switch_sleep.o
    0x0002103c   0x000000c0   Code   RO         2889    i.send_sleep_setting_data_cb  idea_switch_sleep.o
    0x000210fc   0x000000cc   Code   RO         2890    i.send_sleep_setting_data_in_ram  idea_switch_sleep.o
    0x000211c8   0x0000019c   Code   RO         3046    i.send_sport_data_from_ram  idea_sync_data.o
    0x00021364   0x0000000c   Code   RO         3047    i.send_sport_data_from_ram_cb  idea_sync_data.o
    0x00021370   0x00000044   Code   RO         3048    i.send_sport_data_sync_end  idea_sync_data.o
    0x000213b4   0x0000000c   Code   RO         3049    i.send_sport_data_sync_end_cb  idea_sync_data.o
    0x000213c0   0x00000044   Code   RO         3050    i.send_sport_data_sync_start  idea_sync_data.o
    0x00021404   0x0000000c   Code   RO         3051    i.send_sport_data_sync_start_cb  idea_sync_data.o
    0x00021410   0x00000058   Code   RO         3052    i.send_sport_flash_cb  idea_sync_data.o
    0x00021468   0x0000006c   Code   RO         3053    i.send_sport_group_data  idea_sync_data.o
    0x000214d4   0x00000084   Code   RO         1342    i.sensor_test       idea_factory_test.o
    0x00021558   0x00000044   Code   RO         2683    i.sensor_timers_start  idea_step_counter.o
    0x0002159c   0x0000008c   Code   RO         4022    i.service_data_encode  ble_advdata.o
    0x00021628   0x00000018   Code   RO          651    i.set_complete_callback  idea_ble_nus.o
    0x00021640   0x0000000c   Code   RO         2891    i.set_curr_sleep_flag  idea_switch_sleep.o
    0x0002164c   0x0000000c   Code   RO         2395    i.set_device_has_bonded  idea_private_bond.o
    0x00021658   0x0000000c   Code   RO         1164    i.set_global_dev_loss_controller_data  idea_data_manager.o
    0x00021664   0x0000000c   Code   RO         1166    i.set_global_step_counts_today  idea_data_manager.o
    0x00021670   0x00000064   Code   RO         3055    i.set_sleep_data_buffer_header  idea_sync_data.o
    0x000216d4   0x00000060   Code   RO         3056    i.set_sport_data_buffer_header  idea_sync_data.o
    0x00021734   0x00000028   Code   RO         3337    i.set_wall_clock_time_counter  idea_wall_clock_timer.o
    0x0002175c   0x00000028   Code   RO         1624    i.show_animation_status  idea_interaction.o
    0x00021784   0x000000a8   Code   RO          828    i.show_charging_percentage  idea_charging.o
    0x0002182c   0x0000000e   Code   RO         1625    i.show_is_in_sleep_mode  idea_interaction.o
    0x0002183a   0x0000008a   Code   RO         1626    i.show_step_task_complete_status  idea_interaction.o
    0x000218c4   0x00000050   Code   RO         1671    i.single_led_control  idea_led_flash.o
    0x00021914   0x00000128   Code   RO         3058    i.sleep_evt_handler  idea_sync_data.o
    0x00021a3c   0x0000000c   Code   RO         2892    i.sleep_setting_count  idea_switch_sleep.o
    0x00021a48   0x00000074   Code   RO         2535    i.spi_master_disable  idea_spi_master.o
    0x00021abc   0x00000060   Code   RO         2536    i.spi_master_enable  idea_spi_master.o
    0x00021b1c   0x000000d4   Code   RO         2537    i.spi_master_init   idea_spi_master.o
    0x00021bf0   0x00000090   Code   RO         2538    i.spi_master_tx_rx  idea_spi_master.o
    0x00021c80   0x00000068   Code   RO         2691    i.sports_mode       idea_step_counter.o
    0x00021ce8   0x00000010   Code   RO         4023    i.srdata_check      ble_advdata.o
    0x00021cf8   0x00000014   Code   RO         2692    i.start_click_algorithm  idea_step_counter.o
    0x00021d0c   0x000000ec   Code   RO         2693    i.start_health_algorithm  idea_step_counter.o
    0x00021df8   0x00000048   Code   RO         3059    i.start_send_data_timer  idea_sync_data.o
    0x00021e40   0x00000014   Code   RO         2694    i.stop_health_algorithm  idea_step_counter.o
    0x00021e54   0x00000130   Code   RO         2893    i.switch_sleep_state  idea_switch_sleep.o
    0x00021f84   0x0000000a   Code   RO         5442    i.ticks_diff_get    app_timer.o
    0x00021f8e   0x00000002   PAD
    0x00021f90   0x00000040   Code   RO         5443    i.timeout_handler_exec  app_timer.o
    0x00021fd0   0x00000058   Code   RO         5444    i.timer_list_handler  app_timer.o
    0x00022028   0x0000000a   Code   RO         5445    i.timer_list_handler_sched  app_timer.o
    0x00022032   0x00000002   PAD
    0x00022034   0x000000dc   Code   RO         5446    i.timer_list_insert  app_timer.o
    0x00022110   0x000000cc   Code   RO         5447    i.timer_list_remove  app_timer.o
    0x000221dc   0x00000054   Code   RO         5448    i.timer_start_op_schedule  app_timer.o
    0x00022230   0x00000040   Code   RO         5450    i.timer_stop_op_schedule  app_timer.o
    0x00022270   0x0000009c   Code   RO         5451    i.timer_timeouts_check  app_timer.o
    0x0002230c   0x0000000a   Code   RO         5452    i.timer_timeouts_check_sched  app_timer.o
    0x00022316   0x00000002   PAD
    0x00022318   0x00000034   Code   RO           41    i.timers_init       main.o
    0x0002234c   0x0000003c   Code   RO         2894    i.two_Double_tap_handle  idea_switch_sleep.o
    0x00022388   0x00000030   Code   RO         4024    i.tx_power_level_encode  ble_advdata.o
    0x000223b8   0x00000080   Code   RO         3712    i.ui_menu_display_mode  idea_ui_menu.o
    0x00022438   0x00000028   Code   RO         3713    i.ui_menu_display_on  idea_ui_menu.o
    0x00022460   0x0000002c   Code   RO         3714    i.ui_menu_event_input_fun  idea_ui_menu.o
    0x0002248c   0x000000d8   Code   RO         3715    i.ui_menu_event_input_fun_schedule  idea_ui_menu.o
    0x00022564   0x0000007c   Code   RO         3716    i.ui_menu_mode_init  idea_ui_menu.o
    0x000225e0   0x00000064   Code   RO         3717    i.ui_menu_switch_mode  idea_ui_menu.o
    0x00022644   0x00000012   Code   RO         4025    i.uint16_encode     ble_advdata.o
    0x00022656   0x00000002   PAD
    0x00022658   0x0000002c   Code   RO         2696    i.update_algorithm_timestamp  idea_step_counter.o
    0x00022684   0x00000034   Code   RO          829    i.update_charging_status  idea_charging.o
    0x000226b8   0x00000008   Code   RO         3060    i.update_cur_sports_data  idea_sync_data.o
    0x000226c0   0x00000028   Code   RO         2895    i.update_last_time_sleep_mode  idea_switch_sleep.o
    0x000226e8   0x00000060   Code   RO         3061    i.update_sleep_head  idea_sync_data.o
    0x00022748   0x00000068   Code   RO         2896    i.update_sleep_setting_head  idea_switch_sleep.o
    0x000227b0   0x00000060   Code   RO         3062    i.update_sports_head  idea_sync_data.o
    0x00022810   0x00000022   Code   RO         5453    i.user_id_get       app_timer.o
    0x00022832   0x0000002c   Code   RO         5454    i.user_op_alloc     app_timer.o
    0x0002285e   0x00000004   Code   RO         5455    i.user_op_enque     app_timer.o
    0x00022862   0x00000040   Code   RO         4026    i.uuid_list_encode  ble_advdata.o
    0x000228a2   0x000000c4   Code   RO         4027    i.uuid_list_sized_encode  ble_advdata.o
    0x00022966   0x00000002   PAD
    0x00022968   0x0000003c   Code   RO           43    i.wakeup_rtc_config  main.o
    0x000229a4   0x00000020   Code   RO         3432    i.wdt_feed          idea_wdt.o
    0x000229c4   0x0000000c   Code   RO         3434    i.wdt_start         idea_wdt.o
    0x000229d0   0x00000016   Code   RO         4108    i.whitelist_has_entries  ble_advertising.o
    0x000229e6   0x00000002   PAD
    0x000229e8   0x0000008c   Code   RO         6011    x$fpl$fadd          fz_ps.l(faddsub.o)
    0x00022a74   0x00000058   Code   RO         6024    x$fpl$frleqf        fz_ps.l(frlef.o)
    0x00022acc   0x000000d0   Code   RO         6013    x$fpl$fsub          fz_ps.l(faddsub.o)
    0x00022b9c   0x00000000   Code   RO         6092    x$fpl$usenofp       fz_ps.l(usenofp.o)
    0x00022b9c   0x00000028   Data   RO          535    .constdata          idea_battery.o
    0x00022bc4   0x00000200   Data   RO         1122    .constdata          idea_crc16.o
    0x00022dc4   0x00000074   Data   RO         1672    .constdata          idea_led_flash.o
    0x00022e38   0x00000030   Data   RO         1750    .constdata          idea_level_drive_motor.o
    0x00022e68   0x00000a67   Data   RO         2224    .constdata          idea_oled.o
    0x000238cf   0x00000800   Data   RO         2477    .constdata          idea_spi_flash.o
    0x000240cf   0x00000001   PAD
    0x000240d0   0x000000f0   Data   RO         5897    .constdata          AlgorithmLibFornrf51.lib(click-algorithm.o)
    0x000241c0   0x00000028   Data   RO         5963    .constdata          c_p.l(_printf_hex_int_ll_ptr.o)
    0x000241e8   0x00000011   Data   RO         5983    .constdata          c_p.l(__printf_flags_ss_wp.o)
    0x000241f9   0x00000040   Data   RO         6018    .constdata          fz_ps.l(fdiv.o)
    0x00024239   0x00000003   PAD
    0x0002423c   0x00000048   Data   RO          942    .conststring        idea_communicate_protocol.o
    0x00024284   0x00000041   Data   RO         1858    .conststring        idea_lis3dh_driver.o
    0x000242c5   0x00000003   PAD
    0x000242c8   0x00000041   Data   RO         4639    .conststring        nrf_drv_gpiote.o
    0x00024309   0x00000003   PAD
    0x0002430c   0x00000020   Data   RO         6304    Region$$Table       anon$$obj.o


    Execution Region RW_IRAM1 (Base: 0x20002000, Size: 0x00001c18, Max: 0x00006000, ABSOLUTE, COMPRESSED[0x00000060])

    Base Addr    Size         Type   Attr      Idx    E Section Name        Object

    0x20002000   0x00000010   Data   RW          536    .data               idea_battery.o
    0x20002010   0x00000005   Data   RW          830    .data               idea_charging.o
    0x20002015   0x00000003   PAD
    0x20002018   0x0000004e   Data   RW          943    .data               idea_communicate_protocol.o
    0x20002066   0x00000002   PAD
    0x20002068   0x00000018   Data   RW         1170    .data               idea_data_manager.o
    0x20002080   0x00000018   Data   RW         1576    .data               idea_input_event_source.o
    0x20002098   0x0000000d   Data   RW         1673    .data               idea_led_flash.o
    0x200020a5   0x00000003   PAD
    0x200020a8   0x0000000c   Data   RW         1751    .data               idea_level_drive_motor.o
    0x200020b4   0x00000001   Data   RW         1859    .data               idea_lis3dh_driver.o
    0x200020b5   0x00000002   Data   RW         2397    .data               idea_private_bond.o
    0x200020b7   0x00000001   PAD
    0x200020b8   0x00000018   Data   RW         2539    .data               idea_spi_master.o
    0x200020d0   0x00000058   Data   RW         2697    .data               idea_step_counter.o
    0x20002128   0x00000024   Data   RW         2899    .data               idea_switch_sleep.o
    0x2000214c   0x00000045   Data   RW         3064    .data               idea_sync_data.o
    0x20002191   0x00000003   PAD
    0x20002194   0x0000001c   Data   RW         3340    .data               idea_wall_clock_timer.o
    0x200021b0   0x0000000e   Data   RW         3680    .data               idea_event.o
    0x200021be   0x00000009   Data   RW         3719    .data               idea_ui_menu.o
    0x200021c7   0x00000002   Data   RW         3791    .data               idea_display.o
    0x200021c9   0x00000003   PAD
    0x200021cc   0x00000024   Data   RW         4110    .data               ble_advertising.o
    0x200021f0   0x0000000c   Data   RW         4301    .data               ble_debug_assert_handler.o
    0x200021fc   0x0000000c   Data   RW         4391    .data               ble_radio_notification.o
    0x20002208   0x0000002c   Data   RW         4898    .data               pstorage.o
    0x20002234   0x00000014   Data   RW         5185    .data               ble_flash.o
    0x20002248   0x00000018   Data   RW         5309    .data               app_button.o
    0x20002260   0x0000002a   Data   RW         5456    .data               app_timer.o
    0x2000228a   0x00000002   PAD
    0x2000228c   0x0000000e   Data   RW         5668    .data               app_scheduler.o
    0x2000229a   0x00000002   PAD
    0x2000229c   0x00000018   Data   RW         5790    .data               softdevice_handler.o
    0x200022b4   0x00000004   Data   RW         5853    .data               system_nrf51.o
    0x200022b8   0x00000028   Data   RW         5898    .data               AlgorithmLibFornrf51.lib(click-algorithm.o)
    0x200022e0   0x0000002c   Data   RW         5903    .data               AlgorithmLibFornrf51.lib(health-algorithm-inner.o)
    0x2000230c   0x00000004   PAD
    0x20002310   0x00000020   Data   RW         5910    .data               AlgorithmLibFornrf51.lib(distance-calculate.o)
    0x20002330   0x00000030   Data   RW         5914    .data               AlgorithmLibFornrf51.lib(sleep-detect-algorithm.o)
    0x20002360   0x00000060   Data   RW         5918    .data               AlgorithmLibFornrf51.lib(distance-step.o)
    0x200023c0   0x000007fc   Zero   RW           44    .bss                main.o
    0x20002bbc   0x00000018   Zero   RW          534    .bss                idea_battery.o
    0x20002bd4   0x0000000c   Zero   RW          653    .bss                idea_ble_nus.o
    0x20002be0   0x0000013c   Zero   RW          941    .bss                idea_communicate_protocol.o
    0x20002d1c   0x00000004   PAD
    0x20002d20   0x00000040   Zero   RW         1169    .bss                idea_data_manager.o
    0x20002d60   0x000000c0   Zero   RW         1507    .bss                idea_hal_acc.o
    0x20002e20   0x00000204   Zero   RW         2476    .bss                idea_spi_flash.o
    0x20003024   0x0000005c   Zero   RW         2898    .bss                idea_switch_sleep.o
    0x20003080   0x00000080   Zero   RW         3063    .bss                idea_sync_data.o
    0x20003100   0x0000000b   Zero   RW         3718    .bss                idea_ui_menu.o
    0x2000310b   0x00000001   PAD
    0x2000310c   0x000000ff   Zero   RW         4109    .bss                ble_advertising.o
    0x2000320b   0x00000001   PAD
    0x2000320c   0x00000054   Zero   RW         4638    .bss                nrf_drv_gpiote.o
    0x20003260   0x000000d8   Zero   RW         4896    .bss                pstorage.o
    0x20003338   0x00000168   Zero   RW         5894    .bss                AlgorithmLibFornrf51.lib(click-algorithm.o)
    0x200034a0   0x0000000a   Zero   RW         5906    .bss                AlgorithmLibFornrf51.lib(distance-calculate.o)
    0x200034aa   0x0000000a   Zero   RW         5907    .bss                AlgorithmLibFornrf51.lib(distance-calculate.o)
    0x200034b4   0x00000014   Zero   RW         5908    .bss                AlgorithmLibFornrf51.lib(distance-calculate.o)
    0x200034c8   0x000001f4   Zero   RW         5909    .bss                AlgorithmLibFornrf51.lib(distance-calculate.o)
    0x200036bc   0x00000004   PAD
    0x200036c0   0x000000e0   Zero   RW         5913    .bss                AlgorithmLibFornrf51.lib(sleep-detect-algorithm.o)
    0x200037a0   0x00000014   Zero   RW         5917    .bss                AlgorithmLibFornrf51.lib(distance-step.o)
    0x200037b4   0x00000060   Zero   RW         6172    .bss                c_p.l(libspace.o)
    0x20003814   0x00000004   PAD
    0x20003818   0x00000000   Zero   RW         5840    HEAP                arm_startup_nrf51.o
    0x20003818   0x00000400   Zero   RW         5839    STACK               arm_startup_nrf51.o


==============================================================================

Image component sizes


      Code (inc. data)   RO Data    RW Data    ZI Data      Debug   Object Name

       120         68          0         24          0       1892   app_button.o
        56          8          0          0          0       1356   app_error.o
       630         82          0         14          0      13459   app_scheduler.o
      2962        328          0         42          0      36741   app_timer.o
        80         32        192          0       1024        784   arm_startup_nrf51.o
      1448          4          0          0          0      15798   ble_advdata.o
       764         50          0         36        255       6101   ble_advertising.o
       620         32          0         12          0       4793   ble_debug_assert_handler.o
       512         36          0         20          0       8571   ble_flash.o
        56         16          0         12          0       1676   ble_radio_notification.o
       886        128         40         16         24      17899   idea_battery.o
       136         16          0          0         12       2726   idea_ble_nus.o
       374         24          0          5          0       8533   idea_charging.o
      1210         84         72         78        316      15195   idea_communicate_protocol.o
        48          4        512          0          0       1729   idea_crc16.o
       364         76          0         24         64       7038   idea_data_manager.o
      3828         62          0          2          0       6187   idea_display.o
        12          6          0         14          0       1726   idea_event.o
       380         28          0          0          0       9453   idea_factory_test.o
       510         68          0          0        192       4252   idea_hal_acc.o
       166          6          0         24          0       4820   idea_input_event_source.o
       530         20          0          0          0       3369   idea_interaction.o
      1032        212        116         13          0      12566   idea_led_flash.o
       270         56         48         12          0       8226   idea_level_drive_motor.o
      1496         64         65          1          0      11030   idea_lis3dh_driver.o
       356         16          0          0          0        767   idea_menu_display.o
      1024         26       2663          0          0      15705   idea_oled.o
       140         30          0          2          0       4438   idea_private_bond.o
         0          0       2048          0        516       2181   idea_spi_flash.o
       622         46          0         24          0       9182   idea_spi_master.o
      1332        364          0         88          0      15358   idea_step_counter.o
       752         20          0          0          0      13937   idea_sw_flash.o
      1328        150          0         36         92      11755   idea_switch_sleep.o
      4540        364          0         69        128      32107   idea_sync_data.o
       672         52          0          9         11       5784   idea_ui_menu.o
       716         42          0         28          0       6726   idea_wall_clock_timer.o
        44         16          0          0          0       1075   idea_wdt.o
      2246        134          0          0       2044     124206   main.o
        58          4          0          0          0       1727   nrf_delay.o
         0          0          0          0          0        760   nrf_drv_common.o
       872         72         65          0         84      18085   nrf_drv_gpiote.o
        48          8          0         44        216       7709   pstorage.o
       244         26          0         24          0       3141   softdevice_handler.o
       348         38          0          4          0       2695   system_nrf51.o

    ----------------------------------------------------------------------
     33890       2918       5860        696       4984     483258   Object Totals
         0          0         32          0          0          0   (incl. Generated)
        58          0          7         19          6          0   (incl. Padding)

    ----------------------------------------------------------------------

      Code (inc. data)   RO Data    RW Data    ZI Data      Debug   Library Member Name

      1256        318        240         40        360        548   click-algorithm.o
       548        212          0         32        540        224   distance-calculate.o
      1832         92          0         96         20        344   distance-step.o
      1056         80          0          0          0        136   distance-steplength.o
       244          6          0         44          0        296   health-algorithm-inner.o
      1528         48          0         48        224       1192   sleep-detect-algorithm.o
        44          4          0          0          0         84   __2sprintf.o
        86          0          0          0          0          0   __dczerorl2.o
         8          0          0          0          0         68   __main.o
       392          6         17          0          0         76   __printf_flags_ss_wp.o
        14          0          0          0          0         60   __printf_wp.o
         0          0          0          0          0          0   __rtentry.o
        12          0          0          0          0          0   __rtentry2.o
         6          0          0          0          0          0   __rtentry4.o
        60          8          0          0          0          0   __scatter.o
        28          0          0          0          0          0   __scatter_zi.o
        48          6          0          0          0         88   _printf_char_common.o
       152          4         40          0          0        148   _printf_hex_int_ll_ptr.o
       176          0          0          0          0         84   _printf_intcommon.o
         2          0          0          0          0          0   _printf_percent.o
         4          0          0          0          0          0   _printf_percent_end.o
        10          0          0          0          0          0   _printf_x.o
        10          0          0          0          0         60   _sputc.o
       346          0          0          0          0         92   aeabi_sdiv.o
        16          0          0          0          0         68   exit.o
         6          0          0          0          0        136   heapauxi.o
         0          0          0          0          0          0   indicate_semi.o
         2          0          0          0          0          0   libinit.o
         2          0          0          0          0          0   libinit2.o
         2          0          0          0          0          0   libshutdown.o
         2          0          0          0          0          0   libshutdown2.o
         8          4          0          0         96         68   libspace.o
        48          0          0          0          0         72   llmul.o
       112          0          0          0          0         72   llsdiv.o
       258          0          0          0          0         88   lludiv.o
        64          0          0          0          0        108   rt_memclr.o
       186          0          0          0          0        144   rt_memcpy.o
         2          0          0          0          0          0   rtexit.o
        10          0          0          0          0          0   rtexit2.o
        12          4          0          0          0         60   sys_exit.o
        62          0          0          0          0         80   sys_stackheap_outer.o
         2          0          0          0          0         68   use_no_semi.o
        46          0          0          0          0         60   cmpret.o
       348          8          0          0          0        160   faddsub.o
       100          4          0          0          0         68   fcmpin.o
       352         10         64          0          0         92   fdiv.o
        48          0          0          0          0         60   ffixui.o
        94          0          0          0          0         92   fflti.o
        16          6          0          0          0         68   fnan2.o
        88          4          0          0          0         76   frlef.o
        94          0          0          0          0         68   retnan.o
         0          0          0          0          0          0   usenofp.o

    ----------------------------------------------------------------------
      9850        824        364        264       1248       5208   Library Totals
         8          0          3          4          8          0   (incl. Padding)

    ----------------------------------------------------------------------

      Code (inc. data)   RO Data    RW Data    ZI Data      Debug   Library Name

      6464        756        240        260       1144       2740   AlgorithmLibFornrf51.lib
      2192         36         57          0         96       1724   c_p.l
      1186         32         64          0          0        744   fz_ps.l

    ----------------------------------------------------------------------
      9850        824        364        264       1248       5208   Library Totals

    ----------------------------------------------------------------------

==============================================================================


      Code (inc. data)   RO Data    RW Data    ZI Data      Debug   

     43740       3742       6224        960       6232     472130   Grand Totals
     43740       3742       6224         96       6232     472130   ELF Image Totals (compressed)
     43740       3742       6224         96          0          0   ROM Totals

==============================================================================

    Total RO  Size (Code + RO Data)                49964 (  48.79kB)
    Total RW  Size (RW Data + ZI Data)              7192 (   7.02kB)
    Total ROM Size (Code + RO Data + RW Data)      50060 (  48.89kB)

==============================================================================

